arizona.c:2974:12:arizona_get_sysclk_setting	0	static
arizona.c:3003:12:clearwater_get_sysclk_setting	0	static
arizona.c:4275:12:arizona_is_enabled_fll	48	static
arizona.c:3190:12:arizona_set_fmt	48	static
arizona.c:310:12:arizona_spk_ev	64	static
arizona.c:2925:12:arizona_set_opclk	48	static
arizona.c:3906:12:arizona_set_tristate	16	static
arizona.c:3469:13:arizona_wm5102_set_dac_comp	80	static
arizona.c:3429:12:arizona_startup	16	static
arizona.c:3841:12:arizona_dai_set_sysclk	112	static
arizona.c:4162:12:arizona_calc_fll	96	static
arizona.c:4839:13:arizona_filter_unstable	0	static
arizona.c:4038:12:arizona_validate_fll.isra.5	16	static
arizona.c:2532:12:florida_set_dre.isra.15	64	static
arizona.c:3921:13:arizona_set_channels_to_mask	80	static
arizona.c:3944:12:arizona_set_tdm_slot	80	static
arizona.c:4291:12:arizona_wait_for_fll.isra.18	96	static
arizona.c:4230:13:arizona_apply_fll.isra.21	96	static
arizona.c:4326:12:arizona_enable_fll	96	static
arizona.c:4791:12:arizona_set_force_bypass.isra.22	80	static
arizona.c:355:20:arizona_thermal_warn	48	static
arizona.c:368:20:arizona_thermal_shutdown	48	static
arizona.c:205:5:arizona_cache_and_clear_sources	80	static
arizona.c:240:6:clearwater_spin_sysclk	64	static
arizona.c:250:5:arizona_restore_sources	80	static
arizona.c:3500:12:arizona_hw_params_rate	128	static
arizona.c:3704:12:arizona_hw_params	128	static
arizona.c:400:5:arizona_init_spk	48	static
arizona.c:444:5:arizona_mux_info	16	static
arizona.c:460:5:arizona_mux_get	0	static
arizona.c:468:5:arizona_mux_put	96	static
arizona.c:499:5:arizona_mux_event	80	static
arizona.c:528:5:arizona_adsp_power_ev	64	static
arizona.c:554:5:arizona_init_mono	32	static
arizona.c:624:5:arizona_init_input	176	static
arizona.c:676:5:arizona_init_gpio	64	static
arizona.c:1902:5:arizona_get_anc_input	80	static
arizona.c:1925:5:arizona_put_anc_input	96	static
arizona.c:2061:5:arizona_ip_mode_put	48	static
arizona.c:2099:5:moon_in_rate_put	48	static
arizona.c:2120:5:moon_dfc_put	48	static
arizona.c:2141:5:moon_osr_put	48	static
arizona.c:2156:5:moon_lp_mode_put	64	static
arizona.c:2230:5:arizona_in_ev	80	static
arizona.c:2591:5:florida_put_dre	64	static
arizona.c:2607:5:clearwater_put_dre	48	static
arizona.c:2618:5:arizona_put_out4_edre	64	static
arizona.c:2663:5:arizona_out_ev	32	static
arizona.c:2742:5:arizona_hp_ev	96	static
arizona.c:2793:5:florida_hp_ev	48	static
arizona.c:2815:5:clearwater_hp_ev	32	static
arizona.c:2838:5:moon_hp_ev	32	static
arizona.c:2861:5:moon_analog_ev	32	static
arizona.c:2884:5:arizona_anc_ev	16	static
arizona.c:3045:5:arizona_set_sysclk	80	static
arizona.c:3393:5:arizona_put_sample_rate_enum	48	static
arizona.c:3991:5:arizona_init_dai	0	static
arizona.c:4434:5:arizona_set_fll_refclk	48	static
arizona.c:4459:5:arizona_set_fll	80	static
arizona.c:4582:5:arizona_set_fll_ao	160	static
arizona.c:4660:5:arizona_init_fll	64	static
arizona.c:4716:5:arizona_set_output_mode	16	static
arizona.c:4734:5:arizona_set_hpdet_cb	0	static
arizona.c:4742:5:arizona_set_micd_cb	0	static
arizona.c:4750:5:arizona_set_ez2ctrl_cb	0	static
arizona.c:4758:5:arizona_set_custom_jd	0	static
arizona.c:4766:16:arizona_get_regmap_dsp	0	static
arizona.c:4785:1:arizona_get_extcon_info	0	static
arizona.c:4829:5:arizona_enable_force_bypass	16	static
arizona.c:4834:5:arizona_disable_force_bypass	16	static
arizona.c:4851:5:arizona_eq_coeff_put	96	static
