wm_adsp.c:586:12:wm_adsp_fw_get	0	static
wm_adsp.c:598:12:wm_adsp_fw_put	0	static
wm_adsp.c:814:12:wm_coeff_info	0	static
wm_adsp.c:643:12:wm_adsp2v2_rate_put	48	static
wm_adsp.c:619:12:wm_adsp2v2_rate_get	64	static
wm_adsp.c:248:13:wm_adsp_buf_free	32	static
wm_adsp.c:1783:35:wm_adsp_create_region	64	static
wm_adsp.c:228:28:wm_adsp_buf_alloc	48	static
wm_adsp.c:1188:12:wm_adsp_create_control	192	static
wm_adsp.c:3655:16:wm_adsp_debugfs_running_read	32	static
wm_adsp.c:1047:13:wm_adsp_ctl_work	48	static
wm_adsp.c:1739:14:wm_adsp_read_algs.part.6	64	static
wm_adsp.c:792:21:wm_adsp_region_to_reg	32	static
wm_adsp.c:824:12:wm_coeff_write_control.isra.8	64	static
wm_adsp.c:863:12:wm_coeff_put	48	static
wm_adsp.c:1024:12:wm_coeff_sync_controls	48	static
wm_adsp.c:928:12:wm_coeff_get	80	static
wm_adsp.c:3027:12:wm_adsp_read_data_block	48	static
wm_adsp.c:2050:12:wm_adsp_load_coeff	192	static
wm_adsp.c:3698:16:wm_adsp_debugfs_fwver_read	64	static
wm_adsp.c:3678:16:wm_adsp_debugfs_bin_read	64	static
wm_adsp.c:3059:12:wm_adsp_write_data_word.constprop	48	static
wm_adsp.c:3372:12:wm_adsp_stream_capture	112	static
wm_adsp.c:3688:16:wm_adsp_debugfs_fwid_read	64	static
wm_adsp.c:1357:12:wm_adsp_parse_coeff	176	static
wm_adsp.c:1396:12:wm_adsp_load	208	static
wm_adsp.c:2462:13:wm_adsp2_boot_work	176	static
wm_adsp.c:3668:16:wm_adsp_debugfs_wmfw_read	64	static
wm_adsp.c:2261:5:wm_adsp1_init	0	static
wm_adsp.c:2298:5:wm_adsp1_event	160	static
wm_adsp.c:2568:5:wm_adsp2_early_event	48	static
wm_adsp.c:2911:5:wm_adsp2_init	144	static
wm_adsp.c:2959:6:wm_adsp_compress_supported	0	static
wm_adsp.c:2977:6:wm_adsp_format_supported	0	static
wm_adsp.c:3011:6:wm_adsp_get_caps	0	static
wm_adsp.c:3240:5:wm_adsp_stream_alloc	32	static
wm_adsp.c:3301:5:wm_adsp_stream_free	32	static
wm_adsp.c:3318:5:wm_adsp_stream_start	128	static
wm_adsp.c:3420:5:wm_adsp_stream_handle_irq	48	static
wm_adsp.c:3446:5:wm_adsp_stream_read	64	static
wm_adsp.c:3499:5:wm_adsp_stream_avail	0	static
wm_adsp.c:3508:5:wm_adsp2_lock	80	static
wm_adsp.c:2643:5:wm_adsp2_event	64	static
wm_adsp.c:3544:13:wm_adsp2_bus_error	48	static
wm_adsp.c:3749:6:wm_adsp_init_debugfs	48	static
wm_adsp.c:3788:6:wm_adsp_cleanup_debugfs	16	static
