mtk_wdt.c:863:20:mtk_wdt_exit	0	static
mtk_wdt.c:842:19:mtk_wdt_init	32	static
mtk_wdt.c:728:12:mtk_wdt_remove	16	static
mtk_wdt.c:604:20:mtk_wdt_isr	96	static
mtk_wdt.c:867:19:mtk_wdt_get_base_addr	32	static
mtk_wdt.c:97:6:mtk_wdt_set_time_out_value	48	static
mtk_wdt.c:125:6:mtk_wdt_mode_config	80	static
mtk_wdt.c:192:5:mtk_wdt_enable	48	static
mtk_wdt.c:236:6:mtk_wdt_confirm_hwreboot	16	static
mtk_wdt.c:245:6:mtk_wdt_restart	48	static
mtk_wdt.c:738:13:mtk_wdt_shutdown	32	static
mtk_wdt.c:621:12:mtk_wdt_probe	48	static
mtk_wdt.c:282:6:wdt_dump_reg	32	static
mtk_wdt.c:300:6:aee_wdt_dump_reg	0	static
mtk_wdt.c:319:6:wdt_arch_reset	48	static
mtk_wdt.c:368:5:mtk_rgu_dram_reserved	32	static
mtk_wdt.c:390:5:mtk_wdt_swsysret_config	80	static
mtk_wdt.c:420:5:mtk_wdt_request_en_set	64	static
mtk_wdt.c:452:5:mtk_wdt_request_mode_set	64	static
mtk_wdt.c:488:6:mtk_wdt_set_c2k_sysrst	48	static
mtk_wdt.c:517:6:mtk_wdt_cpu_callback	16	static
mtk_wdt.c:751:6:mtk_wd_suspend	16	static
mtk_wdt.c:763:6:mtk_wd_resume	48	static
