ccci_core.c:321:16:ccci_md_attr_show	16	static
ccci_core.c:332:16:ccci_md_attr_store	16	static
ccci_core.c:39:5:boot_md_show	80	static
ccci_core.c:52:5:boot_md_store	64	static
ccci_core.c:140:13:ccci_dump_log_rec	32	static
ccci_core.c:359:19:ccci_init	32	static
ccci_core.c:314:13:ccci_md_obj_release	16	static
ccci_core.c:32:15:ccci_get_md_boot_count	0	static
ccci_core.c:64:7:ccci_get_ap_platform	0	static
ccci_core.c:73:5:ccci_port_recv_request	80	static
ccci_core.c:159:6:ccci_dump_log_add	64	static
ccci_core.c:181:6:ccci_dump_log_history	96	static
ccci_core.c:216:6:ccci_config_modem	64	static
ccci_core.c:373:20:ccci_allocate_modem	32	static
ccci_core.c:420:5:ccci_register_modem	32	static
ccci_core.c:440:20:ccci_get_modem_by_id	0	static
ccci_core.c:451:5:ccci_get_modem_state	0	static
ccci_core.c:557:5:aee_dump_ccci_debug_info	0	static
ccci_core.c:578:19:ccci_get_port_for_node	16	static
ccci_core.c:592:5:ccci_register_dev_node	16	static
ccci_core.c:610:5:ccci_send_msg_to_md	80	static
ccci_core.c:649:5:ccci_send_virtual_md_msg	80	static
ccci_core.c:462:5:exec_ccci_kern_func_by_md_id	80	static
ccci_core.c:694:12:switch_Tx_Power	64	static
ccci_core.c:710:5:switch_MD1_Tx_Power	16	static
ccci_core.c:716:5:switch_MD2_Tx_Power	16	static
ccci_core.c:723:5:register_smem_sub_region_mem_func	32	static
ccci_core.c:749:15:get_smem_start_addr	32	static
