modem_cldma.c:2492:12:md_cd_write_room	0	static
modem_cldma.c:2854:26:md_cd_get_port_by_minor	0	static
modem_cldma.c:2867:26:md_cd_get_port_by_channel	0	static
modem_cldma.c:3533:16:md_cd_parameter_store	0	static
modem_cldma_events.h:192:1:ftrace_define_fields_ccci_skb_rx	16	static
modem_cldma_events.h:78:1:perf_trace_cldma_irq	368	static
modem_cldma_events.h:86:1:perf_trace_cldma_rx	400	static
modem_cldma_events.h:110:1:perf_trace_cldma_rx_done	400	static
modem_cldma_events.h:135:1:perf_trace_cldma_tx	400	static
modem_cldma_events.h:162:1:perf_trace_cldma_tx_done	368	static
modem_cldma_events.h:178:1:perf_trace_cldma_error	384	static
modem_cldma_events.h:78:1:ftrace_raw_event_cldma_irq	96	static
modem_cldma_events.h:86:1:ftrace_raw_event_cldma_rx	144	static
modem_cldma_events.h:110:1:ftrace_raw_event_cldma_rx_done	144	static
modem_cldma_events.h:135:1:ftrace_raw_event_cldma_tx	144	static
modem_cldma_events.h:162:1:ftrace_raw_event_cldma_tx_done	112	static
modem_cldma_events.h:178:1:ftrace_raw_event_cldma_error	112	static
modem_cldma_events.h:78:1:ftrace_raw_output_cldma_irq	32	static
modem_cldma_events.h:86:1:ftrace_raw_output_cldma_rx	48	static
modem_cldma_events.h:110:1:ftrace_raw_output_cldma_rx_done	48	static
modem_cldma_events.h:135:1:ftrace_raw_output_cldma_tx	48	static
modem_cldma_events.h:162:1:ftrace_raw_output_cldma_tx_done	32	static
modem_cldma_events.h:178:1:ftrace_raw_output_cldma_error	32	static
modem_cldma_events.h:192:1:ftrace_raw_output_ccci_skb_rx	48	static
modem_cldma_events.h:192:1:perf_trace_ccci_skb_rx	352	static
modem_cldma_events.h:192:1:ftrace_raw_event_ccci_skb_rx	96	static
modem_cldma.c:152:6:md_cd_traffic_monitor_func	288	static
modem_cldma.c:1061:13:cldma_queue_switch_ring	16	static
modem_cldma.c:108:13:cldma_dump_gpd_queue	112	static
modem_cldma.c:1849:6:md_cd_ap2md_bus_timeout_timer_func	32	static
modem_cldma.c:2795:12:md_cd_give_more	48	static
modem_cldma.c:3837:19:modem_cd_init	32	static
modem_cldma.c:3538:16:md_cd_rxd_show	16	static
modem_cldma.c:3521:16:md_cd_parameter_show	32	static
modem_cldma.c:1756:13:md_cd_wdt_work	64	static
modem_cldma.c:1870:12:md_cd_ccif_send	48	static
modem_cldma.c:1149:13:cldma_irq_work_cb	176	static
modem_cldma.c:1284:13:cldma_irq_work	16	static
modem_cldma.c:1267:20:cldma_isr	32	static
modem_cldma.c:3212:12:md_cd_force_assert	48	static
modem_cldma.c:664:13:cldma_rx_refill	80	static
modem_cldma.c:694:13:cldma_rx_done	128	static
modem_cldma.c:1633:12:md_cd_stop_queue	112	static
modem_cldma.c:1665:12:md_cd_start_queue	80	static
modem_cldma.c:361:12:cldma_gpd_rx_collect	224	static
modem_cldma.c:2566:12:cldma_gpd_handle_tx_request	80	static
modem_cldma.c:2502:12:cldma_gpd_bd_handle_tx_request	144	static
modem_cldma.c:1557:13:md_cd_clear_all_queue	80	static
modem_cldma.c:310:12:cldma_gpd_rx_refill	128	static
modem_cldma.c:509:12:cldma_gpd_net_rx_collect	160	static
modem_cldma.c:240:13:cldma_dump_queue_history	64	static
modem_cldma.c:3272:12:md_cd_dump_info	128	static
modem_cldma.c:3473:16:md_cd_filter_show	64	static
modem_cldma.c:3421:16:md_cd_control_show	0	static
modem_cldma.c:3393:16:md_cd_dump_show	0	static
modem_cldma.c:3048:12:md_cd_send_runtime_data	160	static
modem_cldma.c:2807:12:md_cd_napi_poll	112	static
modem_cldma.c:2407:12:md_cd_stop	128	static
modem_cldma.c:908:13:cldma_tx_done	96	static
modem_cldma.c:613:12:cldma_net_rx_push_thread	176	static
modem_cldma.c:2098:12:md_cd_init	128	static
modem_cldma.c:1000:13:cldma_tx_ring_init	112	static
modem_cldma.c:964:13:cldma_rx_ring_init	96	static
modem_cldma.c:3546:16:md_cd_rxd_store	32	static
modem_cldma.c:3429:16:md_cd_control_store	144	static
modem_cldma.c:3401:16:md_cd_dump_store	48	static
modem_cldma.c:3497:16:md_cd_filter_store	80	static
modem_cldma.c:3601:12:ccci_modem_probe	144	static
modem_cldma_events.h:78:1:ftrace_define_fields_cldma_irq	32	static
modem_cldma_events.h:86:1:ftrace_define_fields_cldma_rx	32	static
modem_cldma_events.h:110:1:ftrace_define_fields_cldma_rx_done	32	static
modem_cldma_events.h:135:1:ftrace_define_fields_cldma_tx	32	static
modem_cldma_events.h:162:1:ftrace_define_fields_cldma_tx_done	32	static
modem_cldma_events.h:178:1:ftrace_define_fields_cldma_error	32	static
modem_cldma.c:1957:13:polling_ready.isra.25	64	static
modem_cldma.c:2060:12:md_cd_broadcast_state	48	static
modem_cldma.c:265:12:cldma_queue_broadcast_state.constprop	64	static
modem_cldma.c:2605:12:md_cd_send_request	272	static
modem_cldma.c:770:12:cldma_gpd_bd_tx_collect	144	static
modem_cldma.c:834:12:cldma_gpd_tx_collect	144	static
modem_cldma.c:1967:13:md_cd_ccif_work	192	static
modem_cldma.c:1709:6:ccif_enable_irq	32	static
modem_cldma.c:1720:6:ccif_disable_irq	32	static
modem_cldma.c:2144:13:md_ccif_irq_tasklet	32	static
modem_cldma.c:1818:20:md_cd_wdt_isr	32	static
modem_cldma.c:1731:6:wdt_enable_irq	32	static
modem_cldma.c:2152:12:md_cd_start	144	static
modem_cldma.c:1742:6:wdt_disable_irq	32	static
modem_cldma.c:3363:12:md_cd_ee_callback	48	static
modem_cldma.c:2366:12:md_cd_reset	32	static
modem_cldma.c:1996:20:md_cd_ccif_isr	48	static
