port_kernel.c:2016:5:port_kernel_req_match	16	static
port_kernel.c:1973:5:port_kernel_init	32	static
port_kernel.c:2130:13:ccci_aed	80	static
port_kernel.c:2749:13:ccci_ee_info_dump	240	static
port_kernel.c:759:12:get_md_gpio_info	112	static
port_kernel.c:743:12:get_md_adc_info	32	static
port_kernel.c:711:12:get_md_adc_val	64	static
port_kernel.c:1981:5:port_kernel_recv_req	64	static
port_kernel.c:3333:12:swtp_send_tx_power_mode	48	static
port_kernel.c:3378:20:swtp_irq_func	48	static
port_kernel.c:3412:5:swtp_md_tx_power_req_hdlr	16	static
port_kernel.c:3400:13:swtp_tx_work	16	static
port_kernel.c:2058:13:port_kernel_md_state_notice	32	static
port_kernel.c:231:12:prepare_runtime_data.isra.5	304	static
port_kernel.c:1864:13:status_msg_handler.isra.6	48	static
port_kernel.c:594:5:register_ccci_sys_call_back	16	static
port_kernel.c:623:6:exec_ccci_sys_call_back	16	static
port_kernel.c:899:6:get_dtsi_eint_node	144	static
port_kernel.c:927:5:get_eint_attr_DTSVal	96	static
port_kernel.c:1093:13:ccci_rpc_work_helper	176	static
port_kernel.c:1777:13:rpc_msg_handler	208	static
port_kernel.c:1923:12:port_kernel_thread	160	static
port_kernel.c:2086:6:ccci_md_exception_notify	48	static
port_kernel.c:1878:6:md_status_poller_func	48	static
port_kernel.c:1907:6:md_status_timeout_func	32	static
port_kernel.c:3110:6:md_ex_monitor_func	48	static
port_kernel.c:3213:6:md_ex_monitor2_func	64	static
port_kernel.c:3255:6:md_bootup_timeout_func	288	static
port_kernel.c:3407:6:ccci_swtp_test	16	static
port_kernel.c:3466:6:ccci_subsys_kernel_init	64	static
