runtime.c:164:12:dev_memalloc_noio	0	static
runtime.c:1056:13:__pm_runtime_barrier	96	static
runtime.c:37:14:rpm_get_suspend_cb	0	static
runtime.c:42:14:rpm_get_resume_cb	0	static
runtime.c:238:12:rpm_check_suspend_allowed	32	static
runtime.c:129:15:pm_runtime_autosuspend_expiration.part.5	48	static
runtime.c:368:12:rpm_callback	48	static
runtime.c:67:6:update_pm_runtime_accounting	0	static
runtime.c:129:15:pm_runtime_autosuspend_expiration	48	static
runtime.c:197:6:pm_runtime_set_memalloc_noio	64	static
runtime.c:886:5:__pm_runtime_idle	64	static
runtime.c:599:12:rpm_resume	144	static
runtime.c:419:12:rpm_suspend	144	static
runtime.c:303:12:rpm_idle	80	static
runtime.c:819:13:pm_suspend_timer_fn	48	static
runtime.c:843:5:pm_schedule_suspend	64	static
runtime.c:1291:13:update_autosuspend	16	static
runtime.c:778:13:pm_runtime_work	32	static
runtime.c:918:5:__pm_runtime_suspend	64	static
runtime.c:949:5:__pm_runtime_resume	64	static
runtime.c:984:5:__pm_runtime_set_status	80	static
runtime.c:1107:5:pm_runtime_barrier	48	static
runtime.c:1143:6:__pm_runtime_disable	48	static
runtime.c:1182:6:pm_runtime_enable	48	static
runtime.c:1205:6:pm_runtime_forbid	32	static
runtime.c:1226:6:pm_runtime_allow	32	static
runtime.c:1249:6:pm_runtime_no_callbacks	32	static
runtime.c:1270:6:pm_runtime_irq_safe	48	static
runtime.c:1326:6:pm_runtime_set_autosuspend_delay	48	static
runtime.c:1347:6:__pm_runtime_use_autosuspend	48	static
runtime.c:1364:6:pm_runtime_init	32	static
runtime.c:1395:6:pm_runtime_remove	48	static
runtime.c:1419:5:pm_runtime_force_suspend	48	static
runtime.c:1465:5:pm_runtime_force_resume	48	static
