sysfs.c:260:16:pm_qos_latency_tolerance_store	64	static
sysfs.c:340:1:wake_show	16	static
sysfs.c:190:16:autosuspend_delay_ms_show	16	static
sysfs.c:102:16:control_show	16	static
sysfs.c:158:16:rtpm_status_show	16	static
sysfs.c:218:16:pm_qos_resume_latency_show	16	static
sysfs.c:307:16:pm_qos_remote_wakeup_show	16	static
sysfs.c:280:16:pm_qos_no_power_off_show	16	static
sysfs.c:512:16:wakeup_prevent_sleep_time_show	64	static
sysfs.c:494:16:wakeup_last_time_show	64	static
sysfs.c:477:16:wakeup_max_time_show	64	static
sysfs.c:460:16:wakeup_total_time_show	64	static
sysfs.c:443:16:wakeup_active_show	64	static
sysfs.c:425:16:wakeup_expire_count_show	64	static
sysfs.c:407:16:wakeup_abort_count_show	64	static
sysfs.c:390:16:wakeup_active_count_show	64	static
sysfs.c:373:16:wakeup_count_show	64	static
sysfs.c:348:1:wake_store	48	static
sysfs.c:198:16:autosuspend_delay_ms_store	64	static
sysfs.c:131:16:rtpm_active_time_show	48	static
sysfs.c:144:16:rtpm_suspended_time_show	48	static
sysfs.c:109:16:control_store	64	static
sysfs.c:225:16:pm_qos_resume_latency_store	48	static
sysfs.c:315:16:pm_qos_remote_wakeup_store	48	static
sysfs.c:288:16:pm_qos_no_power_off_store	48	static
sysfs.c:246:16:pm_qos_latency_tolerance_show	32	static
sysfs.c:693:5:dpm_sysfs_add	48	static
sysfs.c:728:5:wakeup_sysfs_add	16	static
sysfs.c:733:6:wakeup_sysfs_remove	16	static
sysfs.c:738:5:pm_qos_sysfs_add_resume_latency	16	static
sysfs.c:743:6:pm_qos_sysfs_remove_resume_latency	16	static
sysfs.c:748:5:pm_qos_sysfs_add_flags	16	static
sysfs.c:753:6:pm_qos_sysfs_remove_flags	16	static
sysfs.c:758:6:rpm_sysfs_remove	16	static
sysfs.c:763:6:dpm_sysfs_remove	48	static
