wlan_lib.c:1950:6:wlanReturnPacketDelaySetupTimeout	96	static
wlan_lib.c:3328:1:nicTxSecFrameTxDone	48	static
wlan_lib.c:3444:6:wlanSecurityFrameTxDone	48	static
wlan_lib.c:3485:6:wlanSecurityFrameTxTimeout	32	static
wlan_lib.c:172:9:wlanIsHandlerNeedHwAccess	0	static
wlan_lib.c:207:6:wlanCardEjected	32	static
wlan_lib.c:229:13:wlanAdapterCreate	48	static
wlan_lib.c:262:6:wlanAdapterDestroy	16	static
wlan_lib.c:1010:6:wlanISR	32	static
wlan_lib.c:1032:6:wlanIST	32	static
wlan_lib.c:1259:13:wlanSendCommand	64	static
wlan_lib.c:1339:13:wlanSendCommandMthread	80	static
wlan_lib.c:1413:13:wlanTxCmdMthread	128	static
wlan_lib.c:1497:13:wlanTxCmdDoneMthread	64	static
wlan_lib.c:1623:6:wlanClearTxCommandDoneQueue	64	static
wlan_lib.c:1660:6:wlanClearDataQueue	64	static
wlan_lib.c:1693:6:wlanClearRxToOsQueue	64	static
wlan_lib.c:1728:6:wlanReleaseCommand	96	static
wlan_lib.c:1062:13:wlanProcessCommandQueue	160	static
wlan_lib.c:1540:6:wlanClearTxCommandQueue	64	static
wlan_lib.c:1577:6:wlanClearTxOidCommand	80	static
wlan_lib.c:1798:6:wlanReleasePendingOid	80	static
wlan_lib.c:1893:6:wlanReleasePendingCMDbyBssIdx	96	static
wlan_lib.c:1999:6:wlanReturnPacket	64	static
wlan_lib.c:2060:1:wlanQueryInformation	32	static
wlan_lib.c:2116:1:wlanSetInformation	32	static
wlan_lib.c:2167:9:wlanQueryWapiMode	32	static
wlan_lib.c:2185:6:wlanSetPromiscuousMode	32	static
wlan_lib.c:2202:6:wlanRxSetBroadcast	32	static
wlan_lib.c:2218:13:wlanSendNicPowerCtrlCmd	64	static
wlan_lib.c:2315:9:wlanIsHandlerAllowedInRFTest	0	static
wlan_lib.c:2463:13:wlanImageSectionDownload	64	static
wlan_lib.c:2578:1:wlanFwDwnloadHandler	64	static
wlan_lib.c:2720:13:wlanImageSectionDownloadStatus	64	static
wlan_lib.c:2356:1:wlanImageSectionConfig	80	static
wlan_lib.c:2522:1:wlanFwDvdDwnloadHandler	96	static
wlan_lib.c:2772:13:wlanConfigWifiFunc	48	static
wlan_lib.c:2851:9:wlanCRC32	1056	static
wlan_lib.c:2926:13:wlanProcessQueuedSwRfb	48	static
wlan_lib.c:2993:13:wlanProcessQueuedMsduInfo	32	static
wlan_lib.c:3015:9:wlanoidTimeoutCheck	48	static
wlan_lib.c:3053:6:wlanoidClearTimeoutCheck	32	static
wlan_lib.c:3072:13:wlanUpdateNetworkAddress	64	static
wlan_lib.c:3125:13:wlanUpdateBasicConfig	32	static
wlan_lib.c:3212:9:wlanQueryTestMode	32	static
wlan_lib.c:3219:9:wlanProcessTxFrame	64	static
wlan_lib.c:3361:9:wlanProcessSecurityFrame	144	static
wlan_lib.c:3502:6:wlanClearScanningResult	80	static
wlan_lib.c:3562:6:wlanClearBssInScanningResult	144	static
wlan_lib.c:3674:13:wlanQueryNicCapability	224	static
wlan_lib.c:3783:9:wlanGetFwIDVersion	0	static
wlan_lib.c:3929:13:wlanLoadManufactureData_5G	80	static
wlan_lib.c:4004:13:wlanLoadManufactureData.part.4	592	static
wlan_lib.c:4004:13:wlanLoadManufactureData	48	static
wlan_lib.c:4216:9:wlanResetMediaStreamMode	32	static
wlan_lib.c:4238:13:wlanTimerTimeoutCheck	32	static
wlan_lib.c:4257:13:wlanProcessMboxMessage	32	static
wlan_lib.c:4323:13:wlanFlushTxPendingPackets	32	static
wlan_lib.c:4340:13:wlanTxPendingPackets	64	static
wlan_lib.c:4398:13:wlanAcquirePowerControl	32	static
wlan_lib.c:4422:13:wlanReleasePowerControl	32	static
wlan_lib.c:4443:9:wlanGetTxPendingFrameCount	32	static
wlan_lib.c:4466:19:wlanGetAcpiState	32	static
wlan_lib.c:4484:6:wlanSetAcpiState	32	static
wlan_lib.c:4502:8:wlanGetEcoVersion	32	static
wlan_lib.c:4534:6:wlanDefTxPowerCfg	32	static
wlan_lib.c:4579:6:wlanSetPreferBandByNetwork	32	static
wlan_lib.c:4607:8:wlanGetChannelNumberByNetwork	32	static
wlan_lib.c:4630:13:wlanCheckSystemConfiguration	288	static
wlan_lib.c:4796:1:wlanoidQueryBssStatistics	32	static
wlan_lib.c:4865:6:wlanDumpBssStatistics	144	static
wlan_lib.c:4937:6:wlanDumpAllBssStatistics	32	static
wlan_lib.c:4957:1:wlanoidQueryStaStatistics	144	static
wlan_lib.c:5162:6:wlanQueryNicResourceInformation	16	static
wlan_lib.c:5206:6:wlanBindBssIdxToNetInterface	0	static
wlan_lib.c:5255:7:wlanGetNetInterfaceByBssIdx	0	static
wlan_lib.c:5271:8:wlanGetAisBssIndex	32	static
wlan_lib.c:5663:20:wlanCfgGetEntry	64	static
wlan_lib.c:5691:13:wlanCfgGet	48	static
wlan_lib.c:5482:6:wlanCfgSetSwCtrl	192	static
wlan_lib.c:5541:6:wlanCfgSetChip	496	static
wlan_lib.c:5576:6:wlanCfgSetDebugLevel	192	static
wlan_lib.c:5643:6:wlanCfgSetCountryCode	64	static
wlan_lib.c:5716:9:wlanCfgGetUint32	48	static
wlan_lib.c:5743:8:wlanCfgGetInt32	48	static
wlan_lib.c:5287:6:wlanInitFeatureOption	48	static
wlan_lib.c:288:1:wlanAdapterStart	144	static
wlan_lib.c:5769:13:wlanCfgSet	80	static
wlan_lib.c:5849:1:wlanCfgSetCb	48	static
wlan_lib.c:5873:13:wlanCfgSetUint32	64	static
wlan_lib.c:5903:8:wlanCfgFindNextToken	0	static
wlan_lib.c:6022:13:wlanCfgParseArgument	80	static
wlan_lib.c:6062:1:wlanCfgParseAddEntry	112	static
wlan_lib.c:6113:13:wlanCfgParse.part.8	160	static
wlan_lib.c:6113:13:wlanCfgParse	32	static
wlan_lib.c:6233:13:wlanCfgInit	64	static
wlan_lib.c:6271:8:wlanHexToNum	0	static
wlan_lib.c:6282:8:wlanHexToByte	0	static
wlan_lib.c:6295:8:wlanHwAddrToBin	0	static
wlan_lib.c:6318:9:wlanIsChipNoAck	16	static
wlan_lib.c:896:13:wlanAdapterStop	80	static
wlan_lib.c:6329:6:wlanTxLifetimeUpdateStaStats	32	static
wlan_lib.c:6382:9:wlanTxLifetimeIsProfilingEnabled	0	static
wlan_lib.c:6397:9:wlanTxLifetimeIsTargetMsdu	0	static
wlan_lib.c:6428:6:wlanTxLifetimeTagPacket	48	static
wlan_lib.c:6483:6:wlanTxLifetimeTagPacketQue	64	static
wlan_lib.c:6548:6:wlanTxProfilingTagPacket	16	static
wlan_lib.c:6555:6:wlanTxProfilingTagMsdu	48	static
wlan_lib.c:4281:13:wlanEnqueueTxPacket	48	static
wlan_lib.c:6607:6:wlanUpdateRxStatistics	32	static
wlan_lib.c:6619:13:wlanTriggerStatsLog	96	static
wlan_lib.c:6562:6:wlanUpdateTxStatistics	48	static
wlan_lib.c:6636:1:wlanDhcpTxDone	80	static
wlan_lib.c:6662:1:wlanArpTxDone	80	static
wlan_lib.c:6688:1:wlanIcmpTxDone	16	static
wlan_lib.c:6697:1:wlanTdlsTxDone	16	static
wlan_lib.c:6705:6:wlanReleasePendingCmdById	96	static
