wlan_oid.c:138:1:wlanoidQueryNetworkTypesSupported	80	static
wlan_oid.c:202:1:wlanoidQueryNetworkTypeInUse	48	static
wlan_oid.c:253:1:wlanoidSetNetworkTypeInUse	64	static
wlan_oid.c:331:1:wlanoidQueryBssid	64	static
wlan_oid.c:387:1:wlanoidQueryBssidList	80	static
wlan_oid.c:489:1:wlanoidSetBssidListScan	96	static
wlan_oid.c:562:1:wlanoidSetBssidListScanExt	64	static
wlan_oid.c:639:9:wlanoidGetChannelInfo	112	static
wlan_oid.c:745:1:wlanoidSetBssidListScanAdv	256	static
wlan_oid.c:857:1:wlanoidSetBssid	64	static
wlan_oid.c:961:1:wlanoidSetSsid	64	static
wlan_oid.c:1100:1:wlanoidSetConnect	128	static
wlan_oid.c:1267:1:wlanoidQuerySsid	48	static
wlan_oid.c:1327:1:wlanoidQueryInfrastructureMode	32	static
wlan_oid.c:1498:1:wlanoidQueryAuthMode	32	static
wlan_oid.c:1578:1:wlanoidSetAuthMode	32	static
wlan_oid.c:1875:1:wlanoidSetReloadDefaults	96	static
wlan_oid.c:2203:1:wlanoidSetAddKey	128	static
wlan_oid.c:2011:1:wlanoidSetAddWep	64	static
wlan_oid.c:2678:1:wlanoidSetRemoveKey	80	static
wlan_oid.c:2126:1:wlanoidSetRemoveWep	96	static
wlan_oid.c:2853:1:wlanoidQueryEncryptionStatus	32	static
wlan_oid.c:2929:1:wlanoidSetEncryptionStatus	48	static
wlan_oid.c:3017:1:wlanoidSetTest	48	static
wlan_oid.c:3085:1:wlanoidQueryCapability	32	static
wlan_oid.c:3178:1:wlanoidQueryPmkid	32	static
wlan_oid.c:3234:1:wlanoidSetPmkid	128	static
wlan_oid.c:3329:1:wlanoidQuerySupportedRates	32	static
wlan_oid.c:3381:1:wlanoidQueryDesiredRates	32	static
wlan_oid.c:3482:1:wlanoidQueryMaxFrameSize	32	static
wlan_oid.c:3522:1:wlanoidQueryMaxTotalSize	32	static
wlan_oid.c:3561:1:wlanoidQueryVendorId	32	static
wlan_oid.c:3728:1:wlanoidQueryRssiTrigger	32	static
wlan_oid.c:3772:1:wlanoidSetRssiTrigger	32	static
wlan_oid.c:3827:1:wlanoidSetCurrentLookahead	32	static
wlan_oid.c:4180:1:wlanoidQueryMediaStreamMode	32	static
wlan_oid.c:4272:1:wlanoidQueryPermanentAddr	64	static
wlan_oid.c:4309:1:wlanoidQueryCurrentAddr	64	static
wlan_oid.c:5329:1:wlanoidSetKeyCfg	64	static
wlan_oid.c:5879:1:wlanoidQueryOidInterfaceVersion	32	static
wlan_oid.c:5915:1:wlanoidQueryMulticastList	0	static
wlan_oid.c:6139:1:wlanoidQueryCurrentPacketFilter	32	static
wlan_oid.c:6173:1:wlanoidQueryAcpiDevicePowerState	32	static
wlan_oid.c:6232:1:wlanoidSetAcpiDevicePowerState	32	static
wlan_oid.c:6291:1:wlanoidQueryFragThreshold	32	static
wlan_oid.c:6333:1:wlanoidSetFragThreshold	0	static
wlan_oid.c:6365:1:wlanoidQueryRtsThreshold	64	static
wlan_oid.c:6406:1:wlanoidSetRtsThreshold	32	static
wlan_oid.c:6444:1:wlanoidSetDisassociate	48	static
wlan_oid.c:6507:1:wlanoidQuery802dot11PowerSaveProfile	32	static
wlan_oid.c:6552:1:wlanoidSet802dot11PowerSaveProfile	80	static
wlan_oid.c:6634:1:wlanoidQueryAdHocMode	0	static
wlan_oid.c:6658:1:wlanoidSetAdHocMode	0	static
wlan_oid.c:6682:1:wlanoidQueryFrequency	48	static
wlan_oid.c:6725:1:wlanoidSetFrequency	48	static
wlan_oid.c:6768:1:wlanoidSetChannel	32	static
wlan_oid.c:6793:1:wlanoidQueryBeaconInterval	48	static
wlan_oid.c:6840:1:wlanoidSetBeaconInterval	32	static
wlan_oid.c:6888:1:wlanoidQueryAtimWindow	32	static
wlan_oid.c:6930:1:wlanoidSetAtimWindow	32	static
wlan_oid.c:6972:1:wlanoidSetCurrentAddr	32	static
wlan_oid.c:7467:13:rftestSetATInfo	80	static
wlan_oid.c:7442:1:wlanoidRftestSetAutoTest	32	static
wlan_oid.c:7533:1:rftestQueryATInfo	96	static
wlan_oid.c:7396:1:wlanoidRftestQueryAutoTest	48	static
wlan_oid.c:7667:1:wlanSendSetQueryCmd	128	static
wlan_oid.c:1385:1:wlanoidSetInfrastructureMode	96	static
wlan_oid.c:3424:1:wlanoidSetDesiredRates	64	static
wlan_oid.c:3592:1:wlanoidRssiMonitor	96	static
wlan_oid.c:3657:1:wlanoidQueryRssi	96	static
wlan_oid.c:3865:1:wlanoidQueryRcvError	96	static
wlan_oid.c:3932:1:wlanoidQueryRcvNoBuffer	96	static
wlan_oid.c:3997:1:wlanoidQueryRcvCrcError	96	static
wlan_oid.c:4060:1:wlanoidQueryStatistics	96	static
wlan_oid.c:4130:1:wlanoidQueryBugReport	96	static
wlan_oid.c:4220:1:wlanoidSetMediaStreamMode	64	static
wlan_oid.c:4347:1:wlanoidQueryLinkSpeed	80	static
wlan_oid.c:4401:1:wlanoidQueryMcrRead	128	static
wlan_oid.c:4490:1:wlanoidSetMcrWrite	128	static
wlan_oid.c:4811:1:wlanoidQuerySwCtrlRead	368	static
wlan_oid.c:4930:1:wlanoidSetSwCtrlWrite	384	static
wlan_oid.c:5202:1:wlanoidQueryChipConfig	448	static
wlan_oid.c:5265:1:wlanoidSetChipConfig	448	static
wlan_oid.c:5375:1:wlanoidQueryEepromRead	80	static
wlan_oid.c:5427:1:wlanoidSetEepromWrite	112	static
wlan_oid.c:5483:1:wlanoidQueryXmitOk	96	static
wlan_oid.c:5549:1:wlanoidQueryRcvOk	96	static
wlan_oid.c:5615:1:wlanoidQueryXmitError	96	static
wlan_oid.c:5680:1:wlanoidQueryXmitOneCollision	96	static
wlan_oid.c:5749:1:wlanoidQueryXmitMoreCollisions	96	static
wlan_oid.c:5814:1:wlanoidQueryXmitMaxCollisions	96	static
wlan_oid.c:5955:1:wlanoidSetMulticastList	288	static
wlan_oid.c:6102:13:wlanoidSetPacketFilter	96	static
wlan_oid.c:6028:1:wlanoidSetCurrentPacketFilter	64	static
wlan_oid.c:6999:1:wlanoidSetCSUMOffload	112	static
wlan_oid.c:7073:1:wlanoidSetNetworkAddress	160	static
wlan_oid.c:7218:1:wlanoidRftestSetTestMode	80	static
wlan_oid.c:7278:1:wlanoidRftestSetTestIcapMode	80	static
wlan_oid.c:7337:1:wlanoidRftestSetAbortTestMode	80	static
wlan_oid.c:7631:13:rftestSetFrequency	80	static
wlan_oid.c:7760:1:wlanoidSetWapiMode	48	static
wlan_oid.c:7850:1:wlanoidSetWapiAssocInfo	112	static
wlan_oid.c:7963:1:wlanoidSetWapiKey	112	static
wlan_oid.c:8204:1:wlanoidSetWSCAssocInfo	64	static
wlan_oid.c:8355:1:wlanoidSetWiFiWmmPsTest	80	static
wlan_oid.c:8425:1:wlanoidSetTxAmpdu	80	static
wlan_oid.c:8469:1:wlanoidSetAddbaReject	80	static
wlan_oid.c:8854:1:wlanoidQueryNvramRead	64	static
wlan_oid.c:8915:1:wlanoidSetNvramWrite	64	static
wlan_oid.c:8965:1:wlanoidQueryCfgSrcType	48	static
wlan_oid.c:8997:1:wlanoidQueryEepromType	32	static
wlan_oid.c:9033:1:wlanoidSetCountryCode	32	static
wlan_oid.c:9211:1:wlanoidSetBT	64	static
wlan_oid.c:9272:1:wlanoidQueryBT	32	static
wlan_oid.c:9473:1:wlanoidSetTxPower	80	static
wlan_oid.c:9539:13:wlanSendMemDumpCmd	96	static
wlan_oid.c:9614:1:wlanoidQueryMemDump	64	static
wlan_oid.c:9658:1:wlanoidSetP2pMode	48	static
wlan_oid.c:9721:1:wlanoidSetDefaultKey	96	static
wlan_oid.c:9837:1:wlanoidSetGtkRekeyData	112	static
wlan_oid.c:9886:1:wlanoidSetStartSchedScan	64	static
wlan_oid.c:9952:1:wlanoidSetStopSchedScan	32	static
wlan_oid.c:10028:1:batchSetCmd	256	static
wlan_oid.c:10218:1:batchGetCmd	160	static
wlan_oid.c:10271:1:wlanoidSetBatchScanReq	16	static
wlan_oid.c:10295:1:wlanoidQueryBatchScanResult	16	static
wlan_oid.c:10326:1:wlanoidSetGSCNAction	32	static
wlan_oid.c:10392:1:wlanoidSetGSCNParam	32	static
wlan_oid.c:10451:1:wlanoidSetGSCNConfig	48	static
wlan_oid.c:10514:1:wlanoidGetGSCNResult	32	static
wlan_oid.c:10754:1:wlanoidSetMonitor	80	static
wlan_oid.c:10797:1:wlanoidNotifyFwSuspend	64	static
wlan_oid.c:10820:1:wlanoidPacketKeepAlive	80	static
wlan_oid.c:10880:1:wlanoidQueryLteSafeChannel	96	static
wlan_oid.c:10914:1:wlanoidSetRoamingCtrl	64	static
wlan_oid.c:10965:13:wlanoidQueryCfgRead	384	static
wlan_oid.c:11001:1:wlanoidDisableTdlsPs	80	static
