seq_clientmgr.c:2191:12:snd_seq_do_ioctl	32	static
seq_clientmgr.c:568:12:update_timestamp_of_queue	48	static
seq_clientmgr.c:219:31:seq_create_client1	48	static
seq_clientmgr.c:266:12:seq_free_client1	48	static
seq_clientmgr.c:289:13:seq_free_client	32	static
seq_clientmgr.c:1128:12:snd_seq_ioctl_system_info	80	static
seq_clientmgr.c:2454:13:snd_seq_info_dump_subscribers	112	static
seq_clientmgr.c:375:12:snd_seq_release	32	static
seq_compat.c:45:12:snd_seq_call_port_info_ioctl	80	static
seq_compat.c:90:13:snd_seq_ioctl_compat	16	static
seq_clientmgr.c:1095:21:snd_seq_poll	48	static
seq_clientmgr.c:397:16:snd_seq_read	144	static
seq_clientmgr.c:2217:13:snd_seq_ioctl	16	static
seq_clientmgr.c:1694:12:snd_seq_ioctl_get_queue_tempo	80	static
seq_clientmgr.c:1660:12:snd_seq_ioctl_get_queue_status.part.5	144	static
seq_clientmgr.c:1660:12:snd_seq_ioctl_get_queue_status	112	static
seq_clientmgr.c:1749:12:snd_seq_ioctl_get_queue_timer.part.6	144	static
seq_clientmgr.c:1749:12:snd_seq_ioctl_get_queue_timer	112	static
seq_clientmgr.c:1828:12:snd_seq_ioctl_get_queue_client.part.7	112	static
seq_clientmgr.c:1828:12:snd_seq_ioctl_get_queue_client	96	static
seq_clientmgr.c:1949:12:snd_seq_ioctl_remove_events.part.8	96	static
seq_clientmgr.c:1949:12:snd_seq_ioctl_remove_events	80	static
seq_clientmgr.c:1850:12:snd_seq_ioctl_set_queue_client.part.9	112	static
seq_clientmgr.c:1850:12:snd_seq_ioctl_set_queue_client	96	static
seq_clientmgr.c:1786:12:snd_seq_ioctl_set_queue_timer.part.10	144	static
seq_clientmgr.c:1786:12:snd_seq_ioctl_set_queue_timer	112	static
seq_clientmgr.c:1637:12:snd_seq_ioctl_get_named_queue.part.11	176	static
seq_clientmgr.c:1637:12:snd_seq_ioctl_get_named_queue	160	static
seq_clientmgr.c:1601:12:snd_seq_ioctl_set_queue_info.part.12	176	static
seq_clientmgr.c:1601:12:snd_seq_ioctl_set_queue_info	160	static
seq_clientmgr.c:1574:12:snd_seq_ioctl_get_queue_info.part.13	176	static
seq_clientmgr.c:1574:12:snd_seq_ioctl_get_queue_info	160	static
seq_clientmgr.c:1224:12:snd_seq_ioctl_set_client_info.part.14	224	static
seq_clientmgr.c:1224:12:snd_seq_ioctl_set_client_info	208	static
seq_clientmgr.c:1562:12:snd_seq_ioctl_delete_queue.part.15	176	static
seq_clientmgr.c:1562:12:snd_seq_ioctl_delete_queue	160	static
seq_clientmgr.c:1527:12:snd_seq_ioctl_create_queue.part.16	176	static
seq_clientmgr.c:1527:12:snd_seq_ioctl_create_queue	160	static
seq_clientmgr.c:1362:12:snd_seq_ioctl_set_port_info.part.17	208	static
seq_clientmgr.c:1362:12:snd_seq_ioctl_set_port_info	192	static
seq_clientmgr.c:1305:12:snd_seq_ioctl_delete_port.part.18	208	static
seq_clientmgr.c:1305:12:snd_seq_ioctl_delete_port	192	static
seq_clientmgr.c:1254:12:snd_seq_ioctl_create_port.part.19	224	static
seq_clientmgr.c:1254:12:snd_seq_ioctl_create_port	192	static
seq_clientmgr.c:317:12:snd_seq_open	64	static
seq_clientmgr.c:1734:12:snd_seq_ioctl_set_queue_tempo	80	static
seq_clientmgr.c:133:24:snd_seq_client_use_ptr	48	static
seq_clientmgr.c:2019:12:snd_seq_ioctl_query_subs.part.25	160	static
seq_clientmgr.c:2019:12:snd_seq_ioctl_query_subs	112	static
seq_clientmgr.c:2121:12:snd_seq_ioctl_query_next_port.part.26	224	static
seq_clientmgr.c:2121:12:snd_seq_ioctl_query_next_port	192	static
seq_clientmgr.c:2089:12:snd_seq_ioctl_query_next_client.part.27	224	static
seq_clientmgr.c:2089:12:snd_seq_ioctl_query_next_client	208	static
seq_clientmgr.c:1979:12:snd_seq_ioctl_get_subscription.part.28	128	static
seq_clientmgr.c:1979:12:snd_seq_ioctl_get_subscription	96	static
seq_clientmgr.c:1870:12:snd_seq_ioctl_get_client_pool.part.29	128	static
seq_clientmgr.c:1870:12:snd_seq_ioctl_get_client_pool	112	static
seq_clientmgr.c:1904:12:snd_seq_ioctl_set_client_pool.part.30	128	static
seq_clientmgr.c:1904:12:snd_seq_ioctl_set_client_pool	112	static
seq_clientmgr.c:1329:12:snd_seq_ioctl_get_port_info.part.31	224	static
seq_clientmgr.c:1329:12:snd_seq_ioctl_get_port_info	192	static
seq_clientmgr.c:1200:12:snd_seq_ioctl_get_client_info.part.32	224	static
seq_clientmgr.c:1200:12:snd_seq_ioctl_get_client_info	208	static
seq_clientmgr.c:1148:12:snd_seq_ioctl_running_mode	32	static
seq_clientmgr.c:597:12:snd_seq_deliver_single_event.constprop	112	static
seq_clientmgr.c:802:12:snd_seq_deliver_event	128	static
seq_clientmgr.c:915:12:snd_seq_client_enqueue_event	80	static
seq_clientmgr.c:1006:16:snd_seq_write	128	static
seq_clientmgr.c:2310:12:kernel_client_enqueue	80	static
seq_clientmgr.c:210:12:client_init_data	32	static
seq_clientmgr.c:843:5:snd_seq_dispatch_event	96	static
seq_clientmgr.c:1422:5:snd_seq_client_notify_subscription	48	static
seq_clientmgr.c:1485:12:snd_seq_ioctl_unsubscribe_port.part.34	144	static
seq_clientmgr.c:1485:12:snd_seq_ioctl_unsubscribe_port	96	static
seq_clientmgr.c:1440:12:snd_seq_ioctl_subscribe_port.part.35	144	static
seq_clientmgr.c:1440:12:snd_seq_ioctl_subscribe_port	96	static
seq_clientmgr.c:1725:5:snd_seq_set_queue_tempo	48	static
seq_clientmgr.c:2237:5:snd_seq_create_kernel_client	176	static
seq_clientmgr.c:2289:5:snd_seq_delete_kernel_client	32	static
seq_clientmgr.c:2349:5:snd_seq_kernel_client_enqueue	16	static
seq_clientmgr.c:2362:5:snd_seq_kernel_client_enqueue_blocking	16	static
seq_clientmgr.c:2378:5:snd_seq_kernel_client_dispatch	64	static
seq_clientmgr.c:2413:5:snd_seq_kernel_client_ctl	32	static
seq_clientmgr.c:2431:5:snd_seq_kernel_client_write_poll	16	static
seq_clientmgr.c:2514:6:snd_seq_info_clients_read	112	static
seq_clientmgr.c:2577:12:snd_sequencer_device_init	32	static
seq_clientmgr.c:2600:13:snd_sequencer_device_done	16	static
