core.c:1074:13:update_event_times	0	static
core.c:1209:13:perf_event__header_size	0	static
core.c:1351:13:perf_group_detach	32	static
core.c:2065:13:__perf_event_mark_enabled	0	static
core.c:4178:13:perf_mmap_open	0	static
core.c:5943:13:perf_swevent_read	0	static
core.c:5969:13:perf_swevent_del	0	static
core.c:5974:13:perf_swevent_start	0	static
core.c:5979:13:perf_swevent_stop	0	static
core.c:6555:13:perf_pmu_nop_void	0	static
core.c:6559:12:perf_pmu_nop_int	0	static
core.c:6580:12:perf_event_idx_default	0	static
core.c:251:13:perf_duration_warn	48	static
core.c:5093:1:perf_event_aux_ctx	80	static
core.c:4153:28:ring_buffer_get	32	static
core.c:1427:19:perf_workqueue_init	32	static
core.c:6516:13:task_clock_event_read	32	static
core.c:3081:13:__perf_event_read	48	static
core.c:111:12:cpu_function_call	48	static
core.c:4670:13:__perf_event__output_id_sample	48	static
core.c:849:13:perf_cpu_hrtimer_restart	16	static
core.c:3708:13:perf_event_for_each_child	48	static
core.c:3672:21:perf_poll	64	static
core.c:1040:13:perf_unpin_context	32	static
core.c:4145:13:rb_free_rcu	16	static
core.c:6706:13:pmu_dev_release	16	static
core.c:3292:13:free_event_rcu	32	static
core.c:5109:1:perf_event_aux	96	static
core.c:5205:13:perf_event_task	96	static
core.c:975:1:perf_lock_task_context	80	static
core.c:4632:13:__perf_event_header__init_id	48	static
core.c:5588:13:perf_log_throttle	272	static
core.c:5171:13:perf_event_task_output	256	static
core.c:4772:13:perf_output_read	144	static
core.c:5062:1:perf_event_read_event	240	static
core.c:5265:13:perf_event_comm_output	272	static
core.c:5378:13:perf_event_mmap_output	272	static
core.c:4521:13:perf_sample_regs_user	32	static
core.c:8145:13:perf_event_init_cpu	48	static
core.c:6711:12:pmu_dev_alloc	32	static
core.c:6659:1:perf_event_mux_interval_ms_store	112	static
core.c:6649:1:perf_event_mux_interval_ms_show	16	static
core.c:6640:1:type_show	16	static
core.c:8183:13:perf_event_exit_cpu_context	128	static
core.c:8209:1:perf_reboot	48	static
core.c:4407:12:perf_fasync	64	static
core.c:4051:12:perf_mmap_fault	64	static
core.c:6219:12:perf_tp_event_init	32	static
core.c:6214:13:tp_perf_event_destroy	16	static
core.c:8280:19:perf_event_sysfs_init	64	static
core.c:1241:13:perf_event__id_header_size.isra.37	0	static
core.c:2723:12:perf_calculate_period.isra.44	0	static
core.c:898:13:get_ctx	16	static
core.c:1416:13:schedule_orphans_remove.part.56	32	static
core.c:887:13:perf_pmu_rotate_start.isra.57	48	static
core.c:1906:13:add_event_to_ctx	48	static
core.c:59:13:remote_function	48	static
core.c:903:13:put_ctx	32	static
core.c:4168:13:ring_buffer_put	32	static
core.c:4086:13:ring_buffer_attach	64	static
core.c:7212:1:perf_event_set_output	64	static
core.c:6525:12:task_clock_event_init	32	static
core.c:6497:13:task_clock_event_stop	32	static
core.c:6085:12:perf_swevent_init	112	static
core.c:6423:13:cpu_clock_event_stop	32	static
core.c:6447:12:cpu_clock_event_init	32	static
core.c:3158:1:alloc_perf_context	48	static
core.c:3210:1:find_get_context	112	static
core.c:6926:13:account_event.part.54	32	static
core.c:3320:13:unaccount_event	48	static
core.c:8229:1:perf_cpu_notify	48	static
core.c:6429:12:cpu_clock_event_add	32	static
core.c:6442:13:cpu_clock_event_read	32	static
core.c:6437:13:cpu_clock_event_del	32	static
core.c:6075:13:sw_perf_event_destroy	80	static
core.c:6503:12:task_clock_event_add	16	static
core.c:6491:13:task_clock_event_start	16	static
core.c:6511:13:task_clock_event_del	32	static
core.c:6417:13:cpu_clock_event_start	32	static
core.c:3390:13:free_event	32	static
core.c:2009:1:perf_install_in_context	112	static
core.c:2166:6:perf_event_enable	112	static
core.c:1113:13:update_group_times	32	static
core.c:1301:1:list_del_event	32	static
core.c:1557:13:perf_remove_from_context	144	static
core.c:3446:13:put_event	48	static
core.c:3483:12:perf_release	16	static
core.c:4194:13:perf_mmap_close	112	static
core.c:3492:13:orphans_remove_work	80	static
core.c:7801:13:perf_free_event	64	static
core.c:1662:6:perf_event_disable	112	static
core.c:6575:13:perf_pmu_cancel_txn	32	static
core.c:6564:13:perf_pmu_start_txn	32	static
core.c:6569:12:perf_pmu_commit_txn	32	static
core.c:3113:12:perf_event_read	64	static
core.c:199:6:update_perf_cpu_limits	0	static
core.c:210:5:perf_proc_update_handler	32	static
core.c:228:5:perf_cpu_time_max_percent_handler	32	static
core.c:269:6:perf_sample_event_took	64	static
core.c:323:13:perf_event_print_debug	0	static
core.c:325:27:perf_pmu_name	0	static
core.c:740:1:perf_cgroup_switch	0	static
core.c:798:6:perf_cpu_hrtimer_cancel	80	static
core.c:866:6:perf_pmu_disable	32	static
core.c:873:6:perf_pmu_enable	32	static
core.c:1444:1:event_sched_out.isra.80	64	static
core.c:1492:1:group_sched_out	80	static
core.c:1611:5:__perf_event_disable	48	static
core.c:1522:12:__perf_remove_from_context	64	static
core.c:8170:13:__perf_event_exit_context	80	static
core.c:2239:13:ctx_sched_out	64	static
core.c:2476:13:task_ctx_sched_out	32	static
core.c:3742:12:__perf_event_period	48	static
core.c:1745:1:event_sched_in.isra.84	64	static
core.c:1807:1:group_sched_in	112	static
core.c:2559:1:ctx_sched_in.isra.85	80	static
core.c:1925:13:perf_event_sched_in.isra.88	32	static
core.c:2081:12:__perf_event_enable	80	static
core.c:2595:13:perf_event_context_sched_in.isra.89	48	static
core.c:774:29:perf_cpu_hrtimer_handler	64	static
core.c:1942:13:__perf_install_in_context	80	static
core.c:2833:13:perf_adjust_freq_unthr_context.part.91	80	static
core.c:2224:5:perf_event_refresh	16	static
core.c:3839:13:perf_ioctl	144	static
core.c:3905:13:perf_compat_ioctl	16	static
core.c:2697:6:__perf_event_task_sched_in	112	static
core.c:2972:6:perf_event_task_tick	48	static
core.c:3062:6:perf_event_exec	80	static
core.c:3476:5:perf_event_release_kernel	16	static
core.c:3525:5:perf_event_read_value	64	static
core.c:3601:12:perf_event_read_one	96	static
core.c:3665:1:perf_read	160	static
core.c:3924:5:perf_event_task_enable	64	static
core.c:3936:5:perf_event_task_disable	64	static
core.c:3992:13:arch_perf_update_userpage	0	static
core.c:4001:6:perf_event_update_userpage	80	static
core.c:2459:6:__perf_event_task_sched_out	112	static
core.c:4281:12:perf_mmap	80	static
core.c:3695:13:perf_event_reset	32	static
core.c:4449:6:perf_event_wakeup	64	static
core.c:4459:13:perf_pending_event	64	static
core.c:4492:5:perf_register_guest_info_callbacks	0	static
core.c:4499:5:perf_unregister_guest_info_callbacks	0	static
core.c:4662:6:perf_event_header__init_id	16	static
core.c:4694:6:perf_event__output_id_sample	16	static
core.c:4796:6:perf_output_sample	128	static
core.c:4933:6:perf_prepare_sample	80	static
core.c:5629:12:__perf_event_overflow	144	static
core.c:6314:29:perf_swevent_hrtimer	208	static
core.c:5238:6:perf_event_fork	80	static
core.c:5317:6:perf_event_comm	96	static
core.c:5550:6:perf_event_mmap	208	static
core.c:5697:5:perf_event_overflow	16	static
core.c:5726:5:perf_swevent_set_period	0	static
core.c:5749:13:perf_swevent_overflow	48	static
core.c:5775:13:perf_swevent_event	16	static
core.c:5947:12:perf_swevent_add	64	static
core.c:5910:5:perf_swevent_get_recursion_context	32	static
core.c:5918:13:perf_swevent_put_recursion_context	32	static
core.c:5925:6:__perf_sw_event	240	static
core.c:6165:6:perf_tp_event	240	static
core.c:6298:6:perf_bp_event	160	static
core.c:6743:5:perf_pmu_register	112	static
core.c:6846:6:perf_pmu_unregister	64	static
core.c:6868:13:perf_init_event	80	static
core.c:6955:1:perf_event_alloc	96	static
core.c:7867:1:inherit_event.isra.93	64	static
core.c:7952:12:inherit_group.isra.94	64	static
core.c:7267:1:SyS_perf_event_open	208	static
core.c:7551:1:perf_event_create_kernel_counter	48	static
core.c:7597:6:perf_pmu_migrate_context	128	static
core.c:7777:6:perf_event_exit_task	112	static
core.c:7824:6:perf_event_free_task	80	static
core.c:7855:6:perf_event_delayed_put	32	static
core.c:8114:5:perf_event_init_task	144	static
core.c:8251:13:perf_event_init	96	static
