exfat_super.c:272:12:exfat_revalidate	0	static
exfat_super.c:291:12:exfat_revalidate_ci	0	static
exfat_super.c:1313:14:exfat_follow_link	0	static
exfat_super.c:2004:12:exfat_remount	0	static
exfat_super.c:573:13:exfat_generic_ioctl	48	static
exfat_super.c:1727:13:exfat_attach	64	static
exfat_super.c:1738:13:exfat_detach	32	static
exfat_super.c:1700:22:exfat_iget	64	static
exfat_super.c:436:12:exfat_readdir	976	static
exfat_super.c:1284:12:exfat_getattr	48	static
exfat_super.c:1325:12:exfat_file_release	16	static
exfat_super.c:1956:12:exfat_sync_fs	32	static
exfat_super.c:1467:12:exfat_get_block	96	static
exfat_super.c:1659:17:_exfat_bmap	48	static
exfat_super.c:1507:12:exfat_readpages	16	static
exfat_super.c:1531:12:exfat_writepages	16	static
exfat_super.c:1500:12:exfat_readpage	16	static
exfat_super.c:1515:13:exfat_end_buffer_async_write	16	static
exfat_super.c:2011:12:exfat_show_options	48	static
exfat_super.c:1970:12:exfat_statfs	80	static
exfat_super.c:1856:13:exfat_destroy_inode	32	static
exfat_super.c:1841:22:exfat_alloc_inode	32	static
exfat_super.c:2441:13:exfat_debug_kill_sb	32	static
exfat_super.c:2408:23:exfat_fs_mount	16	static
exfat_super.c:2119:12:parse_options	176	static
exfat_super.c:400:12:exfat_cmp	16	static
exfat_super.c:342:12:exfat_d_hash	32	static
exfat_super.c:376:12:exfat_cmpi	16	static
exfat_super.c:353:12:exfat_d_hashi	64	static
exfat_super.c:2415:13:init_once	16	static
exfat_super.c:1520:12:exfat_writepage	32	static
exfat_super.c:2483:19:init_exfat	32	static
exfat_super.c:2244:12:exfat_read_root.constprop	896	static
exfat_super.c:2300:12:exfat_fill_super	128	static
exfat_super.c:2511:20:exit_exfat	16	static
exfat_super.c:1932:13:exfat_put_super	32	static
exfat_super.c:1899:13:exfat_evict_inode	32	static
exfat_super.c:134:6:exfat_time_fat2unix	0	static
exfat_super.c:1749:12:exfat_fill_inode.constprop	896	static
exfat_super.c:1809:22:exfat_build_inode	64	static
exfat_super.c:738:23:exfat_lookup	144	static
exfat_super.c:153:6:exfat_time_unix2fat	0	static
exfat_super.c:1865:12:exfat_write_inode	880	static
exfat_super.c:1359:13:_exfat_truncate	64	static
exfat_super.c:1203:12:exfat_setattr	80	static
exfat_super.c:1541:13:exfat_write_failed.isra.26	32	static
exfat_super.c:1606:16:exfat_direct_IO	80	static
exfat_super.c:1573:12:exfat_write_end	64	static
exfat_super.c:1556:12:exfat_write_begin	64	static
exfat_super.c:1045:12:exfat_rename	96	static
exfat_super.c:997:12:exfat_rmdir	64	static
exfat_super.c:937:12:exfat_mkdir	128	static
exfat_super.c:860:12:exfat_symlink	160	static
exfat_super.c:819:12:exfat_unlink	64	static
exfat_super.c:653:12:exfat_create	128	static
exfat_super.c:2435:20:exfat_destroy_inodecache	16	static
