exfat_core.c:2084:5:exfat_count_used_clusters	0	static
exfat_core.c:2636:5:fat_get_entry_attr	0	static
exfat_core.c:2642:5:exfat_get_entry_attr	0	static
exfat_core.c:2648:6:fat_set_entry_attr	0	static
exfat_core.c:2654:6:exfat_set_entry_attr	0	static
exfat_core.c:2660:4:fat_get_entry_flag	0	static
exfat_core.c:2665:4:exfat_get_entry_flag	0	static
exfat_core.c:2671:6:fat_set_entry_flag	0	static
exfat_core.c:2675:6:exfat_set_entry_flag	0	static
exfat_core.c:2681:5:fat_get_entry_clu0	0	static
exfat_core.c:2687:5:exfat_get_entry_clu0	0	static
exfat_core.c:2693:6:fat_set_entry_clu0	0	static
exfat_core.c:2700:6:exfat_set_entry_clu0	0	static
exfat_core.c:2706:5:fat_get_entry_size	0	static
exfat_core.c:2712:5:exfat_get_entry_size	0	static
exfat_core.c:2718:6:fat_set_entry_size	0	static
exfat_core.c:2724:6:exfat_set_entry_size	0	static
exfat_core.c:2731:6:fat_get_entry_time	0	static
exfat_core.c:2755:6:exfat_get_entry_time	0	static
exfat_core.c:2783:6:fat_set_entry_time	0	static
exfat_core.c:2803:6:exfat_set_entry_time	0	static
exfat_core.c:4347:5:fat_calc_num_entries	0	static
exfat_core.c:4360:5:exfat_calc_num_entries	0	static
exfat_core.c:2068:5:fat_count_used_clusters	64	static
exfat_core.c:1794:5:fat_alloc_cluster	112	static
exfat_core.c:1923:6:fat_free_cluster	80	static
exfat_core.c:3397:12:__write_partial_entries_in_entry_set	128	static
exfat_core.c:2516:5:fat_get_entry_type	0	static
exfat_core.c:2538:5:exfat_get_entry_type	0	static
exfat_core.c:2583:6:fat_set_entry_type	0	static
exfat_core.c:2606:6:exfat_set_entry_type	0	static
exfat_core.c:3141:12:_walk_fat_chain.isra.7	64	static
exfat_core.c:2106:6:exfat_chain_cont_cluster.part.9	48	static
exfat_core.c:5025:5:sector_read.part.11	32	static
exfat_core.c:129:5:ffsInit	16	static
exfat_core.c:145:5:ffsShutdown	16	static
exfat_core.c:279:5:ffsGetVolInfo	48	static
exfat_core.c:1673:5:fs_init	0	static
exfat_core.c:1706:5:fs_shutdown	0	static
exfat_core.c:1741:6:fs_sync	16	static
exfat_core.c:1747:6:fs_error	16	static
exfat_core.c:2022:5:find_last_cluster	64	static
exfat_core.c:2042:5:count_num_clusters	64	static
exfat_core.c:2106:6:exfat_chain_cont_cluster	16	static
exfat_core.c:2193:6:free_alloc_bitmap	32	static
exfat_core.c:2261:5:test_alloc_bitmap	0	static
exfat_core.c:2300:6:sync_alloc_bitmap	48	static
exfat_core.c:2495:6:free_upcase_table	48	static
exfat_core.c:2393:5:__load_default_upcase_table	128	static
exfat_core.c:2953:6:init_dos_entry	48	static
exfat_core.c:2969:6:init_ext_entry	0	static
exfat_core.c:3017:6:init_file_entry	48	static
exfat_core.c:3032:6:init_strm_entry	0	static
exfat_core.c:3041:6:init_name_entry	0	static
exfat_core.c:3164:5:find_location	64	static
exfat_core.c:3916:5:exfat_count_ext_entries	80	static
exfat_core.c:3759:5:exfat_find_dir_entry	192	static
exfat_core.c:2827:5:fat_init_dir_entry	80	static
exfat_core.c:3887:5:fat_count_ext_entries	112	static
exfat_core.c:3073:6:exfat_delete_dir_entry	96	static
exfat_core.c:3056:6:fat_delete_dir_entry	96	static
exfat_core.c:2843:5:exfat_init_dir_entry	128	static
exfat_core.c:3191:11:get_entry_with_sector	32	static
exfat_core.c:3203:11:get_entry_in_dir	48	static
exfat_core.c:2871:5:fat_init_ext_entry	112	static
exfat_core.c:3090:6:update_dir_checksum	80	static
exfat_core.c:2913:5:exfat_init_ext_entry	80	static
exfat_core.c:3241:20:get_entry_set_in_dir	144	static
exfat_core.c:4134:6:exfat_get_uni_name_from_ext_entry	64	static
exfat_core.c:3389:6:release_entry_set	16	static
exfat_core.c:3450:5:write_whole_entry_set	16	static
exfat_core.c:3122:6:update_dir_checksum_with_entry_set	16	static
exfat_core.c:3456:5:write_partial_entries_in_entry_set	80	static
exfat_core.c:3486:5:search_deleted_or_unused_entry	128	static
exfat_core.c:3940:5:count_dos_name_entries	112	static
exfat_core.c:3995:6:is_dir_empty	96	static
exfat_core.c:4098:6:get_uni_name_from_dos_entry	32	static
exfat_core.c:1088:5:ffsGetStat	672	static
exfat_core.c:1444:5:ffsReadDir	688	static
exfat_core.c:4168:5:extract_uni_name_from_ext_entry	0	static
exfat_core.c:3666:5:fat_find_dir_entry	208	static
exfat_core.c:4111:6:fat_get_uni_name_from_ext_entry	112	static
exfat_core.c:4213:5:extract_uni_name_from_name_entry	0	static
exfat_core.c:4320:6:fat_attach_count_to_dos_name	48	static
exfat_core.c:4230:5:fat_generate_dos_name	256	static
exfat_core.c:4062:5:get_num_entries_and_dos_name	96	static
exfat_core.c:318:5:ffsLookupFile	672	static
exfat_core.c:4373:4:calc_checksum_1byte	0	static
exfat_core.c:4384:5:calc_checksum_2byte	0	static
exfat_core.c:4406:5:calc_checksum_4byte	0	static
exfat_core.c:4435:5:resolve_path	80	static
exfat_core.c:4491:5:fat16_mount	0	static
exfat_core.c:4547:5:fat32_mount	0	static
exfat_core.c:4622:5:exfat_mount	0	static
exfat_core.c:4806:6:remove_file	96	static
exfat_core.c:5025:5:sector_read	32	static
exfat_core.c:429:5:ffsReadFile	128	static
exfat_core.c:2124:5:load_alloc_bitmap	96	static
exfat_core.c:2315:5:__load_upcase_table	160	static
exfat_core.c:2449:5:load_upcase_table	96	static
exfat_core.c:160:5:ffsMountVol	64	static
exfat_core.c:5045:5:sector_write	32	static
exfat_core.c:1711:6:fs_set_vol_flags	48	static
exfat_core.c:247:5:ffsUmountVol	32	static
exfat_core.c:299:5:ffsSyncVol	32	static
exfat_core.c:732:5:ffsTruncateFile	144	static
exfat_core.c:963:5:ffsRemoveFile	112	static
exfat_core.c:1012:5:ffsSetAttr	80	static
exfat_core.c:1213:5:ffsSetStat	96	static
exfat_core.c:1285:5:ffsMapCluster	112	static
exfat_core.c:1616:5:ffsRemoveDir	96	static
exfat_core.c:521:5:ffsWriteFile	192	static
exfat_core.c:1763:5:clear_cluster	80	static
exfat_core.c:3579:5:find_empty_entry	128	static
exfat_core.c:4762:5:create_file	128	static
exfat_core.c:399:5:ffsCreateFile	624	static
exfat_core.c:4834:5:rename_file	144	static
exfat_core.c:4923:5:move_file	160	static
exfat_core.c:858:5:ffsMoveFile	656	static
exfat_core.c:4667:5:create_dir	144	static
exfat_core.c:1413:5:ffsCreateDir	608	static
exfat_core.c:2208:5:set_alloc_bitmap	48	static
exfat_core.c:1847:5:exfat_alloc_cluster	96	static
exfat_core.c:2225:5:clr_alloc_bitmap	48	static
exfat_core.c:1963:6:exfat_free_cluster	96	static
exfat_core.c:5071:5:multi_sector_read	32	static
exfat_core.c:5091:5:multi_sector_write	32	static
