battery_meter_hal.c:510:19:fgauge_read_current_sign	0	static
battery_meter_hal.c:940:19:dump_register_fgadc	0	static
battery_meter_hal.c:873:19:read_adc_v_bat_temp	32	static
battery_meter_hal.c:906:19:read_adc_v_charger	32	static
battery_meter_hal.c:856:19:read_adc_v_i_sense	32	static
battery_meter_hal.c:837:19:read_adc_v_bat_sense	32	static
battery_meter_hal.c:945:19:read_battery_plug_out_status	32	static
battery_meter_hal.c:924:19:read_hw_ocv	32	static
battery_meter_hal.c:45:6:get_hw_chip_diff_trim_value	48	static
battery_meter_hal.c:165:12:use_chip_trim_value	32	static
battery_meter_hal.c:663:19:fgauge_read_columb_internal	96	static
battery_meter_hal.c:808:19:fgauge_read_columb_accurate	16	static
battery_meter_hal.c:813:19:fgauge_hw_reset	64	static
battery_meter_hal.c:803:19:fgauge_read_columb	16	static
battery_meter_hal.c:302:19:fgauge_read_current	96	static
battery_meter_hal.c:251:19:fgauge_initialization	48	static
battery_meter_hal.c:180:5:get_hw_ocv	32	static
battery_meter_hal.c:424:12:fgauge_read_IM_current	64	static
battery_meter_hal.c:519:12:fgauge_set_columb_interrupt_internal	128	static
battery_meter_hal.c:658:19:fgauge_set_columb_interrupt	16	static
battery_meter_hal.c:893:5:get_battery_temp	16	static
battery_meter_hal.c:954:12:bm_ctrl_cmd	16	static
