charging_hw_bq24296.c:288:21:charging_dump_register	0	static
charging_hw_bq24296.c:546:21:charging_get_is_pcm_timer_trigger	0	static
charging_hw_bq24296.c:603:21:charging_get_power_source	0	static
charging_hw_bq24296.c:619:21:charging_get_csdac_full_flag	0	static
charging_hw_bq24296.c:1092:21:charging_diso_init	0	static
charging_hw_bq24296.c:1129:21:charging_get_diso_state	0	static
charging_hw_bq24296.c:1203:21:charging_set_error_state	0	static
charging_hw_bq24296.c:153:21:bmt_find_closest_level	32	static
charging_hw_bq24296.c:445:21:charging_reset_watch_dog_timer	16	static
charging_hw_bq24296.c:591:21:charging_set_power_off	16	static
charging_hw_bq24296.c:565:21:charging_set_platform_reset	16	static
charging_hw_bq24296.c:533:21:charging_get_charger_type	32	static
charging_hw_bq24296.c:509:21:charging_get_charger_det_status	32	static
charging_hw_bq24296.c:472:21:charging_get_hv_status	32	static
charging_hw_bq24296.c:430:21:charging_get_charging_status	32	static
charging_hw_bq24296.c:362:21:charging_get_current	48	static
charging_hw_bq24296.c:579:21:charging_get_platform_boot_mode	32	static
charging_hw_bq24296.c:297:21:charging_enable	32	static
charging_hw_bq24296.c:486:21:charging_get_battery_status	32	static
charging_hw_bq24296.c:397:21:charging_set_current	48	static
charging_hw_bq24296.c:413:21:charging_set_input_current	32	static
charging_hw_bq24296.c:456:21:charging_set_hv_threshold	32	static
charging_hw_bq24296.c:326:21:charging_set_cv_voltage	48	static
charging_hw_bq24296.c:623:21:charging_set_ta_current_pattern	48	static
charging_hw_bq24296.c:121:14:charging_value_to_parameter	32	static
charging_hw_bq24296.c:136:14:charging_parameter_to_value	48	static
charging_hw_bq24296.c:195:6:lenovo_charging_term_set_stage	0	static
charging_hw_bq24296.c:200:6:lenovo_charging_term_set_stage_2	32	static
charging_hw_bq24296.c:224:6:lenovo_charging_term_set_iterm	16	static
charging_hw_bq24296.c:234:21:charging_hw_init	16	static
charging_hw_bq24296.c:210:6:lenovo_charging_term_reset_to_stage_2	48	static
charging_hw_bq24296.c:1257:12:chr_control_interface	16	static
