pmic.c:796:12:mtk_regulator_list_voltage	0	static
pmic.c:850:16:store_LDO_STATUS	0	static
pmic.c:891:16:store_LDO_VOLTAGE	0	static
pmic.c:911:16:store_BUCK_STATUS	0	static
pmic.c:951:16:store_BUCK_VOLTAGE	0	static
pmic.c:1402:12:pmic_mt_cust_remove	0	static
pmic.c:3634:12:pmic_ftm_open	0	static
pmic.c:3639:12:pmic_ftm_release	0	static
pmic.c:4385:16:store_low_battery_protect_level	0	static
pmic.c:4480:16:store_battery_oc_protect_level	0	static
pmic.c:4580:16:store_battery_percent_level	0	static
pmic.c:4670:16:store_dlpt_level	0	static
pmic.c:4866:12:pmic_mt_remove	0	static
pmic.c:4873:13:pmic_mt_shutdown	0	static
pmic.c:696:12:mtk_regulator_is_enabled	16	static
pmic.c:857:16:show_LDO_VOLTAGE	48	static
pmic.c:837:16:show_LDO_STATUS	48	static
pmic.c:918:16:show_BUCK_VOLTAGE	48	static
pmic.c:898:16:show_BUCK_STATUS	48	static
pmic.c:4664:16:show_dlpt_level	16	static
pmic.c:4631:16:show_dlpt_stop	16	static
pmic.c:4599:16:show_dlpt_ut	16	static
pmic.c:4571:16:show_battery_percent_level	16	static
pmic.c:4533:16:show_battery_percent_stop	16	static
pmic.c:4496:16:show_battery_percent_ut	16	static
pmic.c:4473:16:show_battery_oc_protect_level	16	static
pmic.c:4438:16:show_battery_oc_protect_stop	16	static
pmic.c:4401:16:show_battery_oc_protect_ut	16	static
pmic.c:4378:16:show_low_battery_protect_level	16	static
pmic.c:4342:16:show_low_battery_protect_stop	16	static
pmic.c:4306:16:show_low_battery_protect_ut	16	static
pmic.c:611:16:show_pmic_dvt	32	static
pmic.c:558:16:show_pmic_access	32	static
pmic.c:4256:5:pwrkey_detect_sw_thread_handler	96	static
pmic.c:2234:22:bat_percent_notify_task	16	static
pmic.c:2895:22:dlpt_notify_task	16	static
pmic.c:4248:22:pwrkey_detect_sw_workaround	16	static
pmic.c:3057:6:pwrkey_int_handler	16	static
pmic.c:3072:6:pwrkey_int_handler_r	32	static
pmic.c:3102:6:homekey_int_handler	16	static
pmic.c:3112:6:homekey_int_handler_r	16	static
pmic.c:3122:6:chrdet_int_handler	16	static
pmic.c:4211:12:proc_dump_register_open	16	static
pmic.c:4180:12:proc_utilization_open	16	static
pmic.c:5095:20:pmic_mt_exit	16	static
pmic.c:1271:12:pmic_mt_cust_probe	64	static
pmic.c:4637:16:store_dlpt_stop	64	static
pmic.c:4542:16:store_battery_percent_stop	64	static
pmic.c:4445:16:store_battery_oc_protect_stop	64	static
pmic.c:4349:16:store_low_battery_protect_stop	64	static
pmic.c:617:16:store_pmic_dvt	64	static
pmic.c:3614:13:pmic_ftm_compat_ioctl	16	static
pmic.c:4687:12:fb_early_init_dt_get_chosen	48	static
pmic.c:5028:19:pmic_mt_init	48	static
pmic.c:2365:6:enable_dummy_load.part.9	16	static
pmic.c:3195:13:mt_pmic_eint_irq	32	static
pmic.c:4879:12:pmic_mt_suspend	16	static
pmic.c:255:14:pmic_read_interface_nolock	64	static
pmic.c:162:14:pmic_read_interface	80	static
pmic.c:670:12:mtk_regulator_disable	48	static
pmic.c:651:12:mtk_regulator_enable	48	static
pmic.c:712:12:mtk_regulator_get_voltage_sel	48	static
pmic.c:4190:12:proc_dump_register_show	192	static
pmic.c:4108:12:proc_utilization_show	96	static
pmic.c:286:14:pmic_config_interface_nolock	80	static
pmic.c:198:14:pmic_config_interface	80	static
pmic.c:152:6:pmic_md_power_on	16	static
pmic.c:564:16:store_pmic_access	48	static
pmic.c:342:6:pmic_lock	16	static
pmic.c:347:6:pmic_unlock	16	static
pmic.c:352:14:upmu_get_reg_value	32	static
pmic.c:363:6:upmu_set_reg_value	16	static
pmic.c:370:14:get_pmic_mt6325_cid	0	static
pmic.c:375:14:get_mt6325_pmic_chip_version	0	static
pmic.c:385:6:mt6328_dump_register	176	static
pmic.c:417:6:upmu_set_rg_vio18_cal	32	static
pmic.c:440:6:upmu_set_rg_vio18_184	16	static
pmic.c:456:6:upmu_set_rg_vmc_184	16	static
pmic.c:479:6:upmu_set_rg_vcamd	16	static
pmic.c:758:12:mtk_regulator_set_voltage_sel	48	static
pmic.c:500:5:pmic_read_VMC_efuse	32	static
pmic.c:530:6:upmu_interrupt_chrdet_int_en	16	static
pmic.c:543:14:upmu_get_rgs_chrdet	16	static
pmic.c:1421:6:mtk_regulator_init	64	static
pmic.c:1506:6:pmic6328_regulator_test	64	static
pmic.c:1588:5:getHwVoltage	0	static
pmic.c:1609:5:isHwPowerOn	0	static
pmic.c:1630:6:hwPowerOn	0	static
pmic.c:1668:6:hwPowerDown	0	static
pmic.c:1694:6:hwPowerSetVoltage	0	static
pmic.c:1758:6:register_low_battery_notify	16	static
pmic.c:1771:6:exec_low_battery_callback	64	static
pmic.c:4313:16:store_low_battery_protect_ut	64	static
pmic.c:1790:6:lbat_min_en_setting	32	static
pmic.c:1832:6:bat_h_int_handler	16	static
pmic.c:1797:6:lbat_max_en_setting	32	static
pmic.c:1865:6:bat_l_int_handler	32	static
pmic.c:4910:12:pmic_mt_resume	32	static
pmic.c:1804:6:low_battery_protect_init	64	static
pmic.c:1955:6:register_battery_oc_notify	16	static
pmic.c:1967:6:exec_battery_oc_callback	64	static
pmic.c:4408:16:store_battery_oc_protect_ut	64	static
pmic.c:2045:6:fg_cur_h_int_handler	16	static
pmic.c:2066:6:fg_cur_l_int_handler	32	static
pmic.c:1989:6:bat_oc_h_en_setting	16	static
pmic.c:1995:6:bat_oc_l_en_setting	16	static
pmic.c:2001:6:battery_oc_protect_init	80	static
pmic.c:2022:6:battery_oc_protect_reinit	80	static
pmic.c:2129:6:register_battery_percent_notify	48	static
pmic.c:2154:6:exec_battery_percent_callback	32	static
pmic.c:2186:5:bat_percent_notify_handler	128	static
pmic.c:4504:16:store_battery_percent_ut	64	static
pmic.c:2243:6:bat_percent_notify_init	48	static
pmic.c:2284:5:do_ptim	48	static
pmic.c:2365:6:enable_dummy_load	16	static
pmic.c:2457:6:register_dlpt_notify	48	static
pmic.c:2471:6:exec_dlpt_callback	64	static
pmic.c:4605:16:store_dlpt_ut	64	static
pmic.c:2550:5:get_rac_val	128	static
pmic.c:2632:5:get_dlpt_imix_spm	48	static
pmic.c:2694:5:get_dlpt_imix	112	static
pmic.c:2738:5:get_dlpt_imix_charging	32	static
pmic.c:2782:5:dlpt_notify_handler	144	static
pmic.c:2758:5:dlpt_check_power_off	0	static
pmic.c:2904:5:get_system_loading_ma	32	static
pmic.c:2922:6:dlpt_notify_init	64	static
pmic.c:3147:6:auxadc_imp_int_handler_r	16	static
pmic.c:3174:6:wake_up_pmic	32	static
pmic.c:3204:6:pmic_enable_interrupt	16	static
pmic.c:3230:6:pmic_register_interrupt_callback	0	static
pmic.c:3248:6:PMIC_EINT_SETTING	48	static
pmic.c:3357:6:pmic_enable_charger_detection_int	16	static
pmic.c:3387:12:pmic_thread_kthread	144	static
pmic.c:3377:6:is_charger_detection_rdy	0	static
pmic.c:3445:5:is_ext_buck2_exist	16	static
pmic.c:3561:13:pmic_ftm_ioctl	48	static
pmic.c:3460:5:is_ext_vbat_boost_exist	0	static
pmic.c:3465:5:is_ext_swchr_exist	0	static
pmic.c:3522:5:get_ext_buck_i2c_ch_num	16	static
pmic.c:3530:5:is_ext_buck_sw_ready	16	static
pmic.c:3538:5:is_ext_buck_exist	16	static
pmic.c:3655:6:pmic_ftm_init	32	static
pmic.c:3690:16:is_battery_remove_pmic	0	static
pmic.c:3697:6:PMIC_INIT_SETTING_V1	32	static
pmic.c:4019:6:PMIC_CUSTOM_SETTING_V1	0	static
pmic.c:4035:6:dump_ldo_status_read_debug	64	static
pmic.c:4221:6:pmic_debug_init	32	static
pmic.c:4695:12:pmic_mt_probe	96	static
pmic.c:4285:6:pwrkey_sw_workaround_init	48	static
pmic.c:4978:14:pmic_Read_Efuse_HPOffset	64	static
