configfs.c:383:1:gadget_info_attr_show	16	static
configfs.c:383:1:gadget_info_attr_store	16	static
configfs.c:494:1:config_usb_cfg_attr_show	16	static
configfs.c:494:1:config_usb_cfg_attr_store	16	static
configfs.c:674:1:gadget_config_name_attr_show	16	static
configfs.c:674:1:gadget_config_name_attr_store	16	static
configfs.c:783:1:gadget_strings_attr_show	16	static
configfs.c:783:1:gadget_strings_attr_store	16	static
configfs.c:792:1:os_desc_attr_show	16	static
configfs.c:792:1:os_desc_attr_store	16	static
configfs.c:979:1:usb_os_desc_attr_show	16	static
configfs.c:979:1:usb_os_desc_attr_store	16	static
configfs.c:989:1:usb_os_desc_ext_prop_attr_show	16	static
configfs.c:989:1:usb_os_desc_ext_prop_attr_store	16	static
configfs.c:245:16:gadget_dev_desc_bcdUSB_store	48	static
configfs.c:228:16:gadget_dev_desc_bcdDevice_store	48	static
configfs.c:212:1:gadget_dev_desc_idProduct_store	48	static
configfs.c:211:1:gadget_dev_desc_idVendor_store	48	static
configfs.c:511:16:gadget_config_desc_MaxPower_store	48	static
configfs.c:1213:16:interf_grp_sub_compatible_id_show	0	static
configfs.c:1182:16:interf_grp_compatible_id_show	0	static
configfs.c:1037:16:ext_prop_data_show	32	static
configfs.c:862:16:os_desc_qw_sign_show	0	static
configfs.c:1220:16:interf_grp_sub_compatible_id_store	64	static
configfs.c:1189:16:interf_grp_compatible_id_store	64	static
configfs.c:913:12:os_desc_link	48	static
configfs.c:1098:13:usb_os_desc_ext_prop_release	16	static
configfs.c:907:13:os_desc_attr_release	16	static
configfs.c:771:13:gadget_strings_attr_release	32	static
configfs.c:664:13:gadget_config_name_attr_release	32	static
configfs.c:1156:13:ext_prop_drop	32	static
configfs.c:1771:13:gadgets_drop	16	static
configfs.c:784:1:gadget_strings_strings_drop	16	static
configfs.c:742:13:config_desc_drop	16	static
configfs.c:675:1:gadget_config_name_strings_drop	16	static
configfs.c:631:13:function_drop	32	static
configfs.c:761:1:gadget_strings_product_store	80	static
configfs.c:1051:16:ext_prop_data_store	64	static
configfs.c:997:16:ext_prop_type_store	80	static
configfs.c:210:1:gadget_dev_desc_bMaxPacketSize0_store	48	static
configfs.c:209:1:gadget_dev_desc_bDeviceProtocol_store	48	static
configfs.c:208:1:gadget_dev_desc_bDeviceSubClass_store	48	static
configfs.c:207:1:gadget_dev_desc_bDeviceClass_store	48	static
configfs.c:837:16:os_desc_b_vendor_code_store	80	static
configfs.c:531:16:gadget_config_desc_bmAttributes_store	48	static
configfs.c:991:16:ext_prop_type_show	16	static
configfs.c:262:16:gadget_dev_desc_UDC_show	16	static
configfs.c:206:1:gadget_dev_desc_bcdUSB_show	16	static
configfs.c:213:1:gadget_dev_desc_bcdDevice_show	16	static
configfs.c:212:1:gadget_dev_desc_idProduct_show	16	static
configfs.c:211:1:gadget_dev_desc_idVendor_show	16	static
configfs.c:210:1:gadget_dev_desc_bMaxPacketSize0_show	16	static
configfs.c:209:1:gadget_dev_desc_bDeviceProtocol_show	16	static
configfs.c:208:1:gadget_dev_desc_bDeviceSubClass_show	16	static
configfs.c:207:1:gadget_dev_desc_bDeviceClass_show	16	static
configfs.c:828:16:os_desc_b_vendor_code_show	16	static
configfs.c:794:16:os_desc_use_show	16	static
configfs.c:762:1:gadget_strings_serialnumber_show	16	static
configfs.c:761:1:gadget_strings_product_show	16	static
configfs.c:760:1:gadget_strings_manufacturer_show	16	static
configfs.c:657:1:gadget_config_name_configuration_show	16	static
configfs.c:525:16:gadget_config_desc_bmAttributes_show	16	static
configfs.c:505:16:gadget_config_desc_MaxPower_show	16	static
configfs.c:1111:28:ext_prop_make	64	static
configfs.c:1809:19:gadget_cfs_init	32	static
configfs.c:1702:29:gadgets_make	80	static
configfs.c:372:13:gadget_info_attr_release	32	static
configfs.c:1304:12:configfs_do_nothing	16	static
configfs.c:391:13:gadget_config_attr_release	32	static
configfs.c:1316:13:purge_configs_funcs	80	static
configfs.c:1522:13:configfs_composite_unbind	32	static
configfs.c:1343:12:configfs_composite_bind	112	static
configfs.c:873:16:os_desc_qw_sign_store	64	static
configfs.c:803:16:os_desc_use_store	80	static
configfs.c:677:29:config_desc_make	112	static
configfs.c:401:12:config_usb_cfg_link	64	static
configfs.c:582:29:function_make	96	static
configfs.c:1827:20:gadget_cfs_exit	16	static
configfs.c:282:16:gadget_dev_desc_UDC_store	64	static
configfs.c:948:12:os_desc_unlink	48	static
configfs.c:762:1:gadget_strings_serialnumber_store	80	static
configfs.c:657:1:gadget_config_name_configuration_store	80	static
configfs.c:760:1:gadget_strings_manufacturer_store	80	static
configfs.c:784:1:gadget_strings_strings_make	64	static
configfs.c:675:1:gadget_config_name_strings_make	64	static
configfs.c:457:12:config_usb_cfg_unlink	48	static
configfs.c:37:5:check_user_usb_string	48	static
configfs.c:1250:5:usb_os_desc_prepare_interf_dir	96	static
configfs.c:1801:6:unregister_gadget_item	32	static
