bfq-sched.c:313:13:bfq_update_active_tree	0	static
bfq-iosched.c:775:13:bfq_handle_burst	0	static
bfq-iosched.c:1061:13:bfq_activate_request	0	static
bfq-iosched.c:1071:20:bfq_deactivate_request	16	static
bfq-iosched.c:2886:20:bfq_init_icq	0	static
bfq-iosched.c:4048:16:bfq_weights_store	0	static
bfq-cgroup.c:864:13:bfqio_css_offline	32	static
bfq-cgroup.c:853:12:bfqio_css_online	32	static
bfq-cgroup.c:721:1:bfqio_cgroup_ioprio_class_write	64	static
bfq-cgroup.c:661:1:bfqio_cgroup_ioprio_class_read	48	static
bfq-cgroup.c:720:1:bfqio_cgroup_ioprio_write	64	static
bfq-cgroup.c:660:1:bfqio_cgroup_ioprio_read	48	static
bfq-cgroup.c:719:1:bfqio_cgroup_weight_write	64	static
bfq-cgroup.c:659:1:bfqio_cgroup_weight_read	48	static
bfq-cgroup.c:743:36:bfqio_create	16	static
bfq-iosched.c:2819:13:bfq_put_queue	32	static
bfq-iosched.c:2852:13:bfq_put_cooperator	32	static
bfq-sched.c:1091:13:__bfq_bfqd_reset_in_service	32	static
bfq-sched.c:208:13:bfq_idle_extract	64	static
bfq-iosched.c:353:13:bfq_rq_pos_tree_add	32	static
bfq-cgroup.c:771:12:bfqio_can_attach	48	static
bfq-iosched.c:4003:1:bfq_wr_max_softrt_rate_show	16	static
bfq-iosched.c:3998:1:bfq_wr_coeff_show	16	static
bfq-iosched.c:3997:1:bfq_low_latency_show	16	static
bfq-iosched.c:3993:1:bfq_max_budget_async_rq_show	16	static
bfq-iosched.c:3992:1:bfq_max_budget_show	16	static
bfq-iosched.c:3990:1:bfq_back_seek_penalty_show	16	static
bfq-iosched.c:3989:1:bfq_back_seek_max_show	16	static
bfq-iosched.c:3939:16:bfq_weights_show	128	static
bfq-iosched.c:4001:1:bfq_wr_min_inter_arr_async_show	32	static
bfq-iosched.c:4000:1:bfq_wr_min_idle_time_show	32	static
bfq-iosched.c:3999:1:bfq_wr_rt_max_time_show	32	static
bfq-iosched.c:3931:16:bfq_wr_max_time_show	32	static
bfq-iosched.c:3996:1:bfq_timeout_async_show	32	static
bfq-iosched.c:3995:1:bfq_timeout_sync_show	32	static
bfq-iosched.c:3991:1:bfq_slice_idle_show	32	static
bfq-iosched.c:3988:1:bfq_fifo_expire_async_show	32	static
bfq-iosched.c:3987:1:bfq_fifo_expire_sync_show	32	static
bfq-iosched.c:4027:1:bfq_back_seek_max_store	64	static
bfq-iosched.c:4028:1:bfq_back_seek_penalty_store	64	static
bfq-iosched.c:4031:1:bfq_max_budget_async_rq_store	64	static
bfq-iosched.c:4035:1:bfq_wr_coeff_store	64	static
bfq-iosched.c:4043:1:bfq_wr_max_softrt_rate_store	64	static
bfq-iosched.c:4064:16:bfq_max_budget_store	64	static
bfq-iosched.c:4041:1:bfq_wr_min_inter_arr_async_store	64	static
bfq-iosched.c:4039:1:bfq_wr_min_idle_time_store	64	static
bfq-iosched.c:4037:1:bfq_wr_rt_max_time_store	64	static
bfq-iosched.c:4036:1:bfq_wr_max_time_store	64	static
bfq-iosched.c:4033:1:bfq_timeout_async_store	64	static
bfq-iosched.c:4030:1:bfq_slice_idle_store	64	static
bfq-iosched.c:4025:1:bfq_fifo_expire_async_store	64	static
bfq-iosched.c:4023:1:bfq_fifo_expire_sync_store	64	static
bfq-iosched.c:3654:13:bfq_kick_queue	32	static
bfq-iosched.c:3490:12:bfq_may_queue	32	static
bfq-iosched.c:1116:12:bfq_merge	48	static
bfq-iosched.c:4208:20:bfq_exit	16	static
bfq-iosched.c:222:24:bfq_choose_req.isra.60.part.61	0	static
bfq-iosched.c:1204:13:bfq_end_wr_async_queues.isra.65	0	static
bfq-iosched.c:4103:16:bfq_low_latency_store	64	static
bfq-iosched.c:617:12:bfqq_process_refs.part.80	16	static
bfq-iosched.c:1352:1:bfq_setup_merge	16	static
bfq-sched.c:542:13:bfq_forget_entity.isra.81	16	static
bfq-sched.c:579:13:bfq_forget_idle	32	static
bfq-iosched.c:3517:13:bfq_put_request	16	static
bfq-iosched.c:1538:1:bfq_merge_bfqqs.isra.85	16	static
bfq-iosched.c:466:13:bfq_weights_tree_remove.isra.86	32	static
bfq-sched.c:466:13:bfq_active_extract	64	static
bfq-sched.c:988:27:__bfq_lookup_next_entity	32	static
bfq-iosched.c:1426:1:bfq_setup_cooperator.part.89	64	static
bfq-iosched.c:1587:12:bfq_allow_merge	64	static
bfq-iosched.c:412:13:bfq_weights_tree_add.isra.93	64	static
bfq-sched.c:598:1:__bfq_entity_update_weight_prio.part.95	96	static
bfq-sched.c:743:13:__bfq_activate_entity	48	static
bfq-iosched.c:2939:13:bfq_set_next_ioprio_data.isra.101	32	static
bfq-iosched.c:3128:26:bfq_get_queue	128	static
bfq-iosched.c:4171:19:bfq_init	48	static
bfq-iosched.c:4084:16:bfq_timeout_sync_store	64	static
bfq-iosched.c:3782:12:bfq_init_queue	64	static
bfq-sched.c:45:12:bfq_update_next_in_service.part.88	48	static
bfq-sched.c:798:13:bfq_activate_entity	32	static
bfq-iosched.c:532:13:bfq_updated_next_req.isra.99	16	static
bfq-iosched.c:1131:13:bfq_merged_request	48	static
bfq-sched.c:830:12:__bfq_deactivate_entity	80	static
bfq-sched.c:871:13:bfq_deactivate_entity	32	static
bfq-sched.c:1124:13:bfq_del_bfqq_busy	48	static
bfq-cgroup.c:278:13:bfq_bfqq_move	80	static
bfq-iosched.c:3744:13:bfq_put_async_queues	64	static
bfq-cgroup.c:832:13:bfqio_destroy	80	static
bfq-cgroup.c:328:26:__bfq_bic_change_cgroup.isra.98	112	static
bfq-cgroup.c:802:13:bfqio_attach	80	static
bfq-iosched.c:3565:12:bfq_set_request	112	static
bfq-iosched.c:1811:13:__bfq_bfqq_expire	32	static
bfq-iosched.c:2912:13:bfq_exit_icq	48	static
bfq-iosched.c:1080:13:bfq_remove_request	96	static
bfq-iosched.c:1164:13:bfq_merged_requests	16	static
bfq-iosched.c:3755:13:bfq_exit_queue	80	static
bfq-sched.c:696:13:bfq_bfqq_served	64	static
bfq-iosched.c:2213:13:bfq_bfqq_expire	64	static
bfq-iosched.c:3669:13:bfq_idle_slice_timer	32	static
bfq-iosched.c:3331:13:bfq_insert_request	96	static
bfq-iosched.c:3406:13:bfq_completed_request	64	static
bfq-iosched.c:2768:12:bfq_dispatch_requests	112	static
