kd_flashlightlist.c:144:8:default_flashlight_open	0	static
kd_flashlightlist.c:150:8:default_flashlight_release	0	static
kd_flashlightlist.c:281:12:closeFlash	64	static
kd_flashlightlist.c:769:16:store_lm3643_id	0	static
kd_flashlightlist.c:156:8:default_flashlight_ioctl	48	static
kd_flashlightlist.c:939:20:flashlight_exit	16	static
kd_flashlightlist.c:866:12:flashlight_remove	32	static
kd_flashlightlist.c:672:13:flash_work_func	48	static
kd_flashlightlist.c:738:13:sys_flash_brightness_set	32	static
kd_flashlightlist.c:747:13:sys_torch_brightness_set	32	static
kd_flashlightlist.c:779:12:flashlight_probe	64	static
kd_flashlightlist.c:318:13:Lbat_protection_powerlimit_flash	32	static
kd_flashlightlist.c:342:13:bat_per_protection_powerlimit_flashlight	32	static
kd_flashlightlist.c:756:16:show_lm3643_id	48	static
kd_flashlightlist.c:912:19:flashlight_init	32	static
kd_flashlightlist.c:589:12:flashlight_open	0	static
kd_flashlightlist.c:384:13:flashlight_ioctl_core.isra.6	96	static
kd_flashlightlist.c:554:13:my_ioctl_compat	16	static
kd_flashlightlist.c:504:13:flashlight_ioctl	16	static
kd_flashlightlist.c:78:5:globalInit	0	static
kd_flashlightlist.c:95:5:checkAndRelease	80	static
kd_flashlightlist.c:887:13:flashlight_shutdown	16	static
kd_flashlightlist.c:602:12:flashlight_release	16	static
kd_flashlightlist.c:113:5:getSensorDevIndex	0	static
kd_flashlightlist.c:126:5:getStrobeIndex	0	static
kd_flashlightlist.c:135:5:getPartIndex	0	static
kd_flashlightlist.c:188:8:strobeInit_dummy	0	static
