epl8801.c:3015:16:epl_sensor_show_ps_polling	0	static
epl8801.c:3022:16:epl_sensor_show_als_polling	0	static
epl8801.c:4306:12:als_open_report_data	0	static
epl8801.c:4400:12:als_set_delay	0	static
epl8801.c:4497:12:ps_open_report_data	0	static
epl8801.c:4538:12:ps_set_delay	0	static
epl8801.c:1320:12:als_sensing_time	48	static
epl8801.c:1347:12:ps_sensing_time	48	static
epl8801.c:5178:20:epl_sensor_exit	16	static
epl8801.c:3535:12:epl_sensor_release	32	static
epl8801.c:1309:6:epl_sensor_polling_work	16	static
epl8801.c:3128:16:epl_sensor_store_lsrc_thd	64	static
epl8801.c:3113:16:epl_sensor_store_lsrc_type	48	static
epl8801.c:3091:16:epl_sensor_store_c_gain	64	static
epl8801.c:3009:16:epl_sensor_store_i2c_max_count	32	static
epl8801.c:2430:16:epl_sensor_store_wait_time	48	static
epl8801.c:2993:16:epl_sensor_store_als_lux_per_count	32	static
epl8801.c:2815:16:epl_sensor_store_als_report_type	64	static
epl8801.c:1777:13:epl_sensor_report_ps_status	32	static
epl8801.c:1736:20:epl_sensor_eint_func	32	static
epl8801.c:5151:19:epl_sensor_init	48	static
epl8801.c:5047:12:epl_sensor_i2c_remove	64	static
epl8801.c:3321:16:epl_sensor_show_ps_status	48	static
epl8801.c:3281:16:epl_sensor_show_ps_l_threshold	48	static
epl8801.c:3252:16:epl_sensor_show_ps_h_threshold	48	static
epl8801.c:2402:16:epl_sensor_show_threshold	32	static
epl8801.c:2301:16:epl_sensor_show_ps_enable	48	static
epl8801.c:2252:16:epl_sensor_show_als_enable	48	static
epl8801.c:2149:16:epl_sensor_show_status	80	static
epl8801.c:3297:16:epl_sensor_show_selftest	64	static
epl8801.c:2114:16:epl_sensor_show_reg	64	static
epl8801.c:692:13:set_als_ps_intr_type.isra.4	0	static
epl8801.c:4154:12:epl_sensor_i2c_resume	32	static
epl8801.c:4113:12:epl_sensor_i2c_suspend	32	static
epl8801.c:3546:13:epl_sensor_WriteCalibration.isra.8	32	static
epl8801.c:385:12:epl_sensor_I2C_Write_Cmd	80	static
epl8801.c:2906:16:epl_sensor_store_unlock	64	static
epl8801.c:3519:12:epl_sensor_open	48	static
epl8801.c:5120:12:alsps_local_init	32	static
epl8801.c:5137:12:alsps_remove	48	static
epl8801.c:428:12:epl_sensor_I2C_Read	144	static
epl8801.c:1250:5:epl_sensor_read_ps.part.17	32	static
epl8801.c:1270:5:epl_sensor_read_ps_status.part.18	48	static
epl8801.c:4543:12:ps_get_data	64	static
epl8801.c:2554:16:epl_sensor_store_ir_contrl	96	static
epl8801.c:2591:16:epl_sensor_store_ir_boost	80	static
epl8801.c:2615:16:epl_sensor_store_ir_drive	80	static
epl8801.c:3146:16:epl_sensor_store_reg_write	80	static
epl8801.c:1071:12:set_psensor_intr_threshold	112	static
epl8801.c:551:13:read_factory_calibration	176	static
epl8801.c:3264:16:epl_sensor_store_ps_l_threshold	80	static
epl8801.c:3235:16:epl_sensor_store_ps_h_threshold	80	static
epl8801.c:1093:12:set_lsensor_intr_threshold	128	static
epl8801.c:2366:16:epl_sensor_store_threshold	80	static
epl8801.c:2520:16:epl_sensor_store_ir_mode	112	static
epl8801.c:810:6:raw_convert_to_lux	64	static
epl8801.c:1138:5:hw8k_init_device	32	static
epl8801.c:1150:5:epl_sensor_get_addr	0	static
epl8801.c:1194:5:epl_sensor_read_als	32	static
epl8801.c:3063:16:epl_sensor_show_als_data	64	static
epl8801.c:1216:5:epl_sensor_read_als_status	48	static
epl8801.c:1250:5:epl_sensor_read_ps	16	static
epl8801.c:3044:16:epl_sensor_show_pdata	48	static
epl8801.c:2316:16:epl_sensor_show_cal_raw	112	static
epl8801.c:1270:5:epl_sensor_read_ps_status	16	static
epl8801.c:1302:6:epl_sensor_restart_polling	32	static
epl8801.c:1403:6:epl_sensor_fast_update	64	static
epl8801.c:1440:6:epl_sensor_update_mode	128	static
epl8801.c:852:12:epl_sensor_get_als_value	80	static
epl8801.c:4405:12:als_get_data	112	static
epl8801.c:1895:13:epl_sensor_eint_work	80	static
epl8801.c:3701:13:epl_sensor_unlocked_ioctl	128	static
epl8801.c:3029:16:epl_sensor_show_ps_run_cali	128	static
epl8801.c:2959:16:epl_sensor_store_als_ch_sel	96	static
epl8801.c:2784:16:epl_sensor_store_cycle	80	static
epl8801.c:2754:16:epl_sensor_store_adc	80	static
epl8801.c:2723:16:epl_sensor_store_integration	80	static
epl8801.c:2692:16:epl_sensor_store_osc	96	static
epl8801.c:2638:16:epl_sensor_store_interrupt_type	80	static
epl8801.c:2480:16:epl_sensor_store_mode	80	static
epl8801.c:2827:16:epl_sensor_store_ps_polling_mode	32	static
epl8801.c:2673:16:epl_sensor_store_ps_offset	112	static
epl8801.c:2267:16:epl_sensor_store_ps_enable	64	static
epl8801.c:2854:16:epl_sensor_store_als_polling_mode	48	static
epl8801.c:2215:16:epl_sensor_store_als_enable	80	static
epl8801.c:4504:12:ps_enable_nodata	48	static
epl8801.c:4313:12:als_enable_nodata	80	static
epl8801.c:1970:5:epl_sensor_setup_eint	80	static
epl8801.c:4816:12:epl_sensor_i2c_probe	304	static
