mag.c:479:16:mag_store_flush	0	static
mag.c:558:16:mag_store_oflush	0	static
mag.c:151:22:mag_poll	16	static
mag.c:598:12:msensor_remove	16	static
mag.c:604:12:msensor_probe	32	static
mag.c:255:16:mag_show_magdev	16	static
mag.c:421:16:mag_show_delay	16	static
mag.c:376:16:mag_show_odelay	16	static
mag.c:470:16:mag_show_batch	16	static
mag.c:500:16:mag_show_flush	16	static
mag.c:549:16:mag_show_obatch	16	static
mag.c:565:16:mag_show_oflush	16	static
mag.c:329:16:mag_show_active	32	static
mag.c:291:16:mag_show_oactive	32	static
mag.c:385:16:mag_store_delay	80	static
mag.c:341:16:mag_store_odelay	80	static
mag.c:485:16:mag_show_sensordevnum	48	static
mag.c:986:19:mag_init	96	static
mag.c:509:16:mag_store_obatch	80	static
mag.c:190:12:mag_enable_data	48	static
mag.c:303:16:mag_store_active	64	static
mag.c:265:16:mag_store_oactive	64	static
mag.c:430:16:mag_store_batch	80	static
mag.c:575:5:mag_attach	64	static
mag.c:657:5:mag_driver_add	64	static
mag.c:691:25:get_mag_platformdev	0	static
mag.c:798:5:mag_register_data_path	32	static
mag.c:814:5:mag_register_control_path	32	static
mag.c:892:5:mag_data_report	80	static
mag.c:41:13:mag_work_func	176	static
mag.c:998:20:mag_exit	64	static
