lsm6ds3_gy.c:778:12:lsm6ds3_gyro_open_report_data	0	static
lsm6ds3_gy.c:820:12:lsm6ds3_gyro_set_delay	0	static
lsm6ds3_gy.c:961:12:lsm6ds3_release	0	static
lsm6ds3_gy.c:1522:20:lsm6ds3_gyro_exit	16	static
lsm6ds3_gy.c:968:13:lsm6ds3_gyro_compat_ioctl	32	static
lsm6ds3_gy.c:1508:19:lsm6ds3_gyro_init	48	static
lsm6ds3_gy.c:1497:12:lsm6ds3_gyro_local_uninit	16	static
lsm6ds3_gy.c:334:12:LSM6DS3_gyro_SetPowerMode	64	static
lsm6ds3_gy.c:786:12:lsm6ds3_gyro_enable_nodata	48	static
lsm6ds3_gy.c:1450:12:lsm6ds3_gyro_i2c_remove	48	static
lsm6ds3_gy.c:1249:12:lsm6ds3_gyro_resume	48	static
lsm6ds3_gy.c:1219:12:lsm6ds3_gyro_suspend	48	static
lsm6ds3_gy.c:949:12:lsm6ds3_open	16	static
lsm6ds3_gy.c:492:12:LSM6DS3_ReadGyroData.isra.6	80	static
lsm6ds3_gy.c:656:16:show_status_value	16	static
lsm6ds3_gy.c:620:16:show_trace_value	16	static
lsm6ds3_gy.c:603:16:show_sensordata_value.part.9	16	static
lsm6ds3_gy.c:603:16:show_sensordata_value	96	static
lsm6ds3_gy.c:634:16:store_trace_value	64	static
lsm6ds3_gy.c:839:12:lsm6ds3_gyro_get_data.part.11	16	static
lsm6ds3_gy.c:839:12:lsm6ds3_gyro_get_data	128	static
lsm6ds3_gy.c:589:16:show_chipinfo_value.part.12	16	static
lsm6ds3_gy.c:1478:12:lsm6ds3_gyro_local_init	32	static
lsm6ds3_gy.c:589:16:show_chipinfo_value	96	static
lsm6ds3_gy.c:729:12:LSM6DS3_gyro_init_client.constprop	80	static
lsm6ds3_gy.c:1326:12:lsm6ds3_gyro_i2c_probe	176	static
lsm6ds3_gy.c:1067:13:lsm6ds3_gyro_unlocked_ioctl	192	static
lsm6ds3_gy.c:43:17:get_cust_gyro_hw	0	static
