mt_pwm.c:2658:13:mt_pwm_shutdown	0	static
mt_pwm.c:152:12:mt_set_pwm_disable	48	static
mt_pwm.c:91:12:mt_pwm_sel_pmic	48	static
mt_pwm.c:393:12:mt_set_pwm_con_guardval	48	static
mt_pwm.c:470:12:mt_set_pwm_con_oldmode	64	static
mt_pwm.c:289:12:mt_set_pwm_con_datasrc	64	static
mt_pwm.c:425:12:mt_set_pwm_con_stpbit	64	static
mt_pwm.c:503:12:mt_set_pwm_HiDur	48	static
mt_pwm.c:529:12:mt_set_pwm_LowDur	48	static
mt_pwm.c:557:12:mt_set_pwm_GuardDur	48	static
mt_pwm.c:700:12:mt_set_pwm_send_data0	64	static
mt_pwm.c:728:12:mt_set_pwm_send_data1	64	static
mt_pwm.c:756:12:mt_set_pwm_wave_num	48	static
mt_pwm.c:127:12:mt_set_pwm_enable	48	static
mt_pwm.c:323:12:mt_set_pwm_con_mode	64	static
mt_pwm.c:358:12:mt_set_pwm_con_idleval	48	static
mt_pwm.c:2646:13:mt_pwm_remove	16	static
mt_pwm.c:1917:16:pwm_debug_store	32	static
mt_pwm.c:2222:16:pwm_debug_show	32	static
mt_pwm.c:2555:12:mt_pwm_probe	32	static
mt_pwm.c:2705:20:mt_pwm_exit	16	static
mt_pwm.c:2684:19:mt_pwm_init	32	static
mt_pwm.c:176:6:mt_pwm_disable	64	static
mt_pwm.c:182:6:mt_set_pwm_enable_seqmode	48	static
mt_pwm.c:197:6:mt_set_pwm_disable_seqmode	48	static
mt_pwm.c:212:5:mt_set_pwm_test_sel	48	static
mt_pwm.c:233:5:mt_set_pwm_clk	64	static
mt_pwm.c:265:5:mt_get_pwm_clk	16	static
mt_pwm.c:585:5:mt_set_pwm_buf0_addr	64	static
mt_pwm.c:612:5:mt_set_pwm_buf0_size	48	static
mt_pwm.c:841:5:mt_get_pwm_send_wavenum	16	static
mt_pwm.c:945:5:mt_set_intr_enable	48	static
mt_pwm.c:973:5:mt_get_intr_status	48	static
mt_pwm.c:1002:5:mt_set_intr_ack	48	static
mt_pwm.c:1028:6:mt_set_pwm_3dlcm_enable	48	static
mt_pwm.c:1047:6:mt_set_pwm_3dlcm_inv	48	static
mt_pwm.c:1096:5:pwm_set_easy_config	96	static
mt_pwm.c:1239:5:pwm_set_spec_config	64	static
mt_pwm.c:1475:5:mt_set_pwm_buf1_addr	64	static
mt_pwm.c:1502:5:mt_set_pwm_buf1_size	48	static
mt_pwm.c:1532:5:mt_set_pwm_valid	64	static
mt_pwm.c:1564:5:mt_set_pwm_delay_duration	48	static
mt_pwm.c:1587:5:mt_set_pwm_delay_clock	64	static
mt_pwm.c:1604:5:pwm_set_spec_config_for_spi	64	static
mt_pwm.c:1906:6:mt_pwm_dump_regs	16	static
mt_pwm.c:2287:8:pwm_write	288	static
