gl_kal.c:4534:16:kalMetCtrlWriteProcfs	192	static
gl_kal.c:4558:16:kalMetPortWriteProcfs	192	static
gl_kal.c:670:6:kalUpdateRxCSUMOffloadParam.part.5	32	static
gl_kal.c:168:13:kalFirmwareOpen	256	static
gl_kal.c:269:13:kalFirmwareClose	32	static
gl_kal.c:304:13:kalFirmwareLoad	32	static
gl_kal.c:339:13:kalFirmwareSize	32	static
gl_kal.c:361:7:kalFirmwareImageMapping	64	static
gl_kal.c:410:6:kalFirmwareImageUnmapping	32	static
gl_kal.c:506:6:kalAcquireSpinLock	48	static
gl_kal.c:538:6:kalReleaseSpinLock	32	static
gl_kal.c:565:6:kalAcquireMutex	32	static
gl_kal.c:588:6:kalReleaseMutex	32	static
gl_kal.c:610:6:kalUpdateMACAddress	32	static
gl_kal.c:632:6:kalQueryTxChksumOffloadParam	32	static
gl_kal.c:670:6:kalUpdateRxCSUMOffloadParam	16	static
gl_kal.c:708:6:kalPacketFree	32	static
gl_kal.c:726:7:kalPacketAlloc	32	static
gl_kal.c:762:1:kalProcessRxPacket	48	static
gl_kal.c:829:13:kalRxIndicateOnePkt	48	static
gl_kal.c:798:13:kalRxIndicatePkts	64	static
gl_kal.c:945:1:kalIndicateStatusAndComplete	192	static
gl_kal.c:1227:1:kalUpdateReAssocReqInfo	48	static
gl_kal.c:1284:6:kalUpdateReAssocRspInfo	32	static
gl_kal.c:1301:6:kalResetPacket	0	static
gl_kal.c:1407:13:kalResetStats	32	static
gl_kal.c:1429:7:kalGetStats	0	static
gl_kal.c:1446:6:kalSendCompleteAndAwakeQueue	64	static
gl_kal.c:1540:6:kalQueryRegistryMacAddr	32	static
gl_kal.c:1580:1:kalIPv4FrameClassifier	80	static
gl_kal.c:1661:1:kalArpFrameClassifier	48	static
gl_kal.c:1682:1:kalTdlsFrameClassifier	48	static
gl_kal.c:1702:1:kalSecurityFrameClassifier	64	static
gl_kal.c:1777:1:kalQoSFrameClassifierAndPacketInfo	48	static
gl_kal.c:1865:9:kalGetEthDestAddr	0	static
gl_kal.c:1882:1:kalOidComplete	48	static
gl_kal.c:1903:6:kalOidClearance	0	static
gl_kal.c:2039:6:kalClearSecurityFrames	80	static
gl_kal.c:2095:6:kalClearSecurityFramesByBssIdx	96	static
gl_kal.c:2149:6:kalClearMgmtFrames	80	static
gl_kal.c:2199:6:kalClearMgmtFramesByBssIdx	96	static
gl_kal.c:2248:6:kalClearCommandQueue	48	static
gl_kal.c:2286:9:kalProcessTxPacket	32	static
gl_kal.c:2320:6:kalProcessTxReq	112	static
gl_kal.c:2447:5:hif_thread	304	static
gl_kal.c:2557:5:rx_thread	320	static
gl_kal.c:2911:9:kalIsCardRemoved	32	static
gl_kal.c:2929:9:kalRetrieveNetworkAddress	48	static
gl_kal.c:2971:6:kalFlushPendingTxPackets	64	static
gl_kal.c:3008:26:kalGetMediaStateIndicated	32	static
gl_kal.c:3024:6:kalSetMediaStateIndicated	32	static
gl_kal.c:3040:6:kalOidCmdClearance	80	static
gl_kal.c:3099:6:kalEnqueueCommand	48	static
gl_kal.c:3132:6:kalHandleAssocInfo	0	static
gl_kal.c:3146:9:kalGetFwLoadAddress	32	static
gl_kal.c:3162:9:kalGetFwStartAddress	32	static
gl_kal.c:3183:6:kalSecurityFrameSendComplete	32	static
gl_kal.c:3192:9:kalGetTxPendingFrameCount	32	static
gl_kal.c:3209:9:kalGetTxPendingCmdCount	32	static
gl_kal.c:3234:6:kalOsTimerInitialize	32	static
gl_kal.c:3255:9:kalSetTimer	48	static
gl_kal.c:3276:9:kalCancelTimer	32	static
gl_kal.c:3298:6:kalScanDone	32	static
gl_kal.c:3320:9:kalRandomNumber	32	static
gl_kal.c:3338:6:kalTimeoutHandler	32	static
gl_kal.c:3351:6:kalSetEvent	32	static
gl_kal.c:1322:1:kalHardStartXmit	80	static
gl_kal.c:2650:5:tx_thread	320	static
gl_kal.c:3358:6:kalSetTxEvent2Hif	32	static
gl_kal.c:3369:6:kalSetFwOwnEvent2Hif	32	static
gl_kal.c:3380:6:kalSetTxEvent2Rx	32	static
gl_kal.c:3391:6:kalSetTxCmdEvent2Hif	32	static
gl_kal.c:3414:9:kalIsConfigurationExist	32	static
gl_kal.c:3437:14:kalGetConfiguration	32	static
gl_kal.c:3462:1:kalGetConfigurationVersion	48	static
gl_kal.c:3496:9:kalWSCGetActiveState	32	static
gl_kal.c:3518:1:kalUpdateRSSI	32	static
gl_kal.c:3563:9:kalInitIOBuffer	16	static
gl_kal.c:3594:6:kalUninitIOBuffer	32	static
gl_kal.c:3615:7:kalAllocateIOBuffer	32	static
gl_kal.c:3643:6:kalReleaseIOBuffer	16	static
gl_kal.c:3663:1:kalGetChannelList	16	static
gl_kal.c:3680:6:kalIsAPmode	0	static
gl_kal.c:3706:9:kalGetMfpSetting	32	static
gl_kal.c:3714:14:kalFileOpen	32	static
gl_kal.c:3731:6:kalFileClose	16	static
gl_kal.c:3736:9:kalFileRead	48	static
gl_kal.c:3750:9:kalFileWrite	48	static
gl_kal.c:3764:9:kalWriteToFile	80	static
gl_kal.c:3780:8:kalReadToFile	80	static
gl_kal.c:3800:9:kalCheckPath	32	static
gl_kal.c:3883:1:kalReadyOnChannel	48	static
gl_kal.c:3942:1:kalRemainOnChannelExpired	32	static
gl_kal.c:4001:1:kalIndicateMgmtTxStatus	32	static
gl_kal.c:4023:6:kalIndicateRxMgmtFrame	48	static
gl_kal.c:4063:9:kalSetSdioTestPattern	224	static
gl_kal.c:4126:6:kalSchedScanResults	32	static
gl_kal.c:4144:6:kalSchedScanStopped	48	static
gl_kal.c:4169:1:kalGetIPv4Address	80	static
gl_kal.c:4203:1:kalGetIPv6Address	96	static
gl_kal.c:4360:9:kalMetCheckProfilingPacket	16	static
gl_kal.c:4454:6:kalMetTagPacket	48	static
gl_kal.c:4489:6:kalMetInit	0	static
gl_kal.c:4595:5:kalMetInitProcfs	48	static
gl_kal.c:4621:5:kalMetRemoveProcfs	32	static
gl_kal.c:4640:9:kalIndicateAgpsNotify	64	static
gl_kal.c:4669:9:kalGetBootTime	16	static
gl_kal.c:3829:1:kalIndicateBssInfo	64	static
gl_kal.c:4728:8:kalHaltLock	64	static
gl_kal.c:4761:8:kalHaltTryLock	32	static
gl_kal.c:4773:6:kalHaltUnlock	32	static
gl_kal.c:1934:1:kalIoctl	112	static
gl_kal.c:4256:1:kalSetNetAddress	96	static
gl_kal.c:4238:13:wlanNotifyFwSuspend	48	static
gl_kal.c:4324:6:kalSetNetAddressFromInterface	128	static
gl_kal.c:4783:6:kalSetHalted	0	static
gl_kal.c:4788:9:kalIsHalted	0	static
gl_kal.c:4839:15:kalPerMonInit	48	static
gl_kal.c:4858:15:kalPerMonDisable	64	static
gl_kal.c:4874:15:kalPerMonEnable	32	static
gl_kal.c:4886:15:kalPerMonStart	48	static
gl_kal.c:4922:15:kalPerMonStop	64	static
gl_kal.c:4957:15:kalPerMonDestroy	64	static
gl_kal.c:5056:15:kalBoostCpu	16	static
gl_kal.c:5062:12:wlan_fb_notifier_callback	64	static
gl_kal.c:4963:6:kalPerMonHandler	80	static
gl_kal.c:5099:8:kalFbNotifierReg	32	static
gl_kal.c:5114:6:kalFbNotifierUnReg	32	static
gl_kal.c:5120:8:kalGetEapolKeyType	16	static
