regmap.c:152:13:regmap_format_2_6_write	0	static
regmap.c:174:13:regmap_format_10_14_write	0	static
regmap.c:184:13:regmap_format_8	0	static
regmap.c:198:13:regmap_format_16_le	0	static
regmap.c:205:13:regmap_format_16_native	0	static
regmap.c:211:13:regmap_format_24	0	static
regmap.c:229:13:regmap_format_32_le	0	static
regmap.c:236:13:regmap_format_32_native	0	static
regmap.c:242:13:regmap_parse_inplace_noop	0	static
regmap.c:246:21:regmap_parse_8	0	static
regmap.c:260:21:regmap_parse_16_le	0	static
regmap.c:274:13:regmap_parse_16_le_inplace	0	static
regmap.c:281:21:regmap_parse_16_native	0	static
regmap.c:286:21:regmap_parse_24	0	static
regmap.c:303:21:regmap_parse_32_le	0	static
regmap.c:317:13:regmap_parse_32_le_inplace	0	static
regmap.c:324:21:regmap_parse_32_native	0	static
regmap.c:358:13:dev_get_regmap_release	0	static
regmap.c:1411:12:_regmap_bus_reg_write	16	static
regmap.c:2062:12:_regmap_bus_reg_read	16	static
regmap.h:117:1:ftrace_define_fields_regcache_sync	48	static
regmap.h:141:1:ftrace_define_fields_regmap_bool	32	static
regmap.h:177:1:ftrace_define_fields_regmap_async	16	static
regmap.c:310:13:regmap_parse_32_be_inplace	0	static
regmap.c:296:21:regmap_parse_32_be	0	static
regmap.c:267:13:regmap_parse_16_be_inplace	0	static
regmap.c:253:21:regmap_parse_16_be	0	static
regmap.c:222:13:regmap_format_32_be	0	static
regmap.c:191:13:regmap_format_16_be	0	static
regmap.c:167:13:regmap_format_7_9_write	0	static
regmap.c:160:13:regmap_format_4_12_write	0	static
regmap.h:15:1:perf_trace_regmap_reg	400	static
regmap.h:66:1:perf_trace_regmap_block	400	static
regmap.h:117:1:perf_trace_regcache_sync	416	static
regmap.h:141:1:perf_trace_regmap_bool	400	static
regmap.h:177:1:perf_trace_regmap_async	384	static
regmap.h:225:1:perf_trace_regcache_drop_region	400	static
regmap.h:15:1:ftrace_raw_event_regmap_reg	112	static
regmap.h:66:1:ftrace_raw_event_regmap_block	112	static
regmap.h:117:1:ftrace_raw_event_regcache_sync	128	static
regmap.h:141:1:ftrace_raw_event_regmap_bool	112	static
regmap.h:177:1:ftrace_raw_event_regmap_async	96	static
regmap.h:225:1:ftrace_raw_event_regcache_drop_region	112	static
regmap.h:15:1:ftrace_raw_output_regmap_reg	32	static
regmap.h:66:1:ftrace_raw_output_regmap_block	32	static
regmap.h:117:1:ftrace_raw_output_regcache_sync	32	static
regmap.h:141:1:ftrace_raw_output_regmap_bool	32	static
regmap.h:177:1:ftrace_raw_output_regmap_async	32	static
regmap.h:225:1:ftrace_raw_output_regcache_drop_region	32	static
regmap.c:335:13:regmap_unlock_mutex	16	static
regmap.c:329:13:regmap_lock_mutex	16	static
regmap.c:351:13:regmap_unlock_spinlock	16	static
regmap.c:341:13:regmap_lock_spinlock	32	static
regmap.c:1737:12:_regmap_raw_multi_reg_write	128	static
regmap.c:412:13:regmap_range_exit	48	static
regmap.c:2648:19:regmap_initcall	16	static
regmap.h:15:1:ftrace_define_fields_regmap_reg	32	static
regmap.h:66:1:ftrace_define_fields_regmap_block	32	static
regmap.h:225:1:ftrace_define_fields_regcache_drop_region	32	static
regmap.c:1092:12:dev_get_regmap_match	16	static
regmap.c:48:6:regmap_reg_in_ranges	0	static
regmap.c:62:6:regmap_check_range_table	0	static
regmap.c:2086:12:_regmap_read	64	static
regmap.c:78:6:regmap_writeable	16	static
regmap.c:92:6:regmap_readable	16	static
regmap.c:109:6:regmap_volatile	32	static
regmap.c:126:6:regmap_precious	32	static
regmap.c:428:5:regmap_attach_dev	32	static
regmap.c:527:16:regmap_init	80	static
regmap.c:919:16:devm_regmap_init	64	static
regmap.c:965:22:devm_regmap_field_alloc	32	static
regmap.c:989:6:devm_regmap_field_free	16	static
regmap.c:1007:22:regmap_field_alloc	32	static
regmap.c:1026:6:regmap_field_free	16	static
regmap.c:1046:5:regmap_reinit_cache	32	static
regmap.c:1070:6:regmap_exit	48	static
regmap.c:901:13:devm_regmap_release	16	static
regmap.c:1119:16:dev_get_regmap	16	static
regmap.c:1137:16:regmap_get_device	0	static
regmap.c:1378:6:regmap_can_raw_write	0	static
regmap.c:1440:5:_regmap_write	64	static
regmap.c:1143:12:_regmap_select_page	112	static
regmap.c:1384:12:_regmap_bus_formatted_write	64	static
regmap.c:2070:12:_regmap_bus_read	96	static
regmap.c:1191:5:_regmap_raw_write	128	static
regmap.c:1419:12:_regmap_bus_raw_write	48	static
regmap.c:1837:12:_regmap_multi_reg_write	80	static
regmap.c:1477:5:regmap_write	48	static
regmap.c:1504:5:regmap_write_async	48	static
regmap.c:1541:5:regmap_raw_write	64	static
regmap.c:1570:5:regmap_field_write	80	static
regmap.c:1588:5:regmap_field_update_bits	96	static
regmap.c:1607:5:regmap_fields_write	80	static
regmap.c:1631:5:regmap_fields_update_bits	96	static
regmap.c:1659:5:regmap_bulk_write	80	static
regmap.c:1924:5:regmap_multi_reg_write	48	static
regmap.c:1956:5:regmap_multi_reg_write_bypassed	64	static
regmap.c:2000:5:regmap_raw_write_async	64	static
regmap.c:2132:5:regmap_read	48	static
regmap.c:2160:5:regmap_raw_read	96	static
regmap.c:2215:5:regmap_field_read	80	static
regmap.c:2241:5:regmap_fields_read	80	static
regmap.c:2275:5:regmap_bulk_read	96	static
regmap.c:2386:5:regmap_update_bits	80	static
regmap.c:2414:5:regmap_update_bits_async	80	static
regmap.c:2445:5:regmap_update_bits_check	96	static
regmap.c:2475:5:regmap_update_bits_check_async	96	static
regmap.c:2495:6:regmap_async_complete_cb	64	static
regmap.c:2536:5:regmap_async_complete	128	static
regmap.c:2577:5:regmap_register_patch	64	static
regmap.c:2627:5:regmap_get_val_bytes	0	static
regmap.c:2636:5:regmap_parse_val	32	static
