ddp_od.c:1168:12:od_set_listener	0	static
ddp_od.c:384:13:_od_set_frame_protect_init	64	static
ddp_od.c:977:13:od_set_debug_function	64	static
ddp_od.c:1105:12:od_clock_on	64	static
ddp_od.c:917:12:od_config_od	48	static
ddp_od.c:1139:12:od_clock_off	32	static
ddp_od.c:1212:22:od_simple_strtoul.constprop	48	static
ddp_od.c:527:11:_od_read_table.constprop	112	static
ddp_od.c:464:13:_od_write_table.constprop	96	static
ddp_od.c:590:13:_od_set_table.constprop	64	static
ddp_od.c:224:6:od_debug_reg	32	static
ddp_od.c:276:6:_od_core_set_enabled	0	static
ddp_od.c:300:6:disp_od_irq_handler	0	static
ddp_od.c:318:5:disp_rdma_notify	0	static
ddp_od.c:331:5:disp_od_update_status	0	static
ddp_od.c:636:6:disp_config_od	128	static
ddp_od.c:680:5:disp_od_get_enabled	0	static
ddp_od.c:686:6:disp_od_mhl_force	32	static
ddp_od.c:697:6:disp_od_hwc_force	32	static
ddp_od.c:894:12:disp_od_ioctl	96	static
ddp_od.c:708:6:disp_od_set_smi_clock	16	static
ddp_od.c:733:6:disp_od_set_enabled	0	static
ddp_od.c:770:6:disp_od_start_read	0	static
ddp_od.c:1162:5:disp_od_is_enabled	0	static
ddp_od.c:1377:6:od_test	96	static
