soc-core.c:84:12:min_bytes_needed	0	static
soc-core.c:536:13:codec2codec_close_delayed_work	0	static
soc-core.c:3943:13:snd_soc_component_seq_notifier	16	static
soc-core.c:3951:12:snd_soc_component_stream_event	16	static
soc-core.c:4106:12:snd_soc_platform_drv_probe	16	static
soc-core.c:4113:13:snd_soc_platform_drv_remove	16	static
soc-core.c:4268:12:snd_soc_codec_drv_probe	16	static
soc-core.c:4275:13:snd_soc_codec_drv_remove	16	static
soc-core.c:4282:12:snd_soc_codec_drv_write	16	static
soc-core.c:4290:12:snd_soc_codec_drv_read	32	static
soc-core.c:4300:12:snd_soc_codec_set_bias_level	16	static
asoc.h:18:1:ftrace_define_fields_snd_soc_card	32	static
asoc.h:53:1:ftrace_define_fields_snd_soc_dapm_basic	16	static
asoc.h:86:1:ftrace_define_fields_snd_soc_dapm_widget	32	static
asoc.h:233:1:ftrace_define_fields_snd_soc_jack_irq	16	static
asoc.h:272:1:ftrace_define_fields_snd_soc_jack_notify	32	static
asoc.h:291:1:ftrace_define_fields_snd_soc_cache_sync	32	static
asoc.h:213:1:perf_trace_snd_soc_dapm_connected	368	static
asoc.h:18:1:perf_trace_snd_soc_card	400	static
asoc.h:53:1:perf_trace_snd_soc_dapm_basic	384	static
asoc.h:86:1:perf_trace_snd_soc_dapm_widget	400	static
asoc.h:130:1:perf_trace_snd_soc_dapm_walk_done	368	static
asoc.h:155:1:perf_trace_snd_soc_dapm_output_path	432	static
asoc.h:184:1:perf_trace_snd_soc_dapm_input_path	432	static
asoc.h:233:1:perf_trace_snd_soc_jack_irq	384	static
asoc.h:250:1:perf_trace_snd_soc_jack_report	400	static
asoc.h:272:1:perf_trace_snd_soc_jack_notify	400	static
asoc.h:291:1:perf_trace_snd_soc_cache_sync	416	static
asoc.h:18:1:ftrace_raw_event_snd_soc_card	96	static
asoc.h:53:1:ftrace_raw_event_snd_soc_dapm_basic	96	static
asoc.h:86:1:ftrace_raw_event_snd_soc_dapm_widget	96	static
asoc.h:130:1:ftrace_raw_event_snd_soc_dapm_walk_done	96	static
asoc.h:155:1:ftrace_raw_event_snd_soc_dapm_output_path	112	static
asoc.h:184:1:ftrace_raw_event_snd_soc_dapm_input_path	112	static
asoc.h:213:1:ftrace_raw_event_snd_soc_dapm_connected	96	static
asoc.h:233:1:ftrace_raw_event_snd_soc_jack_irq	96	static
asoc.h:250:1:ftrace_raw_event_snd_soc_jack_report	112	static
asoc.h:272:1:ftrace_raw_event_snd_soc_jack_notify	96	static
asoc.h:291:1:ftrace_raw_event_snd_soc_cache_sync	128	static
asoc.h:18:1:ftrace_raw_output_snd_soc_card	32	static
asoc.h:53:1:ftrace_raw_output_snd_soc_dapm_basic	32	static
asoc.h:86:1:ftrace_raw_output_snd_soc_dapm_widget	32	static
asoc.h:130:1:ftrace_raw_output_snd_soc_dapm_walk_done	32	static
asoc.h:155:1:ftrace_raw_output_snd_soc_dapm_output_path	32	static
asoc.h:184:1:ftrace_raw_output_snd_soc_dapm_input_path	32	static
asoc.h:213:1:ftrace_raw_output_snd_soc_dapm_connected	32	static
asoc.h:233:1:ftrace_raw_output_snd_soc_jack_irq	32	static
asoc.h:250:1:ftrace_raw_output_snd_soc_jack_report	32	static
asoc.h:272:1:ftrace_raw_output_snd_soc_jack_notify	32	static
asoc.h:291:1:ftrace_raw_output_snd_soc_cache_sync	32	static
soc-core.c:877:28:snd_soc_find_dai	80	static
soc-core.c:696:13:soc_resume_deferred	80	static
soc-core.c:547:5:snd_soc_suspend	80	static
soc-core.c:805:5:snd_soc_resume	80	static
soc-core.c:1898:5:snd_soc_poweroff	64	static
soc-core.c:1167:13:rtd_release	16	static
soc-core.c:3857:13:snd_soc_unregister_dais	64	static
soc-core.c:2006:13:snd_soc_ac97_reset	32	static
soc-core.c:1990:13:snd_soc_ac97_warm_reset	32	static
soc-core.c:191:16:pmdown_time_set	32	static
soc-core.c:183:16:pmdown_time_show	16	static
soc-core.c:1172:12:soc_post_component_init	32	static
soc-core.c:136:16:soc_codec_reg_show	176	dynamic
soc-core.c:173:16:codec_reg_show	16	static
soc-core.c:3796:14:fmt_single_name	128	static
soc-core.c:3959:12:snd_soc_component_initialize	48	static
soc-core.c:3879:12:snd_soc_register_dais	128	static
soc-core.c:4001:13:snd_soc_component_init_regmap	32	static
soc-core.c:235:16:codec_reg_write_file	96	static
soc-core.c:208:16:codec_reg_read_file	80	static
soc-core.c:4813:19:snd_soc_init	32	static
soc-core.c:393:16:platform_list_read_file	96	static
soc-core.c:357:16:dai_list_read_file	112	static
soc-core.c:323:16:codec_list_read_file	96	static
soc-core.c:4841:20:snd_soc_exit	16	static
asoc.h:130:1:ftrace_define_fields_snd_soc_dapm_walk_done	32	static
asoc.h:155:1:ftrace_define_fields_snd_soc_dapm_output_path	32	static
asoc.h:184:1:ftrace_define_fields_snd_soc_dapm_input_path	32	static
asoc.h:213:1:ftrace_define_fields_snd_soc_dapm_connected	32	static
asoc.h:250:1:ftrace_define_fields_snd_soc_jack_report	32	static
soc-core.c:968:13:soc_remove_component.part.37	32	static
soc-core.c:308:13:soc_init_codec_debugfs	32	static
soc-core.c:1051:13:soc_remove_dai_links	96	static
soc-core.c:2206:12:snd_soc_add_controls	176	static
soc-core.c:473:27:snd_soc_get_dai_substream	64	static
soc-core.c:488:29:snd_soc_get_pcm_runtime	64	static
soc-core.c:1961:5:snd_soc_new_ac97_codec	64	static
soc-core.c:2102:5:snd_soc_set_ac97_ops	0	static
soc-core.c:2122:5:snd_soc_set_ac97_ops_of_reset	96	static
soc-core.c:2151:6:snd_soc_free_ac97_codec	32	static
soc-core.c:2174:22:snd_soc_cnew	112	static
soc-core.c:2226:22:snd_soc_card_get_kcontrol	48	static
soc-core.c:2251:5:snd_soc_add_component_controls	16	static
soc-core.c:1089:12:soc_probe_component	64	static
soc-core.c:3645:5:snd_soc_register_card.part.41	192	static
soc-core.c:1838:12:soc_probe	32	static
soc-core.c:2272:5:snd_soc_add_codec_controls	16	static
soc-core.c:2290:5:snd_soc_add_platform_controls	16	static
soc-core.c:2308:5:snd_soc_add_card_controls	16	static
soc-core.c:2328:5:snd_soc_add_dai_controls	16	static
soc-core.c:2348:5:snd_soc_info_enum_double	16	static
soc-core.c:2375:5:snd_soc_get_enum_double	48	static
soc-core.c:2409:5:snd_soc_put_enum_double	16	static
soc-core.c:2497:5:snd_soc_info_volsw	48	static
soc-core.c:2530:5:snd_soc_get_volsw	128	static
soc-core.c:2590:5:snd_soc_put_volsw	64	static
soc-core.c:2652:5:snd_soc_get_volsw_sx	96	static
soc-core.c:2696:5:snd_soc_put_volsw_sx	80	static
soc-core.c:2742:5:snd_soc_info_volsw_s8	0	static
soc-core.c:2771:5:snd_soc_get_volsw_s8	48	static
soc-core.c:2803:5:snd_soc_put_volsw_s8	16	static
soc-core.c:2830:5:snd_soc_info_volsw_range	0	static
soc-core.c:2860:5:snd_soc_put_volsw_range	96	static
soc-core.c:2912:5:snd_soc_get_volsw_range	112	static
soc-core.c:2967:5:snd_soc_limit_volume	48	static
soc-core.c:2997:5:snd_soc_bytes_info	0	static
soc-core.c:3010:5:snd_soc_bytes_get	48	static
soc-core.c:3047:5:snd_soc_bytes_put	80	static
soc-core.c:3130:5:snd_soc_bytes_info_ext	0	static
soc-core.c:3142:5:snd_soc_bytes_tlv_callback	16	static
soc-core.c:3174:5:snd_soc_info_xr_sx	0	static
soc-core.c:3201:5:snd_soc_get_xr_sx	128	static
soc-core.c:3250:5:snd_soc_put_xr_sx	80	static
soc-core.c:3292:5:snd_soc_get_strobe	64	static
soc-core.c:3329:5:snd_soc_put_strobe	48	static
soc-core.c:3361:5:snd_soc_dai_set_sysclk	16	static
soc-core.c:3384:5:snd_soc_codec_set_sysclk	16	static
soc-core.c:3405:5:snd_soc_dai_set_clkdiv	16	static
soc-core.c:3425:5:snd_soc_dai_set_pll	16	static
soc-core.c:3449:5:snd_soc_codec_set_pll	16	static
soc-core.c:3467:5:snd_soc_dai_set_bclk_ratio	16	static
soc-core.c:3483:5:snd_soc_dai_set_fmt	16	static
soc-core.c:3528:5:snd_soc_dai_set_tdm_slot	64	static
soc-core.c:3560:5:snd_soc_dai_set_channel_map	16	static
soc-core.c:3579:5:snd_soc_dai_set_tristate	16	static
soc-core.c:3596:5:snd_soc_dai_digital_mute	16	static
soc-core.c:3645:5:snd_soc_register_card	16	static
soc-core.c:3779:5:snd_soc_unregister_card	80	static
soc-core.c:1890:12:soc_remove	16	static
soc-core.c:4046:5:snd_soc_register_component	64	static
soc-core.c:4089:6:snd_soc_unregister_component	32	static
soc-core.c:4126:5:snd_soc_add_platform	64	static
soc-core.c:4165:5:snd_soc_register_platform	48	static
soc-core.c:4189:6:snd_soc_remove_platform	32	static
soc-core.c:4204:26:snd_soc_lookup_platform	0	static
soc-core.c:4222:6:snd_soc_unregister_platform	32	static
soc-core.c:4313:5:snd_soc_register_codec	80	static
soc-core.c:4413:6:snd_soc_unregister_codec	32	static
soc-core.c:4440:5:snd_soc_of_parse_card_name	48	static
soc-core.c:4477:5:snd_soc_of_parse_audio_simple_widgets	144	static
soc-core.c:4557:5:snd_soc_of_parse_tdm_slot	64	static
soc-core.c:4586:5:snd_soc_of_parse_audio_routing	96	static
soc-core.c:4642:14:snd_soc_of_parse_daifmt	352	static
soc-core.c:4755:5:snd_soc_of_get_dai_name	128	static
