soc-dapm.c:796:13:dapm_clear_walk_output	48	static
soc-dapm.c:809:13:dapm_clear_walk_input	48	static
soc-dapm.c:1270:12:dapm_always_on_check_power	0	static
soc-dapm.c:395:13:dapm_reset	0	static
soc-dapm.c:827:12:snd_soc_dapm_suspend_check	32	static
soc-dapm.c:458:12:snd_soc_dapm_set_bias_level	64	static
soc-dapm.c:844:12:dapm_list_add_widget	48	static
soc-dapm.c:1958:16:dapm_bias_read_file	48	static
soc-dapm.c:2262:36:dapm_find_widget	64	static
soc-dapm.c:1611:13:dapm_post_sequence_async	32	static
soc-dapm.c:256:13:dapm_kcontrol_free	32	static
soc-dapm.c:128:13:pop_dbg	160	static
soc-dapm.c:2200:16:dapm_widget_show	128	static
soc-dapm.c:2587:12:snd_soc_dapm_del_route	240	static
soc-dapm.c:3132:1:snd_soc_dapm_new_control	48	static
soc-dapm.c:3280:12:snd_soc_dai_link_event	640	static
soc-dapm.c:1243:12:dapm_supply_check_power	48	static
soc-dapm.c:1303:13:dapm_seq_insert	0	static
soc-dapm.c:1579:13:dapm_pre_sequence_async	32	static
soc-dapm.c:886:12:is_connected_output_ep.part.18	80	static
soc-dapm.c:982:12:is_connected_input_ep.part.19	80	static
soc-dapm.c:1197:12:dapm_generic_check_power	48	static
soc-dapm.c:1227:12:dapm_dac_check_power	32	static
soc-dapm.c:1211:12:dapm_adc_check_power	32	static
soc-dapm.c:1890:16:dapm_widget_power_read_file	128	static
soc-dapm.c:1318:13:dapm_seq_check_event.isra.25	64	static
soc-dapm.c:1371:13:dapm_seq_run_coalesced	96	static
soc-dapm.c:1429:13:dapm_seq_run	144	static
soc-dapm.c:3974:13:soc_dapm_shutdown_dapm	80	static
soc-dapm.c:488:12:dapm_connect_mux.isra.29	128	static
soc-dapm.c:2394:12:snd_soc_dapm_add_path.part.32	128	static
soc-dapm.c:2394:12:snd_soc_dapm_add_path	16	static
soc-dapm.c:2510:12:snd_soc_dapm_add_route	256	static
soc-dapm.c:200:12:dapm_kcontrol_data_alloc.constprop	288	static
soc-dapm.c:602:12:dapm_create_or_share_mixmux_kcontrol	96	static
soc-dapm.c:1753:12:dapm_power_widgets	176	static
soc-dapm.c:2053:12:soc_dapm_mux_update_power.isra.27	64	static
soc-dapm.c:2105:12:soc_dapm_mixer_update_power	16	static
soc-dapm.c:164:6:dapm_mark_io_dirty	32	static
soc-dapm.c:331:14:dapm_kcontrol_get_value	0	static
soc-dapm.c:363:30:snd_soc_dapm_kcontrol_dapm	0	static
soc-dapm.c:378:34:snd_soc_dapm_kcontrol_widget_list	0	static
soc-dapm.c:389:23:snd_soc_dapm_kcontrol_codec	0	static
soc-dapm.c:1098:5:snd_soc_dapm_dai_get_connected_widgets	80	static
soc-dapm.c:1126:5:dapm_regulator_event	48	static
soc-dapm.c:1160:5:dapm_clock_event	48	static
soc-dapm.c:1993:6:snd_soc_dapm_debugfs_init	32	static
soc-dapm.c:2086:5:snd_soc_dapm_mux_update_power	80	static
soc-dapm.c:2127:5:snd_soc_dapm_mixer_update_power	80	static
soc-dapm.c:2216:5:snd_soc_dapm_sys_add	16	static
soc-dapm.c:2317:5:snd_soc_dapm_sync_unlocked	16	static
soc-dapm.c:2339:5:snd_soc_dapm_sync	32	static
soc-dapm.c:2652:5:snd_soc_dapm_add_routes	80	static
soc-dapm.c:2683:5:snd_soc_dapm_del_routes	64	static
soc-dapm.c:2760:5:snd_soc_dapm_weak_routes	112	static
soc-dapm.c:2787:5:snd_soc_dapm_new_widgets	128	static
soc-dapm.c:2857:5:snd_soc_dapm_get_volsw	112	static
soc-dapm.c:2904:5:snd_soc_dapm_put_volsw	144	static
soc-dapm.c:2976:5:snd_soc_dapm_get_enum_double	48	static
soc-dapm.c:3012:5:snd_soc_dapm_put_enum_double	112	static
soc-dapm.c:3074:5:snd_soc_dapm_info_pin_switch	0	static
soc-dapm.c:3092:5:snd_soc_dapm_get_pin_switch	64	static
soc-dapm.c:3255:5:snd_soc_dapm_new_controls	64	static
soc-dapm.c:3377:5:snd_soc_dapm_new_pcm	320	static
soc-dapm.c:3419:5:snd_soc_dapm_new_dai_widgets	272	static
soc-dapm.c:3471:5:snd_soc_dapm_link_dai_widgets	96	static
soc-dapm.c:3590:6:snd_soc_dapm_connect_dai_link_widgets	128	static
soc-dapm.c:3633:6:snd_soc_dapm_stream_event	48	static
soc-dapm.c:3656:5:snd_soc_dapm_enable_pin_unlocked	32	static
soc-dapm.c:3674:5:snd_soc_dapm_enable_pin	32	static
soc-dapm.c:3115:5:snd_soc_dapm_put_pin_switch	32	static
soc-dapm.c:3702:5:snd_soc_dapm_force_enable_pin_unlocked	48	static
soc-dapm.c:3733:5:snd_soc_dapm_force_enable_pin	48	static
soc-dapm.c:3760:5:snd_soc_dapm_disable_pin_unlocked	32	static
soc-dapm.c:3777:5:snd_soc_dapm_disable_pin	32	static
soc-dapm.c:3808:5:snd_soc_dapm_nc_pin_unlocked	32	static
soc-dapm.c:3829:5:snd_soc_dapm_nc_pin	32	static
soc-dapm.c:3852:5:snd_soc_dapm_get_pin_status	16	static
soc-dapm.c:3875:5:snd_soc_dapm_ignore_suspend	32	static
soc-dapm.c:3934:6:snd_soc_dapm_auto_nc_pins	112	static
soc-dapm.c:3965:6:snd_soc_dapm_free	64	static
soc-dapm.c:4012:6:snd_soc_dapm_shutdown	48	static
