kd_sensorlist.c:3734:12:CAMERA_HW_Release	0	static
kd_sensorlist.c:3867:12:CAMERA_HW_i2c_remove	0	static
kd_sensorlist.c:3910:12:CAMERA_HW_Open2	0	static
kd_sensorlist.c:3930:12:CAMERA_HW_Release2	0	static
kd_sensorlist.c:4062:12:CAMERA_HW_i2c_remove2	0	static
kd_sensorlist.c:4120:12:CAMERA_HW_suspend	0	static
kd_sensorlist.c:4129:12:CAMERA_HW_resume	0	static
kd_sensorlist.c:4151:12:CAMERA_HW_suspend2	0	static
kd_sensorlist.c:4160:12:CAMERA_HW_resume2	0	static
kd_sensorlist.c:4343:16:CAMERA_HW_DumpReg_To_Proc	0	static
kd_sensorlist.c:4349:16:CAMERA_HW_DumpReg_To_Proc2	0	static
kd_sensorlist.c:4355:16:CAMERA_HW_DumpReg_To_Proc3	0	static
kd_sensorlist.c:917:1:kd_MultiSensorFeatureControl	80	static
kd_sensorlist.c:832:1:kd_MultiSensorGetInfo	496	static
kd_sensorlist.c:974:1:kd_MultiSensorControl	112	static
kd_sensorlist.c:1054:9:kd_MultiSensorClose	80	static
kd_sensorlist.c:752:9:kd_MultiSensorOpen	80	static
kd_sensorlist.c:880:9:kd_MultiSensorGetResolution	48	static
kd_sensorlist.c:4029:12:CAMERA_HW_i2c_probe2	48	static
kd_sensorlist.c:3694:12:CAMERA_HW_Open	16	static
kd_sensorlist.c:3373:13:CAMERA_HW_Ioctl_Compat	96	static
kd_sensorlist.c:4703:20:CAMERA_HW_i2C_exit	32	static
kd_sensorlist.c:4145:12:CAMERA_HW_remove2	16	static
kd_sensorlist.c:4111:12:CAMERA_HW_remove	16	static
kd_sensorlist.c:4137:12:CAMERA_HW_probe2	16	static
kd_sensorlist.c:4094:12:CAMERA_HW_probe	16	static
kd_sensorlist.c:4571:12:proc_camera_info_open	16	static
kd_sensorlist.c:4564:12:subsys_camera_info_read	48	static
kd_sensorlist.c:4468:16:CAMERA_HW_Reg_Debug3	112	static
kd_sensorlist.c:4425:16:CAMERA_HW_Reg_Debug2	112	static
kd_sensorlist.c:4365:16:CAMERA_HW_Reg_Debug	192	static
kd_sensorlist.c:4586:19:CAMERA_HW_i2C_init	48	static
kd_sensorlist.c:151:13:KD_IMGSENSOR_PROFILE_INIT	16	static
kd_sensorlist.c:159:13:KD_IMGSENSOR_PROFILE	32	static
kd_sensorlist.c:265:8:kdGetSensorInitFuncList	16	static
kd_sensorlist.c:279:5:iMultiReadReg	80	static
kd_sensorlist.c:329:5:iReadReg	80	static
kd_sensorlist.c:393:5:iReadRegI2C	80	static
kd_sensorlist.c:455:5:iWriteReg	96	static
kd_sensorlist.c:511:5:kdSetI2CBusNum	32	static
kd_sensorlist.c:525:6:kdSetI2CSpeed	48	static
kd_sensorlist.c:542:5:kdReleaseI2CTriggerLock	0	static
kd_sensorlist.c:559:5:iBurstWriteReg_multi	128	static
kd_sensorlist.c:661:5:iBurstWriteReg	16	static
kd_sensorlist.c:671:5:iMultiWriteReg	16	static
kd_sensorlist.c:695:5:iWriteRegI2C	64	static
kd_sensorlist.c:738:9:kdSetI2CSlaveID	64	static
kd_sensorlist.c:1125:1:kdModulePowerOn	64	static
kd_sensorlist.c:1150:5:kdSetDriver	144	static
kd_sensorlist.c:1235:5:kdSetCurrentSensorIdx	0	static
kd_sensorlist.c:1244:5:kdGetSocketPostion	0	static
kd_sensorlist.c:1267:5:kdSetSensorSyncFlag	48	static
kd_sensorlist.c:1284:5:kdCheckSensorPowerOn	0	static
kd_sensorlist.c:1297:5:kdSensorSyncFunctionPtr	64	static
kd_sensorlist.c:1351:5:kdGetRawGainInfoPtr	32	static
kd_sensorlist.c:1378:5:kdSetExpGain	80	static
kd_sensorlist.c:1416:5:kdSensorSetExpGainWaitDone	112	static
kd_sensorlist.c:3551:13:CAMERA_HW_Ioctl	1408	static
kd_sensorlist.c:3032:6:Get_Cam_Regulator	64	static
kd_sensorlist.c:3831:12:CAMERA_HW_i2c_probe	48	static
kd_sensorlist.c:3107:6:_hwPowerOn	32	static
kd_sensorlist.c:3145:6:_hwPowerDown	32	static
