mt_idle.c:650:12:sys_is_on	32	static
mt_idle.c:1492:22:go_to_rgidle	0	static
mt_idle.c:1601:19:dpidle_select_handler	112	static
mt_idle.c:1613:19:soidle_select_handler	112	static
mt_idle.c:1625:19:slidle_select_handler	32	static
mt_idle.c:1637:19:rgidle_select_handler	0	static
mt_idle.c:1846:12:_idle_state_open	0	static
mt_idle.c:1940:12:_dpidle_state_open	0	static
mt_idle.c:2043:12:_soidle_state_open	0	static
mt_idle.c:2143:12:_slidle_state_open	0	static
mt_idle.c:887:17:idle_get_current_time_ms	32	static
mt_idle.c:2148:12:slidle_state_open	16	static
mt_idle.c:2048:12:soidle_state_open	16	static
mt_idle.c:1945:12:dpidle_state_open	16	static
mt_idle.c:1851:12:idle_state_open	16	static
mt_idle.c:1895:16:idle_state_write	80	static
mt_idle.c:1856:16:idle_state_read	112	static
mt_idle.c:2153:16:slidle_state_read	96	static
mt_idle.c:2053:16:soidle_state_read	96	static
mt_idle.c:1950:16:dpidle_state_read	96	static
mt_idle.c:770:19:get_base_from_node.constprop	32	static
mt_idle.c:93:28:bus_dcm_enable	0	static
mt_idle.c:97:28:bus_dcm_disable	0	static
mt_idle.c:101:28:mt_dcm_topckg_enable	0	static
mt_idle.c:105:28:mt_dcm_topckg_disable	0	static
mt_idle.c:109:28:tscpu_cancel_thermal_timer	0	static
mt_idle.c:114:28:tscpu_start_thermal_timer	0	static
mt_idle.c:119:28:mtkts_bts_cancel_thermal_timer	0	static
mt_idle.c:124:28:mtkts_btsmdpa_cancel_thermal_timer	0	static
mt_idle.c:129:28:mtkts_pmic_cancel_thermal_timer	0	static
mt_idle.c:134:28:mtkts_battery_cancel_thermal_timer	0	static
mt_idle.c:139:28:mtkts_pa_cancel_thermal_timer	0	static
mt_idle.c:144:28:mtkts_wmt_cancel_thermal_timer	0	static
mt_idle.c:149:28:mtkts_bts_start_thermal_timer	0	static
mt_idle.c:154:28:mtkts_btsmdpa_start_thermal_timer	0	static
mt_idle.c:159:28:mtkts_pmic_start_thermal_timer	0	static
mt_idle.c:164:28:mtkts_battery_start_thermal_timer	0	static
mt_idle.c:169:28:mtkts_pa_start_thermal_timer	0	static
mt_idle.c:174:28:mtkts_wmt_start_thermal_timer	0	static
mt_idle.c:179:28:mtkts_allts_cancel_ts1_timer	0	static
mt_idle.c:184:28:mtkts_allts_cancel_ts2_timer	0	static
mt_idle.c:189:28:mtkts_allts_cancel_ts3_timer	0	static
mt_idle.c:194:28:mtkts_allts_cancel_ts4_timer	0	static
mt_idle.c:199:28:mtkts_allts_cancel_ts5_timer	0	static
mt_idle.c:204:28:mtkts_allts_start_ts1_timer	0	static
mt_idle.c:209:28:mtkts_allts_start_ts2_timer	0	static
mt_idle.c:214:28:mtkts_allts_start_ts3_timer	0	static
mt_idle.c:219:28:mtkts_allts_start_ts4_timer	0	static
mt_idle.c:224:28:mtkts_allts_start_ts5_timer	0	static
mt_idle.c:229:37:spm_go_to_dpidle	0	static
mt_idle.c:234:28:spm_go_to_sodi	0	static
mt_idle.c:239:28:spm_get_sodi_en	0	static
mt_idle.c:244:37:localtimer_get_counter	0	static
mt_idle.c:249:27:localtimer_set_next_event	0	static
mt_idle.c:254:27:hps_del_timer	0	static
mt_idle.c:259:27:hps_restart_timer	0	static
mt_idle.c:264:28:MMProfileEnable	0	static
mt_idle.c:269:28:MMProfileStart	0	static
mt_idle.c:274:28:msdc_clk_status	0	static
mt_idle.c:706:6:cg_check_idle_can_enter	112	static
mt_idle.c:759:6:faudintbus_pll2sq	0	static
mt_idle.c:765:6:faudintbus_sq2pll	0	static
mt_idle.c:858:13:cg_grp_get_name	16	static
mt_idle.c:865:5:idle_gpt_get_cnt	48	static
mt_idle.c:876:5:idle_gpt_get_cmp	48	static
mt_idle.c:897:6:idle_lock_spm	48	static
mt_idle.c:906:6:idle_unlock_spm	48	static
mt_idle.c:945:6:enable_soidle_by_bit	48	static
mt_idle.c:965:6:disable_soidle_by_bit	48	static
mt_idle.c:2092:16:soidle_state_write	96	static
mt_idle.c:986:6:defeature_soidle_by_display	0	static
mt_idle.c:1120:6:soidle_before_wfi	16	static
mt_idle.c:1137:6:soidle_after_wfi	64	static
mt_idle.c:1180:6:enable_dpidle_by_bit	48	static
mt_idle.c:1200:6:disable_dpidle_by_bit	48	static
mt_idle.c:1991:16:dpidle_state_write	96	static
mt_idle.c:1319:6:spm_dpidle_before_wfi	32	static
mt_idle.c:1344:6:spm_dpidle_after_wfi	48	static
mt_idle.c:1399:6:enable_slidle_by_bit	48	static
mt_idle.c:1409:6:disable_slidle_by_bit	48	static
mt_idle.c:2182:16:slidle_state_write	96	static
mt_idle.c:1654:6:dump_idle_cnt_in_interval	128	static
mt_idle.c:1729:13:idle_ratio_calc_start	48	static
mt_idle.c:1735:13:idle_ratio_calc_stop	48	static
mt_idle.c:1741:5:mt_idle_select	48	static
mt_idle.c:1756:5:dpidle_enter	48	static
mt_idle.c:1788:5:soidle_enter	32	static
mt_idle.c:1804:5:slidle_enter	48	static
mt_idle.c:1818:5:rgidle_enter	48	static
mt_idle.c:1832:6:mt_idle_init	0	static
mt_idle.c:2240:6:mt_cpuidle_framework_init	48	static
