mt_spm_sleep.c:890:29:aee_rr_rec_spm_suspend_val	0	static
mt_spm_sleep.c:894:28:aee_rr_curr_spm_suspend_val	0	static
mt_spm_sleep.c:902:28:exec_ccci_kern_func_by_md_id	0	static
mt_spm_sleep.c:908:28:get_dynamic_period	0	static
mt_spm_sleep.c:919:29:mt_cirq_clone_gic	0	static
mt_spm_sleep.c:923:29:mt_cirq_enable	0	static
mt_spm_sleep.c:927:29:mt_cirq_flush	0	static
mt_spm_sleep.c:931:29:mt_cirq_disable	0	static
mt_spm_sleep.c:935:28:request_uart_to_sleep	0	static
mt_spm_sleep.c:940:28:request_uart_to_wakeup	0	static
mt_spm_sleep.c:945:29:mtk_uart_restore	0	static
mt_spm_sleep.c:949:29:mt_eint_print_status	0	static
mt_spm_sleep.c:1076:6:spm_i2c_control	0	static
mt_spm_sleep.c:1431:5:spm_set_sleep_wakesrc	48	static
mt_spm_sleep.c:1458:5:spm_get_sleep_wakesrc	0	static
mt_spm_sleep.c:1507:6:spm_suspend_aee_init	16	static
mt_spm_sleep.c:1516:28:get_dlpt_imix_spm	0	static
mt_spm_sleep.c:1522:15:spm_go_to_sleep	176	static
mt_spm_sleep.c:1718:6:spm_is_md_sleep	0	static
mt_spm_sleep.c:1724:6:spm_is_md1_sleep	0	static
mt_spm_sleep.c:1729:6:spm_is_md2_sleep	0	static
mt_spm_sleep.c:1734:6:spm_is_conn_sleep	0	static
mt_spm_sleep.c:1739:6:spm_set_wakeup_src_check	0	static
mt_spm_sleep.c:1748:6:spm_check_wakeup_src	32	static
mt_spm_sleep.c:1762:6:spm_poweron_config_set	32	static
mt_spm_sleep.c:1772:6:spm_md32_sram_con	32	static
mt_spm_sleep.c:1796:6:spm_ap_mdsrc_req	64	static
mt_spm_sleep.c:1863:6:spm_output_sleep_option	16	static
mt_spm_sleep.c:1870:5:spm_get_last_wakeup_src	0	static
mt_spm_sleep.c:1875:5:spm_get_last_wakeup_misc	0	static
