smp.c:955:13:do_nothing	0	static
smp.c:157:12:generic_exec_single	128	static
smp.c:551:19:nrcpus	48	static
smp.c:748:1:timestamp_enable_proc_open	32	static
smp.c:751:1:cpu_lat_proc_open	32	static
smp.c:617:12:timestamp_enable_proc_show	16	static
smp.c:603:16:timestamp_enable_proc_write	48	static
smp.c:655:12:cpu_lat_proc_show	80	static
smp.c:260:13:flush_smp_call_function_queue	48	static
smp.c:48:1:hotplug_cfd	32	static
smp.c:100:13:call_function_init	48	static
smp.c:216:6:generic_smp_call_function_single_interrupt	16	static
smp.c:316:5:smp_call_function_single	64	static
smp.c:361:5:smp_call_function_single_async	48	static
smp.c:387:5:smp_call_function_any	64	static
smp.c:430:6:smp_call_function_many	96	static
smp.c:512:5:smp_call_function	48	static
smp.c:538:13:arch_disable_smp_support	0	static
smp.c:540:19:nosmp	16	static
smp.c:564:19:maxcpus	48	static
smp.c:580:13:setup_nr_cpu_ids	16	static
smp.c:585:13:smp_announce	16	static
smp.c:595:6:hotplug_get_current_time_us	32	static
smp.c:802:13:smp_init	80	static
smp.c:847:5:on_each_cpu	64	static
smp.c:878:6:on_each_cpu_mask	64	static
smp.c:921:6:on_each_cpu_cond	112	static
smp.c:970:6:kick_all_cpus_sync	16	static
smp.c:984:6:wake_up_all_idle_cpus	48	static
