osal.c:659:7:_osal_fifo_init	48	static
osal.c:709:7:_osal_fifo_size	16	static
osal.c:728:7:_osal_fifo_avail_size	16	static
osal.c:765:7:_osal_fifo_is_empty	16	static
osal.c:783:7:_osal_fifo_is_full	16	static
osal.c:849:7:_osal_fifo_reset	16	static
osal.c:692:7:_osal_fifo_deinit	16	static
osal.c:801:7:_osal_fifo_data_in	48	static
osal.c:747:7:_osal_fifo_len	16	static
osal.c:825:7:_osal_fifo_data_out	48	static
osal.c:106:8:osal_strlen	16	static
osal.c:111:7:osal_strcmp	16	static
osal.c:116:7:osal_strncmp	16	static
osal.c:121:7:osal_strcpy	16	static
osal.c:126:7:osal_strncpy	16	static
osal.c:131:7:osal_strcat	16	static
osal.c:136:7:osal_strncat	16	static
osal.c:141:7:osal_strchr	16	static
osal.c:146:7:osal_strsep	16	static
osal.c:151:7:osal_strtol	16	static
osal.c:159:7:osal_strstr	16	static
osal.c:164:7:osal_strnstr	16	static
osal.c:169:6:osal_bug_on	16	static
osal.c:174:7:osal_snprintf	128	static
osal.c:188:7:osal_err_print	400	static
osal.c:202:7:osal_dbg_print	400	static
osal.c:216:7:osal_warn_print	400	static
osal.c:230:7:osal_dbg_assert	16	static
osal.c:248:7:osal_dbg_assert_aee	32	static
osal.c:259:7:osal_sprintf	128	static
osal.c:271:7:osal_malloc	16	static
osal.c:276:6:osal_free	16	static
osal.c:281:7:osal_memset	16	static
osal.c:286:7:osal_memcpy	16	static
osal.c:292:7:osal_memcmp	16	static
osal.c:297:8:osal_crc16	0	static
osal.c:310:6:osal_thread_show_stack	16	static
osal.c:320:7:osal_thread_create	32	static
osal.c:329:7:osal_thread_run	16	static
osal.c:339:7:osal_thread_stop	16	static
osal.c:351:7:osal_thread_should_stop	16	static
osal.c:360:7:osal_thread_wait_for_event	96	static
osal.c:373:7:osal_thread_destroy	32	static
osal.c:392:7:osal_signal_init	16	static
osal.c:402:7:osal_wait_for_signal	16	static
osal.c:412:7:osal_wait_for_signal_timeout	32	static
osal.c:422:7:osal_raise_signal	16	static
osal.c:431:7:osal_signal_active_state	0	static
osal.c:439:7:osal_signal_deinit	0	static
osal.c:458:7:osal_event_init	16	static
osal.c:467:7:osal_trigger_event	16	static
osal.c:478:7:osal_wait_for_event	112	static
osal.c:486:7:osal_wait_for_event_timeout	112	static
osal.c:497:7:osal_event_deinit	0	static
osal.c:502:6:osal_wait_for_event_bit_set	112	static
osal.c:520:6:osal_wait_for_event_bit_clr	112	static
osal.c:559:7:osal_clear_bit	16	static
osal.c:567:7:osal_set_bit	16	static
osal.c:575:7:osal_test_bit	0	static
osal.c:585:7:osal_test_and_clear_bit	16	static
osal.c:596:7:osal_test_and_set_bit	16	static
osal.c:616:7:osal_timer_create	32	static
osal.c:626:7:osal_timer_start	16	static
osal.c:636:7:osal_timer_stop	16	static
osal.c:644:7:osal_timer_stop_sync	16	static
osal.c:652:7:osal_timer_modify	16	static
osal.c:866:7:osal_fifo_init	48	static
osal.c:895:6:osal_fifo_deinit	32	static
osal.c:906:7:osal_fifo_reset	16	static
osal.c:919:8:osal_fifo_in	16	static
osal.c:933:8:osal_fifo_out	16	static
osal.c:947:8:osal_fifo_len	16	static
osal.c:961:8:osal_fifo_sz	16	static
osal.c:975:8:osal_fifo_avail	16	static
osal.c:989:8:osal_fifo_is_empty	16	static
osal.c:1003:8:osal_fifo_is_full	16	static
osal.c:1016:7:osal_wake_lock_init	32	static
osal.c:1029:7:osal_wake_lock_deinit	32	static
osal.c:1042:7:osal_wake_lock	16	static
osal.c:1056:7:osal_wake_unlock	16	static
osal.c:1071:7:osal_wake_lock_count	0	static
osal.c:1096:7:osal_unsleepable_lock_init	0	static
osal.c:1103:7:osal_lock_unsleepable_lock	32	static
osal.c:1109:7:osal_unlock_unsleepable_lock	16	static
osal.c:1115:7:osal_unsleepable_lock_deinit	0	static
osal.c:1131:7:osal_sleepable_lock_init	16	static
osal.c:1138:7:osal_lock_sleepable_lock	16	static
osal.c:1143:7:osal_unlock_sleepable_lock	16	static
osal.c:1149:7:osal_sleepable_lock_deinit	0	static
osal.c:1155:7:osal_sleep_ms	16	static
osal.c:1161:7:osal_udelay	16	static
osal.c:1167:7:osal_gettimeofday	64	static
osal.c:1187:7:osal_printtimeofday	48	static
osal.c:1199:6:osal_buffer_dump	64	static
osal.c:1221:8:osal_op_get_id	0	static
osal.c:1226:14:osal_op_is_wait_for_signal	0	static
osal.c:1231:6:osal_op_raise_signal	16	static
osal.c:1239:7:osal_ftrace_print	400	static
osal.c:1256:7:osal_ftrace_print_ctrl	0	static
osal.c:1267:6:osal_set_op_result	0	static
