leds.c:115:6:mt_leds_wake_lock_init	32	static
leds.c:120:14:mt_get_bl_brightness	0	static
leds.c:125:14:mt_get_bl_duty	0	static
leds.c:130:14:mt_get_bl_div	0	static
leds.c:135:14:mt_get_bl_frequency	0	static
leds.c:140:15:mt_get_div_array	0	static
leds.c:145:6:mt_set_bl_duty	0	static
leds.c:150:6:mt_set_bl_div	0	static
leds.c:155:6:mt_set_bl_frequency	0	static
leds.c:160:25:get_cust_led_dtsi	176	static
leds.c:281:25:mt_get_cust_led_list	16	static
leds.c:314:5:mt_led_set_pwm	160	static
leds.c:522:5:mt_led_blink_pmic	64	static
leds.c:574:5:mt_backlight_set_pwm	144	static
leds.c:684:6:mt_led_pwm_disable	32	static
leds.c:691:6:mt_backlight_set_pwm_duty	16	static
leds.c:697:6:mt_backlight_set_pwm_div	16	static
leds.c:703:6:mt_backlight_get_pwm_fsel	0	static
leds.c:708:6:mt_store_pwm_register	0	static
leds.c:713:14:mt_show_pwm_register	0	static
leds.c:718:5:mt_brightness_set_pmic	64	static
leds.c:783:5:mt_brightness_set_pmic_duty_store	0	static
leds.c:788:5:mt_mt65xx_led_set_cust	64	static
leds.c:880:6:mt_mt65xx_led_work	32	static
leds.c:891:6:mt_mt65xx_led_set	48	static
leds.c:961:5:mt_mt65xx_blink_set	48	static
