videocodec_kernel_driver_D3.c:1793:12:get_uptr_to_32	0	static
videocodec_kernel_driver_D3.c:2173:12:vcodec_flush	0	static
videocodec_kernel_driver_D3.c:2277:6:vcodec_vma_open	0	static
videocodec_kernel_driver_D3.c:2282:6:vcodec_vma_close	0	static
videocodec_kernel_driver_D3.c:2499:12:vcodec_remove	0	static
videocodec_kernel_driver_D3.c:2157:12:vcodec_open	32	static
videocodec_kernel_driver_D3.c:2181:12:vcodec_release	96	static
videocodec_kernel_driver_D3.c:2691:20:vcodec_driver_exit	48	static
videocodec_kernel_driver_D3.c:2292:12:vcodec_mmap	32	static
videocodec_kernel_driver_D3.c:692:13:vcodec_alloc_non_cache_buffer	144	static
videocodec_kernel_driver_D3.c:735:13:vcodec_free_non_cache_buffer	160	static
videocodec_kernel_driver_D3.c:1230:13:vcodec_waitisr	160	static
videocodec_kernel_driver_D3.c:2354:12:vcodec_probe	80	static
videocodec_kernel_driver_D3.c:2540:19:vcodec_driver_init	112	static
videocodec_kernel_driver_D3.c:389:6:vdec_power_on	32	static
videocodec_kernel_driver_D3.c:440:6:vdec_power_off	32	static
videocodec_kernel_driver_D3.c:466:6:venc_power_on	32	static
videocodec_kernel_driver_D3.c:829:13:vcodec_lockhw	192	static
videocodec_kernel_driver_D3.c:520:6:venc_power_off	32	static
videocodec_kernel_driver_D3.c:1139:13:vcodec_unlockhw	144	static
videocodec_kernel_driver_D3.c:1326:13:vcodec_unlocked_ioctl	112	static
videocodec_kernel_driver_D3.c:2019:13:vcodec_unlocked_compat_ioctl	256	static
videocodec_kernel_driver_D3.c:547:6:dec_isr	48	static
videocodec_kernel_driver_D3.c:680:20:video_intr_dlr	16	static
videocodec_kernel_driver_D3.c:600:6:enc_isr	48	static
videocodec_kernel_driver_D3.c:686:20:video_intr_dlr2	16	static
