mt_clkmgr3.c:569:12:pll_get_state_op	0	static
mt_clkmgr3.c:592:13:sdm_pll_disable_op	0	static
mt_clkmgr3.c:634:12:sdm_pll_dump_regs_op	0	static
mt_clkmgr3.c:1354:12:sys_get_state_op	0	static
mt_clkmgr3.c:1370:12:sys_dump_regs_op	0	static
mt_clkmgr3.c:2648:12:general_grp_dump_regs_op	0	static
mt_clkmgr3.c:2674:12:disp0_grp_dump_regs_op	0	static
mt_clkmgr3.c:2688:21:vdec_grp_get_state_op	16	static
mt_clkmgr3.c:2697:12:vdec_grp_dump_regs_op	0	static
mt_clkmgr3.c:2711:21:venc_grp_get_state_op	16	static
mt_clkmgr3.c:2720:12:venc_grp_dump_regs_op	0	static
mt_clkmgr3.c:2812:12:general_clk_get_state_op	0	static
mt_clkmgr3.c:2822:12:general_clk_check_validity_op	0	static
mt_clkmgr3.c:2832:12:general_clk_enable_op	0	static
mt_clkmgr3.c:2842:12:general_clk_disable_op	0	static
mt_clkmgr3.c:2859:12:disp0_clk_get_state_op	0	static
mt_clkmgr3.c:2869:12:disp0_clk_enable_op	0	static
mt_clkmgr3.c:2884:12:disp0_clk_disable_op	0	static
mt_clkmgr3.c:2935:12:audsys_clk_enable_op	0	static
mt_clkmgr3.c:2942:12:audsys_clk_disable_op	0	static
mt_clkmgr3.c:2956:12:vdec_clk_get_state_op	0	static
mt_clkmgr3.c:2969:12:venc_clk_get_state_op	0	static
mt_clkmgr3.c:4673:5:clk_pm_restore_noirq	32	static
mt_clkmgr3.c:740:12:pll_disable_locked	32	static
mt_clkmgr3.c:612:13:sdm_pll_fsel_op	16	static
mt_clkmgr3.c:574:13:sdm_pll_enable_op	32	static
mt_clkmgr3.c:682:13:arm_pll_fsel_op	16	static
mt_clkmgr3.c:1218:12:mfg_sys_disable_op	16	static
mt_clkmgr3.c:1203:12:mfg_sys_enable_op	16	static
mt_clkmgr3.c:2309:13:clkmux_disable_op	16	static
mt_clkmgr3.c:2270:13:clkmux_enable_op	16	static
mt_clkmgr3.c:2218:13:clkmux_sel_op	16	static
mt_clkmgr3.c:1169:12:conn_sys_disable_op	16	static
mt_clkmgr3.c:1161:12:conn_sys_enable_op	16	static
mt_clkmgr3.c:1153:12:md2_sys_disable_op	16	static
mt_clkmgr3.c:1145:12:md2_sys_enable_op	16	static
mt_clkmgr3.c:1137:12:md1_sys_disable_op	16	static
mt_clkmgr3.c:1129:12:md1_sys_enable_op	16	static
mt_clkmgr3.c:4609:12:proc_armpll_ckdiv_open	16	static
mt_clkmgr3.c:4597:12:proc_slp_chk_mtcmos_pll_stat_open	16	static
mt_clkmgr3.c:4584:12:proc_clk_force_on_open	16	static
mt_clkmgr3.c:4571:12:proc_clk_stat_open	16	static
mt_clkmgr3.c:4557:12:proc_clk_test_open	16	static
mt_clkmgr3.c:4544:12:proc_mux_stat_open	16	static
mt_clkmgr3.c:4531:12:proc_mux_test_open	16	static
mt_clkmgr3.c:4518:12:proc_subsys_stat_open	16	static
mt_clkmgr3.c:4504:12:proc_subsys_test_open	16	static
mt_clkmgr3.c:4491:12:proc_pll_stat_open	16	static
mt_clkmgr3.c:4477:12:proc_pll_fsel_open	16	static
mt_clkmgr3.c:4464:12:proc_pll_test_open	16	static
mt_clkmgr3.c:4435:12:armpll_ckdiv_read	16	static
mt_clkmgr3.c:4429:12:slp_chk_mtcmos_pll_stat_read	16	static
mt_clkmgr3.c:4441:16:armpll_ckdiv_write	96	static
mt_clkmgr3.c:4384:12:clk_force_on_read	48	static
mt_clkmgr3.c:4147:12:mux_stat_read	80	static
mt_clkmgr3.c:4127:12:mux_test_read	32	static
mt_clkmgr3.c:4102:12:subsys_stat_read	80	static
mt_clkmgr3.c:4018:12:pll_stat_read	80	static
mt_clkmgr3.c:4207:16:clk_test_write	128	static
mt_clkmgr3.c:2635:21:general_grp_get_state_op	16	static
mt_clkmgr3.c:2661:21:disp0_grp_get_state_op	16	static
mt_clkmgr3.c:1849:13:larb_clk_prepare	16	static
mt_clkmgr3.c:1877:13:larb_clk_finish	16	static
mt_clkmgr3.c:1905:13:larb_backup	48	static
mt_clkmgr3.c:1318:12:ven_sys_disable_op	16	static
mt_clkmgr3.c:1269:12:vde_sys_disable_op	16	static
mt_clkmgr3.c:1245:12:isp_sys_disable_op	16	static
mt_clkmgr3.c:1191:12:dis_sys_disable_op	16	static
mt_clkmgr3.c:1925:13:larb_restore	48	static
mt_clkmgr3.c:1306:12:ven_sys_enable_op	32	static
mt_clkmgr3.c:1257:12:vde_sys_enable_op	32	static
mt_clkmgr3.c:1233:12:isp_sys_enable_op	32	static
mt_clkmgr3.c:1177:12:dis_sys_enable_op	32	static
mt_clkmgr3.c:657:12:sdm_pll_hp_disable_op	16	static
mt_clkmgr3.c:643:12:sdm_pll_hp_enable_op	16	static
mt_clkmgr3.c:3360:13:grp_get_name.part.23	16	static
mt_clkmgr3.c:4313:13:clk_stat_bug	96	static
mt_clkmgr3.c:4241:12:clk_stat_read	96	static
mt_clkmgr3.c:4176:12:clk_test_read	96	static
mt_clkmgr3.c:278:5:clkmgr_is_locked	0	static
mt_clkmgr3.c:291:6:update_stat_locked	64	static
mt_clkmgr3.c:2381:13:mux_enable_locked	32	static
mt_clkmgr3.c:2409:13:mux_disable_locked	32	static
mt_clkmgr3.c:1480:12:sys_enable_locked	32	static
mt_clkmgr3.c:3004:12:clk_enable_locked	48	static
mt_clkmgr3.c:1513:12:sys_disable_locked	32	static
mt_clkmgr3.c:3063:12:clk_disable_locked	48	static
mt_clkmgr3.c:783:5:pll_is_on	64	static
mt_clkmgr3.c:803:5:enable_pll	64	static
mt_clkmgr3.c:831:5:disable_pll	64	static
mt_clkmgr3.c:3933:16:pll_test_write	128	static
mt_clkmgr3.c:859:5:pll_fsel	64	static
mt_clkmgr3.c:3996:16:pll_fsel_write	96	static
mt_clkmgr3.c:881:5:pll_hp_switch_on	64	static
mt_clkmgr3.c:918:5:pll_hp_switch_off	64	static
mt_clkmgr3.c:957:5:pll_dump_regs	16	static
mt_clkmgr3.c:3967:12:pll_fsel_read	96	static
mt_clkmgr3.c:3911:12:pll_test_read	112	static
mt_clkmgr3.c:972:13:pll_get_name	16	static
mt_clkmgr3.c:982:6:set_mipi26m	32	static
mt_clkmgr3.c:1001:6:set_ada_ssusb_xtal_ck	48	static
mt_clkmgr3.c:1458:5:subsys_is_on	64	static
mt_clkmgr3.c:1558:5:enable_subsys	48	static
mt_clkmgr3.c:1579:5:disable_subsys	48	static
mt_clkmgr3.c:1600:5:disable_subsys_force	48	static
mt_clkmgr3.c:4069:16:subsys_test_write	112	static
mt_clkmgr3.c:1616:5:subsys_dump_regs	16	static
mt_clkmgr3.c:4043:12:subsys_test_read	112	static
mt_clkmgr3.c:1632:13:subsys_get_name	16	static
mt_clkmgr3.c:1644:5:md_power_on	64	static
mt_clkmgr3.c:1693:5:md_power_off	96	static
mt_clkmgr3.c:1750:5:conn_power_on	48	static
mt_clkmgr3.c:1780:5:conn_power_off	48	static
mt_clkmgr3.c:1814:6:register_larb_monitor	48	static
mt_clkmgr3.c:1837:6:unregister_larb_monitor	32	static
mt_clkmgr3.c:2444:5:clkmux_sel	64	static
mt_clkmgr3.c:2483:6:enable_mux	64	static
mt_clkmgr3.c:2511:6:disable_mux	64	static
mt_clkmgr3.c:3148:5:mt_enable_clock	64	static
mt_clkmgr3.c:3181:5:mt_disable_clock	64	static
mt_clkmgr3.c:3213:5:enable_clock_ext_locked	48	static
mt_clkmgr3.c:3235:5:disable_clock_ext_locked	48	static
mt_clkmgr3.c:3256:5:clock_is_on	64	static
mt_clkmgr3.c:3289:6:clk_set_force_on	32	static
mt_clkmgr3.c:3309:6:clk_clr_force_on	32	static
mt_clkmgr3.c:4405:16:clk_force_on_write	112	static
mt_clkmgr3.c:3329:5:clk_is_force_on	32	static
mt_clkmgr3.c:3345:5:grp_dump_regs	16	static
mt_clkmgr3.c:3360:13:grp_get_name	16	static
mt_clkmgr3.c:3374:6:print_grp_regs	80	static
mt_clkmgr3.c:4744:19:mt_clkmgr_late_init	32	static
mt_clkmgr3.c:3729:6:iomap	32	static
mt_clkmgr3.c:3806:5:mt_clkmgr_init	96	static
mt_clkmgr3.c:3854:6:clkmgr_idle_can_enter	64	static
mt_clkmgr3.c:3896:6:clkmgr_faudintbus_pll2sq	0	static
mt_clkmgr3.c:3902:6:clkmgr_faudintbus_sq2pll	0	static
mt_clkmgr3.c:4277:6:clk_stat_check	96	static
mt_clkmgr3.c:4350:6:slp_check_pm_mtcmos_pll	80	static
mt_clkmgr3.c:4620:6:mt_clkmgr_debug_init	32	static
mt_clkmgr3.c:4717:12:mt_clkmgr_debug_module_init	32	static
mt_clkmgr3.c:4769:6:all_force_off	0	static
mt_clkmgr3.c:4837:5:clk_monitor_0	64	static
mt_clkmgr3.c:4865:5:clk_monitor	64	static
