mt_ptp.c:661:13:base_ops_switch_bank	0	static
mt_ptp.c:810:12:base_ops_get_status	64	static
mt_ptp.c:1025:12:set_volt_cpu	16	static
mt_ptp.c:1017:12:get_volt_cpu	16	static
mt_ptp.c:742:12:base_ops_init02	32	static
mt_ptp.c:713:12:base_ops_init01	32	static
mt_ptp.c:883:13:base_ops_set_phase	48	static
mt_ptp.c:2432:19:vcore_ptp_init	16	static
mt_ptp.c:2380:19:dt_get_ptp_devinfo	64	static
mt_ptp.c:1260:13:ptp_set_ptp_volt	32	static
mt_ptp.c:1661:20:ptp_isr	64	static
mt_ptp.c:1110:12:ptp_volt_thread_handler	96	static
mt_ptp.c:968:12:base_ops_get_temp	16	static
mt_ptp.c:769:12:base_ops_mon_mode	48	static
mt_ptp.c:1076:29:ptp_log_timer_func	160	static
mt_ptp.c:2290:12:create_procfs	176	static
mt_ptp.c:2284:1:ptp_stress_result_proc_open	32	static
mt_ptp.c:2285:1:ptp_log_en_proc_open	32	static
mt_ptp.c:2283:1:ptp_dump_proc_open	32	static
mt_ptp.c:2288:1:ptp_offset_proc_open	32	static
mt_ptp.c:2287:1:ptp_cur_volt_proc_open	32	static
mt_ptp.c:2286:1:ptp_status_proc_open	32	static
mt_ptp.c:2282:1:ptp_debug_proc_open	32	static
mt_ptp.c:2073:12:ptp_stress_result_proc_show	16	static
mt_ptp.c:2086:12:ptp_status_proc_show	144	static
mt_ptp.c:2008:12:ptp_dump_proc_show	80	static
mt_ptp.c:2126:16:ptp_log_en_proc_write	64	static
mt_ptp.c:2204:16:ptp_offset_proc_write	80	static
mt_ptp.c:1961:16:ptp_debug_proc_write	80	static
mt_ptp.c:1829:12:ptp_suspend	0	static
mt_ptp.c:1006:13:base_ops_get_freq_table	0	static
mt_ptp.c:999:13:base_ops_restore_default_volt	16	static
mt_ptp.c:990:12:base_ops_set_volt	16	static
mt_ptp.c:981:12:base_ops_get_volt	16	static
mt_ptp.c:827:13:base_ops_dump_status	0	static
mt_ptp.c:654:13:base_ops_enable	0	static
mt_ptp.c:1042:13:get_freq_table_cpu	64	static
mt_ptp.c:1032:13:restore_default_volt_cpu	16	static
mt_ptp.c:668:13:base_ops_disable_locked	32	static
mt_ptp.c:2118:12:ptp_log_en_proc_show	16	static
mt_ptp.c:2189:12:ptp_offset_proc_show	16	static
mt_ptp.c:2054:12:ptp_cur_volt_proc_show	32	static
mt_ptp.c:1945:12:ptp_debug_proc_show	48	static
mt_ptp.c:699:13:base_ops_disable	64	static
mt_ptp.c:1061:6:mt_ptp_lock	32	static
mt_ptp.c:1067:6:mt_ptp_unlock	16	static
mt_ptp.c:1694:6:ptp_init01	96	static
mt_ptp.c:1784:12:ptp_probe	64	static
mt_ptp.c:1727:6:ptp_init02	48	static
mt_ptp.c:1839:12:ptp_resume	16	static
mt_ptp.c:1754:6:get_devinfo	32	static
mt_ptp.c:1876:5:mt_ptp_opp_num	0	static
mt_ptp.c:1887:6:mt_ptp_opp_freq	0	static
mt_ptp.c:1901:6:mt_ptp_opp_status	0	static
mt_ptp.c:1920:5:mt_ptp_status	16	static
mt_ptp.c:2362:5:get_ptpod_status	32	static
mt_ptp.c:2401:14:is_have_550	0	static
mt_ptp.c:2405:14:get_vcore_ptp_volt	0	static
mt_ptp.c:2438:6:process_voltage_bin	32	static
mt_ptp.c:2466:19:ptp_init	48	static
mt_ptp.c:2513:20:ptp_exit	16	static
