mt_vcore_dvfs_3.c:192:21:get_vcore_uv	48	static
mt_vcore_dvfs_3.c:385:21:find_min_opp	32	static
mt_vcore_dvfs_3.c:357:12:set_fddr_with_opp	48	static
mt_vcore_dvfs_3.c:763:16:error_table_show	32	static
mt_vcore_dvfs_3.c:700:16:opp_table_show	96	static
mt_vcore_dvfs_3.c:783:16:vcore_debug_show	96	static
mt_vcore_dvfs_3.c:203:13:update_vcore_pwrap_cmd.constprop	48	static
mt_vcore_dvfs_3.c:726:16:opp_table_store	96	static
mt_vcore_dvfs_3.c:289:12:set_vcore_with_opp	64	static
mt_vcore_dvfs_3.c:486:12:kick_dvfs_by_opp_index	48	static
mt_vcore_dvfs_3.c:679:12:late_init_to_lowpwr_opp	32	static
mt_vcore_dvfs_3.c:243:6:vcorefs_list_kicker_request	16	static
mt_vcore_dvfs_3.c:255:14:vcorefs_get_curr_voltage	48	static
mt_vcore_dvfs_3.c:260:5:get_ddr_khz	16	static
mt_vcore_dvfs_3.c:269:5:get_ddr_khz_by_steps	16	static
mt_vcore_dvfs_3.c:967:19:vcorefs_module_init	64	static
mt_vcore_dvfs_3.c:279:6:is_vcorefs_can_work	0	static
mt_vcore_dvfs_3.c:551:5:vcorefs_request_dvfs_opp	48	static
mt_vcore_dvfs_3.c:838:16:vcore_debug_store	96	static
mt_vcore_dvfs_3.c:580:5:vcorefs_sdio_lock_dvfs	32	static
mt_vcore_dvfs_3.c:597:14:vcorefs_sdio_get_vcore_nml	48	static
mt_vcore_dvfs_3.c:614:5:vcorefs_sdio_set_vcore_nml	48	static
mt_vcore_dvfs_3.c:635:5:vcorefs_sdio_unlock_dvfs	48	static
mt_vcore_dvfs_3.c:655:6:vcorefs_sdio_need_multi_autok	0	static
