lsm6ds3.c:1706:12:lsm6ds3_open_report_data	0	static
lsm6ds3.c:2121:12:lsm6ds3_release	0	static
lsm6ds3.c:3004:20:lsm6ds3_exit	16	static
lsm6ds3.c:2304:13:lsm6ds3_acc_compat_ioctl	32	static
lsm6ds3.c:2982:19:lsm6ds3_init	32	static
lsm6ds3.c:2815:12:lsm6ds3_local_uninit	16	static
lsm6ds3.c:299:13:LSM6DS3_dumpReg	64	static
lsm6ds3.c:581:12:LSM6DS3_acc_SetPowerMode	80	static
lsm6ds3.c:1715:12:lsm6ds3_enable_nodata	64	static
lsm6ds3.c:707:12:LSM6DS3_acc_SetSampleRate	64	static
lsm6ds3.c:1515:16:show_layout_value	32	static
lsm6ds3.c:2692:12:lsm6ds3_i2c_remove	80	static
lsm6ds3.c:1529:16:store_layout_value	64	static
lsm6ds3.c:2737:12:lsm6ds3_local_init	160	static
lsm6ds3.c:2436:12:lsm6ds3_acc_resume	48	static
lsm6ds3.c:2402:12:lsm6ds3_acc_suspend	48	static
lsm6ds3.c:1751:12:lsm6ds3_set_delay	48	static
lsm6ds3.c:2109:12:lsm6ds3_open	16	static
lsm6ds3.c:1442:16:store_trace_value	64	static
lsm6ds3.c:1804:12:lsm6ds3_get_data.part.11	16	static
lsm6ds3.c:1463:16:show_chipinit_value	16	static
lsm6ds3.c:1493:16:show_status_value	32	static
lsm6ds3.c:1427:16:show_trace_value	16	static
lsm6ds3.c:1395:16:show_sensordata_value.part.16	16	static
lsm6ds3.c:1381:16:show_chipinfo_value.part.17	16	static
lsm6ds3.c:1658:12:LSM6DS3_init_client	96	static
lsm6ds3.c:1477:16:store_chipinit_value	32	static
lsm6ds3.c:2580:12:lsm6ds3_i2c_probe	80	static
lsm6ds3.c:1381:16:show_chipinfo_value	96	static
lsm6ds3.c:1258:12:LSM6DS3_ReadAccData.isra.9	112	static
lsm6ds3.c:1804:12:lsm6ds3_get_data	128	static
lsm6ds3.c:1395:16:show_sensordata_value	112	static
lsm6ds3.c:1332:12:LSM6DS3_ReadAccRawData	48	static
lsm6ds3.c:2127:13:lsm6ds3_acc_unlocked_ioctl	176	static
lsm6ds3.c:1411:16:show_sensorrawdata_value	48	static
