memory.c:122:19:disable_randmaps	0	static
memory.c:137:19:init_zero_pfn	0	static
memory.c:328:13:tlb_remove_table_smp_sync	0	static
memory.c:2799:12:fault_around_bytes_get	0	static
memory.c:259:13:tlb_flush_mmu_free	48	static
memory.c:346:13:tlb_remove_table_rcu	32	static
memory.c:655:13:print_bad_pte	96	static
memory.c:2823:19:fault_around_debugfs	16	static
memory.c:2820:1:fault_around_bytes_fops_open	16	static
memory.c:2000:12:do_page_mkwrite	80	static
memory.c:2725:12:__do_fault	96	static
memory.c:3601:12:__access_remote_vm	144	static
memory.c:2810:12:fault_around_bytes_set	0	static
memory.c:247:13:tlb_flush_mmu_tlbonly	32	static
memory.c:147:6:sync_mm_rss	0	static
memory.c:227:6:tlb_gather_mmu	0	static
memory.c:270:6:tlb_flush_mmu	32	static
memory.c:280:6:tlb_finish_mmu	32	static
memory.c:302:5:__tlb_remove_page	32	static
memory.c:359:6:tlb_table_flush	32	static
memory.c:369:6:tlb_remove_table	32	static
memory.c:479:6:free_pgd_range	144	static
memory.c:537:6:free_pgtables	64	static
memory.c:572:5:__pte_alloc	48	static
memory.c:1656:12:remap_pte_range	64	static
memory.c:612:5:__pte_alloc_kernel	48	static
memory.c:1840:12:apply_to_pte_range	112	static
memory.c:759:14:vm_normal_page	16	static
memory.c:1282:13:unmap_page_range	192	static
memory.c:1414:13:zap_page_range_single	208	static
memory.c:2044:12:do_wp_page	112	static
memory.c:1367:6:unmap_vmas	48	static
memory.c:1388:6:zap_page_range	208	static
memory.c:1442:5:zap_vma_ptes	16	static
memory.c:2382:6:unmap_mapping_range	96	static
memory.c:2771:6:do_set_pte	48	static
memory.c:2902:12:do_read_fault.isra.99	160	static
memory.c:2943:12:do_cow_fault.isra.100	128	static
memory.c:2992:12:do_shared_fault.isra.101	144	static
memory.c:3442:5:__pmd_alloc	48	static
memory.c:1920:5:apply_to_page_range	112	static
memory.c:1015:5:copy_page_range	240	static
memory.c:1453:8:__get_locked_pte	80	static
memory.c:1553:12:insert_pfn.isra.87	64	static
memory.c:1598:5:vm_insert_pfn	64	static
memory.c:1626:5:vm_insert_mixed	16	static
memory.c:1537:5:vm_insert_page	80	static
memory.c:1728:5:remap_pfn_range	112	static
memory.c:1806:5:vm_iomap_memory	16	static
memory.c:3377:5:handle_mm_fault	144	static
memory.c:3526:5:follow_pfn	64	static
memory.c:3689:5:access_remote_vm	16	static
memory.c:3700:5:access_process_vm	64	static
memory.c:3719:6:print_vma_addr	80	static
