mtk_ts_battery.c:288:12:mtktsbattery_get_mode	0	static
mtk_ts_battery.c:295:12:mtktsbattery_set_mode	0	static
mtk_ts_battery.c:301:12:mtktsbattery_get_trip_type	0	static
mtk_ts_battery.c:308:12:mtktsbattery_get_trip_temp	0	static
mtk_ts_battery.c:315:12:mtktsbattery_get_crit_temp	0	static
mtk_ts_battery.c:358:12:tsbat_sysrst_get_max_state	0	static
mtk_ts_battery.c:364:12:tsbat_sysrst_get_cur_state	0	static
mtk_ts_battery.c:600:12:mtkts_battery_open	16	static
mtk_ts_battery.c:399:12:mtktsbattery_read	48	static
mtk_ts_battery.c:424:16:mtktsbattery_write	272	static
mtk_ts_battery.c:241:12:mtktsbattery_unbind	48	static
mtk_ts_battery.c:193:12:mtktsbattery_bind	48	static
mtk_ts_battery.c:370:12:tsbat_sysrst_set_cur_state	32	static
mtk_ts_battery.c:648:20:mtktsbattery_exit	32	static
mtk_ts_battery.c:614:19:mtktsbattery_init	32	static
mtk_ts_battery.c:27:1:read_tbat_value	16	static
mtk_ts_battery.c:179:12:mtktsbattery_get_temp	64	static
mtk_ts_battery.c:537:6:mtkts_battery_cancel_thermal_timer	0	static
mtk_ts_battery.c:551:6:mtkts_battery_start_thermal_timer	0	static
mtk_ts_battery.c:563:5:mtktsbattery_register_cooler	16	static
mtk_ts_battery.c:582:6:mtktsbattery_unregister_cooler	32	static
