mtk_ts_pa.c:316:12:mtktspa_get_mode	0	static
mtk_ts_pa.c:323:12:mtktspa_set_mode	0	static
mtk_ts_pa.c:329:12:mtktspa_get_trip_type	0	static
mtk_ts_pa.c:336:12:mtktspa_get_trip_temp	0	static
mtk_ts_pa.c:342:12:mtktspa_get_crit_temp	0	static
mtk_ts_pa.c:364:12:tspa_sysrst_get_max_state	0	static
mtk_ts_pa.c:370:12:tspa_sysrst_get_cur_state	0	static
mtk_ts_pa.c:533:12:mtktspa_open	16	static
mtk_ts_pa.c:402:12:mtktspa_read	48	static
mtk_ts_pa.c:598:12:mtktspa_register_thermal	32	static
mtk_ts_pa.c:421:16:mtktspa_write	272	static
mtk_ts_pa.c:270:12:mtktspa_unbind	48	static
mtk_ts_pa.c:223:12:mtktspa_bind	48	static
mtk_ts_pa.c:376:12:tspa_sysrst_set_cur_state	32	static
mtk_ts_pa.c:209:12:mtktspa_get_temp	112	static
mtk_ts_pa.c:629:19:mtktspa_init	32	static
mtk_ts_pa.c:686:20:mtktspa_exit	32	static
mtk_ts_pa.c:570:6:mtkts_pa_cancel_thermal_timer	16	static
mtk_ts_pa.c:581:6:mtkts_pa_start_thermal_timer	48	static
mtk_ts_pa.c:590:5:mtktspa_register_cooler	16	static
mtk_ts_pa.c:611:6:mtktspa_unregister_cooler	32	static
