mtk_ts_cpu.c:515:12:tscpu_get_mode	0	static
mtk_ts_cpu.c:521:12:tscpu_set_mode	0	static
mtk_ts_cpu.c:527:12:tscpu_get_trip_type	0	static
mtk_ts_cpu.c:534:12:tscpu_get_trip_temp	0	static
mtk_ts_cpu.c:540:12:tscpu_get_crit_temp	0	static
mtk_ts_cpu.c:936:12:tscpu_read_cal	0	static
mtk_ts_cpu.c:1244:12:tscpu_register_thermal	16	static
mtk_ts_cpu.c:466:12:tscpu_unbind	48	static
mtk_ts_cpu.c:415:12:tscpu_bind	64	static
mtk_ts_cpu.c:1620:12:tscpu_Tj_out	16	static
mtk_ts_cpu.c:1782:12:tscpu_fastpoll_open	16	static
mtk_ts_cpu.c:1766:12:tscpu_talking_flag_open	16	static
mtk_ts_cpu.c:1751:12:tscpu_set_temperature_open	16	static
mtk_ts_cpu.c:1736:12:tscpu_read_temperature_open	16	static
mtk_ts_cpu.c:1722:12:tscpu_cal_open	16	static
mtk_ts_cpu.c:1636:12:tscpu_open_opp	16	static
mtk_ts_cpu.c:1649:12:tscpu_open_log	16	static
mtk_ts_cpu.c:1707:12:tzcpu_cpufreq5A_open	16	static
mtk_ts_cpu.c:1663:12:tscpu_open	16	static
mtk_ts_cpu.c:645:12:tscpu_read_Tj_out	16	static
mtk_ts_cpu.c:1005:12:tscpu_read_fastpoll	16	static
mtk_ts_cpu.c:858:12:tscpu_talking_flag_read	16	static
mtk_ts_cpu.c:889:12:tscpu_set_temperature_read	16	static
mtk_ts_cpu.c:927:12:tscpu_read_log	16	static
mtk_ts_cpu.c:1679:12:tzcpu_cpufreq5A_read	16	static
mtk_ts_cpu.c:945:12:tscpu_read	272	static
mtk_ts_cpu.c:660:16:tscpu_write_Tj_out	96	static
mtk_ts_cpu.c:866:16:tscpu_talking_flag_write	96	static
mtk_ts_cpu.c:899:16:tscpu_set_temperature_write	96	static
mtk_ts_cpu.c:978:16:tscpu_write_log	96	static
mtk_ts_cpu.c:1011:16:tscpu_write_fastpoll	192	static
mtk_ts_cpu.c:1047:16:tscpu_write	368	static
mtk_ts_cpu.c:1686:16:tzcpu_cpufreq5A_write	96	static
mtk_ts_cpu.c:2337:20:tscpu_exit	32	static
mtk_ts_cpu.c:175:6:mt_thermalsampler_registerCB	0	static
mtk_ts_cpu.c:182:6:tscpu_met_lock	32	static
mtk_ts_cpu.c:188:6:tscpu_met_unlock	16	static
mtk_ts_cpu.c:199:1:IMM_IsAdcInitReady	16	static
mtk_ts_cpu.c:212:1:mt_cpufreq_thermal_protect	16	static
mtk_ts_cpu.c:219:1:mtk_get_gpu_loading	16	static
mtk_ts_cpu.c:826:12:tscpu_read_opp	96	static
mtk_ts_cpu.c:226:1:mt_ptp_lock	16	static
mtk_ts_cpu.c:232:1:mt_ptp_unlock	16	static
mtk_ts_cpu.c:1958:13:read_all_bank_temperature	64	static
mtk_ts_cpu.c:1268:13:thermal_pause_all_periodoc_temp_sensing	64	static
mtk_ts_cpu.c:1336:13:thermal_disable_all_periodoc_temp_sensing	64	static
mtk_ts_cpu.c:1372:12:tscpu_thermal_suspend	64	static
mtk_ts_cpu.c:1292:13:thermal_release_all_periodoc_temp_sensing	64	static
mtk_ts_cpu.c:1430:12:tscpu_thermal_resume	80	static
mtk_ts_cpu.c:2206:12:tscpu_thermal_probe	80	static
mtk_ts_cpu.c:238:1:get_immediate_ts1_wrap	0	static
mtk_ts_cpu.c:244:1:get_immediate_ts2_wrap	0	static
mtk_ts_cpu.c:250:1:get_immediate_ts3_wrap	0	static
mtk_ts_cpu.c:256:1:get_immediate_ts4_wrap	0	static
mtk_ts_cpu.c:262:1:get_immediate_tsabb_wrap	0	static
mtk_ts_cpu.c:268:1:mt_cpufreq_thermal_5A_limit	16	static
mtk_ts_cpu.c:546:12:tscpu_get_temp	96	static
mtk_ts_cpu.c:292:6:tscpu_thermal_tempADCPNP	32	static
mtk_ts_cpu.c:316:5:tscpu_thermal_ADCValueOfMcu	0	static
mtk_ts_cpu.c:351:5:tscpu_max_temperature	96	static
mtk_ts_cpu.c:368:6:tscpu_print_all_temperature	96	static
mtk_ts_cpu.c:387:6:set_taklking_flag	16	static
mtk_ts_cpu.c:393:5:mtk_gpufreq_register	80	static
mtk_ts_cpu.c:1313:6:tscpu_thermal_enable_all_periodoc_sensing_point	16	static
mtk_ts_cpu.c:1589:5:tscpu_get_temp_by_bank	80	static
mtk_ts_cpu.c:1798:5:tscpu_get_cpu_temp_met	48	static
mtk_ts_cpu.c:1976:6:tscpu_update_tempinfo	48	static
mtk_ts_cpu.c:2027:6:tscpu_cancel_thermal_timer	16	static
mtk_ts_cpu.c:2041:6:tscpu_start_thermal_timer	48	static
mtk_ts_cpu.c:2055:6:tscpu_dev_alloc_module_base_by_name	32	static
mtk_ts_cpu.c:2281:5:isMT6753T	32	static
mtk_ts_cpu.c:2305:19:tscpu_init	48	static
