mtk_ts_pa_thput.c:176:13:set_mdm_signal_period	0	static
mtk_ts_pa_thput.c:571:20:mtk_mdm_txpwr_exit	0	static
mtk_ts_pa_thput.c:510:12:mtk_mdm_proc_mdinfoex_threshold_open	16	static
mtk_ts_pa_thput.c:483:12:mtk_mdm_proc_mdinfoex_open	16	static
mtk_ts_pa_thput.c:428:12:mtk_mdm_proc_mdinfo_open	16	static
mtk_ts_pa_thput.c:357:12:mtk_mdm_proc_timeout_open	16	static
mtk_ts_pa_thput.c:249:12:mtk_mdm_value_open	16	static
mtk_ts_pa_thput.c:314:12:mtk_mdm_sw_open	16	static
mtk_ts_pa_thput.c:442:12:mtk_mdm_proc_mdinfoex_read	48	static
mtk_ts_pa_thput.c:372:12:mtk_mdm_proc_mdinfo_read	16	static
mtk_ts_pa_thput.c:328:12:mtk_mdm_proc_timeout_read	16	static
mtk_ts_pa_thput.c:262:12:mtk_mdm_sw_read	16	static
mtk_ts_pa_thput.c:235:12:mtk_mdm_value_read	48	static
mtk_ts_pa_thput.c:497:12:mtk_mdm_proc_mdinfoex_threshold_read	48	static
mtk_ts_pa_thput.c:453:16:mtk_mdm_proc_mdinfoex_write	304	static
mtk_ts_pa_thput.c:384:16:mtk_mdm_proc_mdinfo_write	304	static
mtk_ts_pa_thput.c:335:16:mtk_mdm_proc_timeout_write	304	static
mtk_ts_pa_thput.c:269:16:mtk_mdm_sw_write	48	static
mtk_ts_pa_thput.c:524:19:mtk_mdm_txpwr_init	48	static
mtk_ts_pa_thput.c:84:5:mtk_mdm_get_tx_power	0	static
mtk_ts_pa_thput.c:90:5:mtk_mdm_get_rf_temp	0	static
mtk_ts_pa_thput.c:96:5:mtk_mdm_get_md_info	0	static
mtk_ts_pa_thput.c:109:5:mtk_mdm_get_mdinfoex	0	static
mtk_ts_pa_thput.c:126:5:mtk_mdm_set_mdinfoex_threshold	0	static
mtk_ts_pa_thput.c:143:5:mtk_mdm_start_query	0	static
mtk_ts_pa_thput.c:155:5:mtk_mdm_stop_query	0	static
mtk_ts_pa_thput.c:165:5:mtk_mdm_set_signal_period	0	static
mtk_ts_pa_thput.c:205:5:mtk_mdm_set_md1_signal_period	16	static
mtk_ts_pa_thput.c:213:5:mtk_mdm_set_md2_signal_period	16	static
