sd.c:1751:13:msdc_sdio_power	0	static
sd.c:2096:13:msdc_set_timeout	0	static
sd.c:3329:12:msdc_can_apply_cache	0	static
sd.c:5352:13:msdc_dma_clear	0	static
sd.c:5801:5:hs400_restore_pad_tune	0	static
sd.c:5812:5:hs400_restore_pb1	0	static
sd.c:5826:5:hs400_restore_ddly0	0	static
sd.c:5837:5:hs400_restore_ddly1	0	static
sd.c:5848:5:hs400_restore_cmd_tune	0	static
sd.c:5862:5:hs400_restore_dat01_tune	0	static
sd.c:5878:5:hs400_restore_dat23_tune	0	static
sd.c:5894:5:hs400_restore_dat45_tune	0	static
sd.c:5910:5:hs400_restore_dat67_tune	0	static
sd.c:5926:5:hs400_restore_ds_tune	0	static
sd.c:7635:12:msdc_card_busy	0	static
sd.c:7282:13:msdc_apply_ett_settings	80	static
sd.c:5365:13:msdc_post_req	80	static
sd.c:7515:13:msdc_ops_enable_sdio_irq	96	static
sd.c:4484:13:msdc_dma_setup	160	static
sd.c:5309:13:msdc_pre_req	128	static
sd.c:2183:13:msdc_select_clksrc	64	static
sd.c:7624:5:msdc_execute_tuning	16	static
sd.c:9354:20:mt_msdc_exit	32	static
sd.c:3430:19:init_get_cache_work	32	static
sd.c:4295:13:msdc_dma_start	32	static
sd.c:7442:12:msdc_ops_get_cd	32	static
sd.c:2137:13:sdio_unreq_vcore	32	static
sd.c:2153:22:sdio_set_vcore_performance	32	static
sd.c:2855:13:msdc_pin_reset.isra.13	32	static
sd.c:637:13:msdc_dump_clock_sts.isra.15	32	static
sd.c:1513:13:msdc_pin_pud.isra.17	16	static
sd.c:2891:13:msdc_set_power_mode	48	static
sd.c:8149:13:msdc_deinit_hw	16	static
sd.c:9166:12:msdc_drv_remove	64	static
sd.c:2121:13:msdc_eirq_sdio	32	static
sd.c:7256:13:msdc_set_buswidth.isra.19	16	static
sd.c:4569:13:msdc_update_cahce_status.isra.20	32	static
sd.c:6566:13:msdc_dump_trans_error	64	static
sd.c:9328:19:mt_msdc_init	48	static
sd.c:1798:13:msdc_reset_tmo_tune_counter.constprop	32	static
sd.c:1837:13:msdc_reset_crc_tune_counter.constprop	48	static
sd.c:7498:13:msdc_ops_card_event	32	static
sd.c:3391:6:get_emmc_cache_info	32	static
sd.c:434:6:msdc_dump_padctl	32	static
sd.c:498:6:msdc_dump_register	80	static
sd.c:730:6:msdc_dump_info	80	static
sd.c:894:13:msdc_clr_fifo.part.27	48	static
sd.c:923:13:msdc_reset_hw	48	static
sd.c:3442:21:msdc_command_start.isra.28	96	static
sd.c:937:12:msdc_clk_stable	112	static
sd.c:2992:13:msdc_clksrc_onoff	48	static
sd.c:8259:13:msdc_timer_pm	48	static
sd.c:3622:21:msdc_command_resp_polling.isra.29	64	static
sd.c:5612:12:msdc_app_cmd.isra.35	176	static
sd.c:2505:13:msdc_send_stop	176	static
sd.c:6511:12:msdc_get_card_status.isra.34	192	static
sd.c:3835:12:msdc_pio_abort.isra.30	32	static
sd.c:810:5:msdc_get_dma_status	16	static
sd.c:1028:6:msdc_set_startbit	0	static
sd.c:1038:6:msdc_set_smpl	80	static
sd.c:1136:5:msdc_hwPowerOn	32	static
sd.c:1162:6:msdc_hwPowerDown	16	static
sd.c:1183:12:msdc_ldo_power	64	static
sd.c:1578:13:msdc_emmc_power	32	static
sd.c:1240:6:msdc_sd_power_off	32	static
sd.c:1247:6:msdc_set_smt	16	static
sd.c:1278:6:msdc_set_tdsel	16	static
sd.c:1305:6:msdc_set_rdsel	16	static
sd.c:1331:6:msdc_set_rdtdsel_dbg	0	static
sd.c:1398:6:msdc_get_rdtdsel_dbg	0	static
sd.c:1433:6:msdc_set_sr	16	static
sd.c:1464:6:msdc_set_driving	16	static
sd.c:1619:13:msdc_sd_power	64	static
sd.c:1645:13:msdc_sd_power_switch	48	static
sd.c:1946:6:msdc_gate_clock	64	static
sd.c:1992:6:msdc_ungate_clock	64	static
sd.c:7424:12:msdc_ops_get_ro	64	static
sd.c:2006:6:msdc_clk_status	64	static
sd.c:2236:6:msdc_sdio_set_long_timing_delay_by_freq	0	static
sd.c:2267:13:msdc_set_mclk	64	static
sd.c:2377:12:msdc_power_tuning	144	static
sd.c:5630:12:msdc_lower_freq	96	static
sd.c:3139:13:msdc_pm	48	static
sd.c:9275:12:msdc_drv_resume	32	static
sd.c:9210:12:msdc_drv_suspend	80	static
sd.c:7554:12:msdc_ops_switch_volt	96	static
sd.c:4528:13:msdc_restore_info	80	static
sd.c:7357:13:msdc_ops_set_ios	96	static
sd.c:3246:19:msdc_get_host	16	static
sd.c:3357:5:msdc_cache_ctrl	208	static
sd.c:3816:14:msdc_do_command	48	static
sd.c:3862:5:msdc_pio_read	384	static
sd.c:4084:5:msdc_pio_write	368	static
sd.c:5690:5:msdc_tune_cmdrsp	112	static
sd.c:2522:5:msdc_reinit	96	static
sd.c:2813:12:msdc_status_verify.part.40	128	static
sd.c:6078:5:emmc_hs400_tune_rw	32	static
sd.c:6137:5:msdc_tune_read	96	static
sd.c:6369:5:msdc_tune_write	80	static
sd.c:8160:6:msdc_dump_gpd_bd	64	static
sd.c:766:6:msdc_polling_axi_status	80	static
sd.c:4318:13:msdc_dma_stop	64	static
sd.c:6965:13:msdc_tune_async_request	208	static
sd.c:7203:13:msdc_async_tune	16	static
sd.c:7667:20:msdc_irq	96	static
sd.c:7948:13:msdc_check_write_timeout	128	static
sd.c:7216:13:msdc_ops_request	256	static
sd.c:8313:6:SRC_trigger_signal	48	static
sd.c:8572:5:msdc_of_parse	96	static
sd.c:8647:12:msdc_drv_probe	144	static
