sdio_autok_proc.c:126:6:autok_mmap_open	0	static
sdio_autok_proc.c:133:6:autok_mmap_close	0	static
sdio_autok_proc.c:176:5:autok_log_mmap	0	static
sdio_autok_proc.c:143:5:autok_mmap_fault	48	static
sdio_autok_proc.c:186:5:autok_log_close	48	static
sdio_autok_proc.c:197:5:autok_log_open	32	static
sdio_autok_proc.c:1223:20:autok_exit	48	static
sdio_autok_proc.c:1073:16:host_store	160	static
sdio_autok_proc.c:1011:16:host_show	1168	static
sdio_autok_proc.c:547:12:print_autok	1072	static
sdio_autok_proc.c:230:12:autok_thread_func	128	static
sdio_autok_proc.c:748:16:stage1_show	1200	static
sdio_autok_proc.c:876:16:stage2_show	1120	static
sdio_autok_proc.c:596:12:store_autok.isra.2	96	static
sdio_autok_proc.c:927:16:stage2_store	80	static
sdio_autok_proc.c:633:16:stage1_store	192	static
sdio_autok_proc.c:1179:19:autok_init	144	static
sdio_autok_proc.c:113:6:autok_claim_host	32	static
sdio_autok_proc.c:119:6:autok_release_host	32	static
sdio_autok_proc.c:376:5:send_autok_uevent	80	static
sdio_autok_proc.c:402:5:wait_sdio_autok_ready	64	static
sdio_autok_proc.c:1170:12:fake_sdio_device	16	static
sdio_autok_proc.c:525:6:init_tune_sdio	32	static
