sdio_autok.c:1458:13:autok_select_range	64	static
sdio_autok.c:1692:13:autok_check_rawd_style	80	static
sdio_autok.c:1545:12:autok_simple_score	0	static
sdio_autok.c:5789:13:autok_setup_envir.isra.3	32	static
sdio_autok.c:5715:13:autok_vcore_set	32	static
sdio_autok.c:2129:1:autok_check_cmd_matrix.constprop	80	static
sdio_autok.c:526:5:autok_start_rw	112	static
sdio_autok.c:571:5:autok_io_rw_extended	336	static
sdio_autok.c:667:5:autok_io_rw_direct	224	static
sdio_autok.c:1342:22:autok_cmd_test	64	static
sdio_autok.c:1290:22:autok_read_test	80	static
sdio_autok.c:737:14:autok_get_current_vcore_offset	96	static
sdio_autok.c:804:5:msdc_autok_read	16	static
sdio_autok.c:849:5:msdc_autok_write	16	static
sdio_autok.c:895:5:msdc_autok_adjust_param	32	static
sdio_autok.c:5551:13:autok_tuning_parameter_init	64	static
sdio_autok.c:5766:13:autok_show_parameters	112	static
sdio_autok.c:2286:1:autok_cycle_scan	496	static
sdio_autok.c:4384:1:autok_tune_rd	240	static
sdio_autok.c:5333:22:autok_tune_wd	176	static
sdio_autok.c:3765:1:autok_tune_cmd.isra.5.constprop	336	static
sdio_autok.c:5848:14:msdc_autok_get_vcore	80	dynamic
sdio_autok.c:5928:5:msdc_autok_apply_param	64	static
sdio_autok.c:5974:5:msdc_autok_stg1_cal	256	static
sdio_autok.c:6040:5:msdc_autok_stg1_data_get	0	static
sdio_autok.c:6067:5:msdc_autok_stg2_cal	96	static
sdio_autok.c:6143:5:msdc_autok_get_suggetst_vcore	32	static
