ccci_util_lib_sys.c:38:16:ccci_attr_show	16	static
ccci_util_lib_sys.c:50:16:ccci_attr_store	16	static
ccci_util_lib_sys.c:114:16:boot_status_store	32	static
ccci_util_lib_sys.c:171:16:debug_enable_store	0	static
ccci_util_lib_sys.c:552:16:kcfg_setting_store	0	static
ccci_util_lib_sys.c:503:16:kcfg_setting_show	64	static
ccci_util_lib_sys.c:476:16:aat_show	112	static
ccci_util_lib_sys.c:163:16:debug_enable_show	16	static
ccci_util_lib_sys.c:131:16:ccci_md_enable_show	80	static
ccci_util_lib_sys.c:151:16:ccci_version_show	16	static
ccci_util_lib_sys.c:220:12:dump_line_with_8	64	static
ccci_util_lib_sys.c:236:12:dump_line_with_16	80	static
ccci_util_lib_sys.c:252:12:dump_line_with_32	80	static
ccci_util_lib_sys.c:30:13:ccci_obj_release	16	static
ccci_util_lib_sys.c:309:12:command_parser.constprop	352	static
ccci_util_lib_sys.c:493:16:aat_store	80	static
ccci_util_lib_sys.c:93:16:boot_status_show	208	static
ccci_util_lib_sys.c:156:6:update_ccci_port_ver	0	static
ccci_util_lib_sys.c:576:5:ccci_sysfs_add_modem	80	static
ccci_util_lib_sys.c:607:5:ccci_common_sysfs_init	48	static
