focaltech_core.c:2539:20:tpd_driver_exit	16	static
focaltech_core.c:683:13:fts_release_all_finger	48	static
focaltech_core.c:2300:12:tpd_local_init	48	static
focaltech_core.c:606:16:lenovo_gesture_wakeup_store	64	static
focaltech_core.c:541:16:fts_glove_show	16	static
focaltech_core.c:592:16:lenovo_gesture_flag_show	16	static
focaltech_core.c:600:16:lenovo_gesture_wakeup_show	16	static
focaltech_core.c:1776:20:tpd_eint_interrupt_handler	32	static
focaltech_core.c:2522:19:tpd_driver_init	16	static
focaltech_core.c:854:5:fts_i2c_read	112	static
focaltech_core.c:1606:12:touch_event_handler	304	static
focaltech_core.c:960:5:fts_i2c_write	96	static
focaltech_core.c:485:16:fts_information_show	96	static
focaltech_core.c:729:13:fts_enter_glove	64	static
focaltech_core.c:547:16:fts_glove_store	48	static
focaltech_core.c:2426:13:tpd_suspend	64	static
focaltech_core.c:752:6:fts_usb_insert	64	static
focaltech_core.c:2362:13:tpd_resume	32	static
focaltech_core.c:1812:22:tpd_probe	144	static
focaltech_core.c:1026:5:fts_write_reg	32	static
focaltech_core.c:1042:5:fts_read_reg	32	static
focaltech_core.c:1744:6:fts_reset_tp	16	static
focaltech_core.c:2039:22:tpd_remove	80	static
