focaltech_flash.c:1872:12:fts_GetFirmwareSize	160	static
focaltech_flash.c:1907:12:fts_ReadFirmware	176	static
focaltech_flash.c:179:5:HidI2c_To_StdI2c	48	static
focaltech_flash.c:216:6:fts_update_fw_vendor_id	48	static
focaltech_flash.c:235:6:fts_update_fw_ver	64	static
focaltech_flash.c:267:5:fts_ctpm_fw_upgrade_ReadVendorID	96	static
focaltech_flash.c:357:5:fts_ctpm_fw_upgrade_ReadProjectCode	96	static
focaltech_flash.c:464:6:fts_get_upgrade_array	0	static
focaltech_flash.c:505:5:fts_ctpm_auto_clb	64	static
focaltech_flash.c:577:5:fts_6x36_ctpm_fw_upgrade	272	static
focaltech_flash.c:774:5:fts_6x06_ctpm_fw_upgrade	256	static
focaltech_flash.c:926:5:fts_5x26_ctpm_fw_upgrade	256	static
focaltech_flash.c:1086:5:fts_5x36_ctpm_fw_upgrade	272	static
focaltech_flash.c:1275:5:fts_5822_ctpm_fw_upgrade	304	static
focaltech_flash.c:1471:5:fts_5x06_ctpm_fw_upgrade	256	static
focaltech_flash.c:1604:6:fts_5x46_ctpm_fw_upgrade	368	static
focaltech_flash.c:1945:5:fts_ctpm_fw_upgrade_with_app_file	64	static
focaltech_flash.c:1999:5:fts_ctpm_get_i_file_ver	0	static
focaltech_flash.c:2022:5:fts_ctpm_update_project_setting	352	static
focaltech_flash.c:2134:5:fts_ctpm_fw_upgrade_with_i_file	32	static
focaltech_flash.c:2263:5:fts_ctpm_auto_upgrade	64	static
