nf_conntrack_sip.c:70:12:digits_len	0	static
nf_conntrack_sip.c:81:12:iswordc	0	static
nf_conntrack_sip.c:120:12:media_len	0	static
nf_conntrack_sip.c:342:20:ct_sip_header_search	48	static
nf_conntrack_sip.c:134:12:sip_parse_addr	64	static
nf_conntrack_sip.c:176:12:epaddr_len	80	static
nf_conntrack_sip.c:196:12:skp_epaddr_len	16	static
nf_conntrack_sip.c:822:13:flush_expectations	48	static
nf_conntrack_sip.c:1161:12:process_bye_request	16	static
nf_conntrack_sip.c:842:12:set_expected_rtp_rtcp	176	static
nf_conntrack_sip.c:1615:13:nf_conntrack_sip_fini	48	static
nf_conntrack_sip.c:1628:19:nf_conntrack_sip_init	112	static
nf_conntrack_sip.c:638:12:sdp_parse_addr	48	static
nf_conntrack_sip.c:665:12:sdp_addr_len	64	static
nf_conntrack_sip.c:615:12:ct_sip_parse_transport	64	static
nf_conntrack_sip.c:101:12:callid_len	48	static
nf_conntrack_sip.c:327:20:sip_skip_whitespace	0	static
nf_conntrack_sip.c:228:5:ct_sip_parse_request	112	static
nf_conntrack_sip.c:359:5:ct_sip_get_header	128	static
nf_conntrack_sip.c:497:5:ct_sip_parse_header_uri	160	static
nf_conntrack_sip.c:1458:12:process_sip_msg	160	static
nf_conntrack_sip.c:1482:12:sip_help_tcp	144	static
nf_conntrack_sip.c:1566:12:sip_help_udp	64	static
nf_conntrack_sip.c:558:5:ct_sip_parse_address_param	112	static
nf_conntrack_sip.c:585:5:ct_sip_parse_numerical_param	112	static
nf_conntrack_sip.c:1275:12:process_register_response	208	static
nf_conntrack_sip.c:1177:12:process_register_request	176	static
nf_conntrack_sip.c:719:5:ct_sip_get_sdp_header	128	static
nf_conntrack_sip.c:984:12:process_sdp	224	static
nf_conntrack_sip.c:1127:12:process_prack_response	32	static
nf_conntrack_sip.c:1110:12:process_update_response	32	static
nf_conntrack_sip.c:1093:12:process_invite_response	32	static
nf_conntrack_sip.c:1144:12:process_invite_request	80	static
