cldma_platform.c:42:6:md_cldma_hw_reset	48	static
cldma_platform.c:61:5:md_cd_get_modem_hw_info	48	static
cldma_platform.c:138:5:md_cd_io_remap_md_side_register	32	static
cldma_platform.c:163:6:md_cd_lock_cldma_clock_src	0	static
cldma_platform.c:168:6:md_cd_lock_modem_clock_src	16	static
cldma_platform.c:173:6:md_cd_dump_debug_register	48	static
cldma_platform.c:198:6:md_cd_check_md_DCM	32	static
cldma_platform.c:207:6:md_cd_check_emi_state	0	static
cldma_platform.c:211:6:ccci_power_off	16	static
cldma_platform.c:221:5:md_cd_power_on	80	static
cldma_platform.c:310:5:md_cd_bootup_cleanup	0	static
cldma_platform.c:315:5:md_cd_let_md_go	32	static
cldma_platform.c:330:5:md_cd_power_off	80	static
cldma_platform.c:414:6:cldma_dump_register	48	static
cldma_platform.c:462:5:ccci_modem_remove	0	static
cldma_platform.c:467:6:ccci_modem_shutdown	0	static
cldma_platform.c:471:5:ccci_modem_suspend	16	static
cldma_platform.c:479:5:ccci_modem_resume	16	static
cldma_platform.c:487:5:ccci_modem_pm_suspend	16	static
cldma_platform.c:496:5:ccci_modem_pm_resume	16	static
cldma_platform.c:505:5:ccci_modem_pm_restore_noirq	32	static
cldma_platform.c:521:6:ccci_modem_restore_reg	96	static
cldma_platform.c:595:5:ccci_modem_syssuspend	16	static
cldma_platform.c:601:6:ccci_modem_sysresume	16	static
