mtk_cooler_atm.c:1010:12:adp_cpu_get_max_state	0	static
mtk_cooler_atm.c:1017:12:adp_cpu_get_cur_state	0	static
mtk_cooler_atm.c:1776:20:mtk_cooler_atm_exit	32	static
mtk_cooler_atm.c:283:13:set_adaptive_gpu_power_limit	32	static
mtk_cooler_atm.c:1653:12:tscpu_ctm_open	16	static
mtk_cooler_atm.c:1620:12:tscpu_open_atm	16	static
mtk_cooler_atm.c:1605:12:tscpu_gpu_threshold_open	16	static
mtk_cooler_atm.c:1590:12:tscpu_atm_setting_open	16	static
mtk_cooler_atm.c:1365:12:tscpu_read_ctm	32	static
mtk_cooler_atm.c:1251:12:tscpu_read_atm	32	static
mtk_cooler_atm.c:1210:12:tscpu_read_gpu_threshold	16	static
mtk_cooler_atm.c:1056:12:tscpu_read_atm_setting	112	static
mtk_cooler_atm.c:1270:16:tscpu_write_atm	256	static
mtk_cooler_atm.c:1216:16:tscpu_write_gpu_threshold	192	static
mtk_cooler_atm.c:1393:16:tscpu_write_ctm	480	static
mtk_cooler_atm.c:1748:19:mtk_cooler_atm_init	48	static
mtk_cooler_atm.c:190:1:mt_cpufreq_thermal_protect	16	static
mtk_cooler_atm.c:248:13:set_adaptive_cpu_power_limit	96	static
mtk_cooler_atm.c:197:1:mtk_get_gpu_loading	16	static
mtk_cooler_atm.c:1025:12:adp_cpu_set_cur_state	80	static
mtk_cooler_atm.c:203:1:mt_gpufreq_get_min_power	16	static
mtk_cooler_atm.c:209:1:mt_gpufreq_get_max_power	16	static
mtk_cooler_atm.c:447:12:P_adaptive	80	static
mtk_cooler_atm.c:714:12:_adaptive_power	96	static
mtk_cooler_atm.c:1076:16:tscpu_write_atm_setting	256	static
mtk_cooler_atm.c:230:5:tsatm_thermal_get_catm_type	32	static
mtk_cooler_atm.c:237:5:mtk_thermal_get_tpcb_target	0	static
mtk_cooler_atm.c:243:5:get_target_tj	0	static
mtk_cooler_atm.c:296:14:get_adaptive_power_limit	0	static
mtk_cooler_atm.c:305:5:is_cpu_power_unlimit	0	static
mtk_cooler_atm.c:311:5:is_cpu_power_min	0	static
mtk_cooler_atm.c:317:5:get_cpu_target_tj	0	static
mtk_cooler_atm.c:323:5:get_cpu_target_offset	0	static
mtk_cooler_atm.c:330:5:tscpu_get_min_cpu_pwr	0	static
mtk_cooler_atm.c:336:5:tscpu_get_min_gpu_pwr	0	static
