mtk_cooler_amutt.c:344:12:amutt_cooler_lower_get_cur_state	16	static
mtk_cooler_amutt.c:300:12:amutt_cooler_upper_get_cur_state	16	static
mtk_cooler_amutt.c:422:9:amutt_param_write	352	static
mtk_cooler_amutt.c:517:9:amutt_asparam_write	304	static
mtk_cooler_amutt.c:578:9:amutt_dbg_write	304	static
mtk_cooler_amutt.c:606:12:amutt_dbg_open	16	static
mtk_cooler_amutt.c:554:12:amutt_asparam_open	16	static
mtk_cooler_amutt.c:484:12:amutt_param_open	16	static
mtk_cooler_amutt.c:407:5:amutt_param_read	64	static
mtk_cooler_amutt.c:498:5:amutt_asparam_read	48	static
mtk_cooler_amutt.c:568:5:amutt_dbg_read	32	static
mtk_cooler_amutt.c:336:12:amutt_cooler_lower_get_max_state	16	static
mtk_cooler_amutt.c:292:12:amutt_cooler_upper_get_max_state	16	static
mtk_cooler_amutt.c:651:19:mtk_cooler_amutt_init	48	static
mtk_cooler_amutt.c:113:12:down_throttle.constprop	32	static
mtk_cooler_amutt.c:130:12:up_throttle.constprop	32	static
mtk_cooler_amutt.c:159:12:judge_throttling	64	static
mtk_cooler_amutt.c:352:12:amutt_cooler_lower_set_cur_state	32	static
mtk_cooler_amutt.c:308:12:amutt_cooler_upper_set_cur_state	32	static
mtk_cooler_amutt.c:679:20:mtk_cooler_amutt_exit	32	static
mtk_cooler_amutt.c:16:1:exec_ccci_kern_func_by_md_id	16	static
mtk_cooler_amutt.c:85:12:amutt_backoff	48	static
