teei_client_main.c:177:13:secondary_boot_stage2	0	static
teei_client_main.c:210:13:secondary_load_tee	32	static
teei_client_main.c:299:13:secondary_boot_stage1	32	static
teei_client_main.c:717:12:teei_config_open	0	static
teei_client_main.c:733:12:teei_config_mmap	0	static
teei_client_main.c:746:12:teei_config_release	0	static
teei_client_main.c:409:13:secondary_init_cmdbuf	64	static
teei_client_main.c:1463:13:teei_client_exit	32	static
teei_client_main.c:1316:12:teei_client_release	16	static
teei_client_main.c:831:13:teei_client_ioctl	96	static
teei_client_main.c:1009:13:teei_client_unioctl	96	static
teei_client_main.c:1342:12:teei_client_init	96	static
teei_client_main.c:335:22:tz_driver_cpu_callback	128	static
teei_client_main.c:1195:12:teei_client_open	64	static
teei_client_main.c:1235:12:teei_client_mmap	80	static
teei_client_main.c:137:7:tz_malloc	16	static
teei_client_main.c:142:7:tz_malloc_shared_mem	16	static
teei_client_main.c:150:6:tz_free_shared_mem	16	static
teei_client_main.c:171:5:get_current_cpuid	0	static
teei_client_main.c:192:5:switch_to_t_os_stages2	32	static
teei_client_main.c:227:6:set_sch_load_img_cmd	32	static
teei_client_main.c:244:5:t_os_load_image	64	static
teei_client_main.c:451:6:create_cmd_buff	48	static
teei_client_main.c:516:5:teei_service_init	32	static
teei_client_main.c:684:13:teei_config_ioctl	64	static
teei_client_main.c:678:5:is_teei_ready	0	static
