arizona-core.c:247:20:arizona_clkgen_err	16	static
arizona-core.c:642:12:arizona_dcvdd_notify	32	static
arizona-core.c:256:20:arizona_underclocked	48	static
arizona-core.c:923:12:arizona_resume_noirq	32	static
arizona-core.c:912:12:arizona_suspend	32	static
arizona-core.c:899:12:arizona_suspend_noirq	32	static
arizona-core.c:954:12:arizona_resume	32	static
arizona-core.c:296:20:arizona_overclocked	48	static
arizona-core.c:152:12:arizona_dvfs_apply_boost	32	static
arizona-core.c:172:12:arizona_dvfs_remove_boost	32	static
arizona-core.c:514:12:arizona_disable_freerun_sysclk.isra.7	48	static
arizona-core.c:443:13:arizona_disable_reset.isra.10.part.11	32	static
arizona-core.c:1571:13:arizona_florida_get_input_state.isra.13	112	static
arizona-core.c:1155:12:arizona_of_get_u32_num_groups.isra.15	64	static
arizona-core.c:817:12:arizona_runtime_suspend	48	static
arizona-core.c:394:12:arizona_wait_for_boot	64	static
arizona-core.c:652:12:arizona_runtime_resume	48	static
arizona-core.c:1272:12:arizona_of_get_micbias	96	static
arizona-core.c:463:12:arizona_enable_freerun_sysclk	80	static
arizona-core.c:93:5:arizona_clk32k_enable	48	static
arizona-core.c:125:5:arizona_clk32k_disable	32	static
arizona-core.c:191:5:arizona_dvfs_up	64	static
arizona-core.c:219:5:arizona_dvfs_down	64	static
arizona-core.c:993:15:arizona_of_get_type	16	static
arizona-core.c:1004:5:arizona_of_get_named_gpio	48	static
arizona-core.c:1023:5:arizona_of_read_u32_array	48	static
arizona-core.c:1047:5:arizona_of_read_u32	48	static
arizona-core.c:1550:6:arizona_florida_mute_analog	48	static
arizona-core.c:1600:6:arizona_florida_clear_input	48	static
arizona-core.c:1624:5:arizona_get_num_micbias	0	static
arizona-core.c:1664:5:arizona_dev_init	192	static
arizona-core.c:2355:5:arizona_dev_exit	32	static
