spi.c:290:13:spi_drv_shutdown	16	static
spi.c:390:12:spi_dev_check	0	static
spi.c:1767:12:__spi_master_match	0	static
spi.c:1884:12:__spi_validate	0	static
spi.h:10:1:ftrace_define_fields_spi_master	16	static
spi.h:10:1:perf_trace_spi_master	352	static
spi.h:44:1:perf_trace_spi_message	352	static
spi.h:83:1:perf_trace_spi_message_done	352	static
spi.h:111:1:perf_trace_spi_transfer	368	static
spi.h:10:1:ftrace_raw_event_spi_master	96	static
spi.h:44:1:ftrace_raw_event_spi_message	96	static
spi.h:83:1:ftrace_raw_event_spi_message_done	96	static
spi.h:111:1:ftrace_raw_event_spi_transfer	96	static
spi.h:10:1:ftrace_raw_output_spi_master	32	static
spi.h:44:1:ftrace_raw_output_spi_message	32	static
spi.h:83:1:ftrace_raw_output_spi_message_done	32	static
spi.h:111:1:ftrace_raw_output_spi_transfer	32	static
spi.c:124:12:spi_uevent	16	static
spi.c:105:12:spi_match_device	48	static
spi.c:63:1:modalias_show	16	static
spi.c:279:12:spi_drv_remove	32	static
spi.c:260:12:spi_drv_probe	48	static
spi.c:1463:13:spi_master_release	16	static
spi.c:50:13:spidev_release	32	static
spi.c:2119:13:spi_complete	16	static
spi.c:1186:12:spi_queued_transfer	64	static
spi.c:1998:12:__spi_async	48	static
spi.c:582:13:spi_set_cs	32	static
spi.c:1123:12:spi_stop_queue	48	static
spi.c:1702:12:__unregister	16	static
spi.c:2333:19:spi_init	48	static
spi.h:44:1:ftrace_define_fields_spi_message	32	static
spi.h:83:1:ftrace_define_fields_spi_message_done	32	static
spi.h:111:1:ftrace_define_fields_spi_transfer	32	static
spi.c:153:12:spi_legacy_resume	32	static
spi.c:218:12:spi_pm_restore	16	static
spi.c:198:12:spi_pm_thaw	16	static
spi.c:178:12:spi_pm_resume	16	static
spi.c:644:13:spi_unmap_buf.isra.28	32	static
spi.c:594:12:spi_map_buf.isra.30	112	static
spi.c:208:12:spi_pm_poweroff	16	static
spi.c:168:12:spi_pm_suspend	16	static
spi.c:188:12:spi_pm_freeze	16	static
spi.c:97:29:spi_get_device_id	32	static
spi.c:302:5:spi_register_driver	16	static
spi.c:354:20:spi_alloc_device	32	static
spi.c:886:6:spi_finalize_current_transfer	16	static
spi.c:1047:21:spi_get_next_queued_message	48	static
spi.c:1069:6:spi_finalize_current_message	64	static
spi.c:800:12:spi_transfer_one_message	96	static
spi.c:901:13:spi_pump_messages	80	static
spi.c:1499:20:spi_alloc_master	32	static
spi.c:1718:6:spi_unregister_master	32	static
spi.c:1667:13:devm_spi_unregister	16	static
spi.c:1736:5:spi_master_suspend	32	static
spi.c:1752:5:spi_master_resume	48	static
spi.c:1786:20:spi_busnum_to_master	32	static
spi.c:1825:5:spi_setup	80	static
spi.c:410:5:spi_add_device	64	static
spi.c:483:20:spi_new_device	48	static
spi.c:554:5:spi_register_board_info	96	static
spi.c:1592:5:spi_register_master	96	static
spi.c:1681:5:devm_spi_register_master	48	static
spi.c:2038:5:spi_async	64	static
spi.c:2090:5:spi_async_locked	48	static
spi.c:2171:5:spi_sync	80	static
spi.c:2193:5:spi_sync_locked	96	static
spi.c:2214:5:spi_bus_lock	32	static
spi.c:2243:5:spi_bus_unlock	16	static
spi.c:2277:5:spi_write_then_read	432	static
