ion.c:1048:13:ion_unmap_dma_buf	0	static
ion.c:1217:14:ion_dma_buf_kmap	0	static
ion.c:1224:13:ion_dma_buf_kunmap	0	static
ion.c:1747:12:debug_shrink_get	32	static
ion.c:1697:12:ion_debug_heap_pool_show	16	static
ion.c:1147:13:ion_vm_close	48	static
ion.c:496:12:ion_handle_add	80	static
ion.c:864:12:ion_debug_client_open	16	static
ion.c:1713:12:ion_debug_heap_pool_open	16	static
ion.c:1685:12:ion_debug_heap_open	16	static
ion.c:798:12:ion_debug_client_show	96	static
ion.c:1612:12:ion_debug_heap_show	128	static
ion.c:1108:12:ion_vm_fault	64	static
ion.c:1761:1:debug_shrink_fops_open	16	static
ion.c:716:13:ion_buffer_kmap_put.part.7	32	static
ion.c:1248:13:ion_dma_buf_end_cpu_access	32	static
ion.c:677:14:ion_buffer_kmap_get	32	static
ion.c:1229:12:ion_dma_buf_begin_cpu_access	32	static
ion.c:1726:12:debug_shrink_set	32	static
ion.c:1130:13:ion_vm_open	48	static
ion.c:1171:12:ion_mmap	64	static
ion.c:370:27:ion_handle_create	48	static
ion.c:134:6:ion_buffer_fault_user_mappings	0	static
ion.c:140:6:ion_buffer_cached	0	static
ion.c:302:6:ion_buffer_destroy	32	static
ion.c:313:13:_ion_buffer_destroy	48	static
ion.c:334:12:ion_buffer_put	48	static
ion.c:392:13:ion_handle_destroy	48	static
ion.c:426:12:ion_handle_put_nolock	16	static
ion.c:1210:13:ion_dma_buf_release	48	static
ion.c:416:20:ion_handle_buffer	0	static
ion.c:435:5:ion_handle_put	48	static
ion.c:477:20:ion_handle_get_by_id	64	static
ion.c:529:20:ion_alloc	160	static
ion.c:633:6:ion_free	48	static
ion.c:645:5:ion_phys	64	static
ion.c:740:7:ion_map_kernel	48	static
ion.c:770:6:ion_unmap_kernel	48	static
ion.c:893:20:ion_client_create	336	static
ion.c:1565:12:ion_open	96	static
ion.c:982:6:ion_client_destroy	80	static
ion.c:1556:12:ion_release	32	static
ion.c:1014:18:ion_sg_table	48	static
ion.c:1054:6:ion_pages_sync_for_device	80	static
ion.c:1038:25:ion_map_dma_buf	64	static
ion.c:1272:17:ion_share_dma_buf	48	static
ion.c:1302:5:ion_share_dma_buf_fd	32	static
ion.c:1323:20:ion_import_dma_buf	64	static
ion.c:1425:13:ion_ioctl	128	static
ion.c:1765:6:ion_device_add_heap	384	static
ion.c:1831:20:ion_device_create	48	static
ion.c:1881:6:ion_device_destroy	32	static
ion.c:1889:13:ion_reserve	64	static
ion.c:1928:20:ion_drv_get_handle	48	static
ion.c:1959:5:ion_drv_put_kernel_handle	48	static
ion.c:1964:18:ion_drv_get_heap	64	static
