ov5693mipi_Sensor.c:174:19:read_cmos_sensor	32	static
ov5693mipi_Sensor.c:186:13:write_cmos_sensor	32	static
ov5693mipi_Sensor.c:2195:19:get_resolution	32	static
ov5693mipi_Sensor.c:2216:19:get_info	32	static
ov5693mipi_Sensor.c:689:13:set_max_framerate	80	static
ov5693mipi_Sensor.c:1526:13:preview_setting	432	static
ov5693mipi_Sensor.c:2044:19:close	16	static
ov5693mipi_Sensor.c:2071:19:preview.isra.6	32	static
ov5693mipi_Sensor.c:2319:19:control	64	static
ov5693mipi_Sensor.c:800:19:set_gain	96	static
ov5693mipi_Sensor.c:262:5:check_otp_wb	80	static
ov5693mipi_Sensor.c:499:13:Read_otp_MID	64	static
ov5693mipi_Sensor.c:2495:19:feature_control	96	static
ov5693mipi_Sensor.c:302:5:check_otp_lenc	80	static
ov5693mipi_Sensor.c:372:5:read_otp_lenc	80	static
ov5693mipi_Sensor.c:461:5:update_awb_gain	48	static
ov5693mipi_Sensor.c:483:5:update_lenc	80	static
ov5693mipi_Sensor.c:543:5:update_otp_wb	96	static
ov5693mipi_Sensor.c:641:5:update_otp_lenc	32	static
ov5693mipi_Sensor.c:1189:13:sensor_init	304	static
ov5693mipi_Sensor.c:1968:19:open	112	static
ov5693mipi_Sensor.c:2623:8:OV5693_MIPI_RAW_SensorInit	0	static
