time.c:103:1:SyS_gettimeofday	48	static
time.c:238:1:SyS_adjtimex	240	static
time.c:260:17:current_fs_time	32	static
time.c:273:14:jiffies_to_msecs	0	static
time.c:289:14:jiffies_to_usecs	0	static
time.c:317:17:timespec_trunc	0	static
time.c:348:10:mktime64	0	static
time.c:383:6:set_normalized_timespec	0	static
time.c:411:17:ns_to_timespec	0	static
time.c:436:16:ns_to_timeval	0	static
time.c:524:15:msecs_to_jiffies	0	static
time.c:566:15:usecs_to_jiffies	0	static
time.c:612:1:timespec_to_jiffies	0	static
time.c:620:1:jiffies_to_timespec	0	static
time.c:650:1:timeval_to_jiffies	0	static
time.c:657:6:jiffies_to_timeval	0	static
time.c:674:9:jiffies_to_clock_t	0	static
time.c:688:15:clock_t_to_jiffies	0	static
time.c:705:5:jiffies_64_to_clock_t	0	static
time.c:727:5:nsec_to_clock_t	0	static
time.c:756:5:nsecs_to_jiffies64	0	static
time.c:786:15:nsecs_to_jiffies	0	static
time.c:796:17:timespec_add_safe	0	static
time.c:814:13:notify_time_update	0	static
time.c:170:5:do_sys_settimeofday	48	static
time.c:213:1:SyS_settimeofday	96	static
