ddp_dsi.c:2620:13:lcm_set_reset_pin	0	static
ddp_dsi.c:2962:5:ddp_dsi_deinit	0	static
ddp_dsi.c:356:19:DSI_SetMode	112	static
ddp_dsi.c:2742:5:ddp_dsi_set_lcm_utils	944	static
ddp_dsi.c:317:19:DSI_Reset	128	static
ddp_dsi.c:3588:5:ddp_dsi_reset	16	static
ddp_dsi.c:2630:13:lcm_mdelay	16	static
ddp_dsi.c:2625:13:lcm_udelay	16	static
ddp_dsi.c:261:13:_DSI_INTERNAL_IRQ_Handler	96	static
ddp_dsi.c:3786:5:ddp_dsi_is_busy	32	static
ddp_dsi.c:3804:5:ddp_dsi_is_idle	16	static
ddp_dsi.c:2641:13:lcm_rar	48	static
ddp_dsi.c:458:12:DSI_DisableClk	0	static
ddp_dsi.c:471:6:DSI_sw_clk_trail	64	static
ddp_dsi.c:501:6:DSI_sw_clk_trail_cmdq	64	static
ddp_dsi.c:524:6:DSI_lane0_ULP_mode	80	static
ddp_dsi.c:559:6:DSI_clk_ULP_mode	80	static
ddp_dsi.c:586:6:DSI_clk_HS_state	16	static
ddp_dsi.c:594:6:DSI_clk_HSLP_mode	48	static
ddp_dsi.c:607:6:DSI_manual_enter_HS	48	static
ddp_dsi.c:611:7:DSI_clk_HS_mode	112	static
ddp_dsi.c:626:13:_dsi_cmd_mode_parse_state	0	static
ddp_dsi.c:664:12:DSI_DumpRegisters	576	static
ddp_dsi.c:783:13:DSI_WaitForNotBusy.part.2	160	static
ddp_dsi.c:783:13:DSI_WaitForNotBusy	32	static
ddp_dsi.c:3236:5:ddp_dsi_stop	112	static
ddp_dsi.c:3861:5:ddp_dsi_build_cmdq	128	static
ddp_dsi.c:756:5:DSI_WaitVMDone	144	static
ddp_dsi.c:849:12:DSI_SleepOut	128	static
ddp_dsi.c:868:12:DSI_Wakeup	176	static
ddp_dsi.c:905:12:DSI_BackupRegisters	112	static
ddp_dsi.c:2854:5:ddp_dsi_init	160	static
ddp_dsi.c:955:12:DSI_RestoreRegisters	112	static
ddp_dsi.c:1004:12:DSI_BIST_Pattern_Test	128	static
ddp_dsi.c:1046:6:DSI_Config_VDO_Timing	112	static
ddp_dsi.c:1114:6:DSI_Set_LFR	128	static
ddp_dsi.c:1137:6:DSI_LFR_UPDATE	128	static
ddp_dsi.c:1150:5:_dsi_ps_type_to_bpp	32	static
ddp_dsi.c:1167:12:DSI_PS_Control	160	static
ddp_dsi.c:1223:12:DSI_TXRX_Control	128	static
ddp_dsi.c:1281:5:MIPITX_IsEnabled	0	static
ddp_dsi.c:1295:6:DSI_PHY_clk_setting	144	static
ddp_dsi.c:3596:5:ddp_dsi_power_on	80	static
ddp_dsi.c:1565:6:DSI_PHY_TIMCONFIG	208	static
ddp_dsi.c:1730:6:DSI_PHY_clk_switch	96	static
ddp_dsi.c:3704:5:ddp_dsi_power_off	96	static
ddp_dsi.c:1793:12:DSI_EnableClk	0	static
ddp_dsi.c:1805:12:DSI_Start	64	static
ddp_dsi.c:1827:6:DSI_Set_VM_CMD	128	static
ddp_dsi.c:3128:5:ddp_dsi_config	224	static
ddp_dsi.c:1847:12:DSI_EnableVM_CMD	112	static
ddp_dsi.c:1866:10:DSI_dcs_read_lcm_reg_v2	240	static
ddp_dsi.c:2722:14:DSI_dcs_read_lcm_reg_v2_wrapper_DSI0	16	static
ddp_dsi.c:2727:14:DSI_dcs_read_lcm_reg_v2_wrapper_DSI1	16	static
ddp_dsi.c:2732:14:DSI_dcs_read_lcm_reg_v2_wrapper_DSIDUAL	16	static
ddp_dsi.c:2040:6:DSI_set_null	160	static
ddp_dsi.c:2662:6:DSI_set_null_Wrapper_DSI0	16	static
ddp_dsi.c:2667:6:DSI_set_null_Wrapper_DSI1	16	static
ddp_dsi.c:2672:6:DSI_set_null_Wrapper_DSIDual	16	static
ddp_dsi.c:2088:6:DSI_set_cmdq_V2	160	static
ddp_dsi.c:2647:6:DSI_set_cmdq_V2_DSI0	16	static
ddp_dsi.c:2652:6:DSI_set_cmdq_V2_DSI1	16	static
ddp_dsi.c:2657:6:DSI_set_cmdq_V2_DSIDual	16	static
ddp_dsi.c:2677:6:DSI_set_cmdq_V2_Wrapper_DSI0	16	static
ddp_dsi.c:2682:6:DSI_set_cmdq_V2_Wrapper_DSI1	16	static
ddp_dsi.c:2687:6:DSI_set_cmdq_V2_Wrapper_DSIDual	16	static
ddp_dsi.c:2284:6:DSI_set_cmdq_subV3	176	static
ddp_dsi.c:2464:6:DSI_set_cmdq_V3	80	static
ddp_dsi.c:2692:6:DSI_set_cmdq_V3_Wrapper_DSI0	16	static
ddp_dsi.c:2697:6:DSI_set_cmdq_V3_Wrapper_DSI1	16	static
ddp_dsi.c:2702:6:DSI_set_cmdq_V3_Wrapper_DSIDual	16	static
ddp_dsi.c:2481:6:DSI_set_cmdq	144	static
ddp_dsi.c:2707:6:DSI_set_cmdq_wrapper_DSI0	16	static
ddp_dsi.c:2712:6:DSI_set_cmdq_wrapper_DSI1	16	static
ddp_dsi.c:2717:6:DSI_set_cmdq_wrapper_DSIDual	16	static
ddp_dsi.c:3574:5:ddp_dsi_trigger	96	static
ddp_dsi.c:2559:6:DSI_set_rar	112	static
ddp_dsi.c:2577:6:_copy_dsi_params	16	static
ddp_dsi.c:2584:5:DSI_Send_ROI	112	static
ddp_dsi.c:3207:5:ddp_dsi_start	48	static
ddp_dsi.c:2837:6:DSI_ChangeClk	64	static
ddp_dsi.c:2967:6:_dump_dsi_params	48	static
ddp_dsi.c:3281:5:dsi_enable_irq	64	static
ddp_dsi.c:3289:5:ddp_dsi_switch_lcm_mode	96	static
ddp_dsi.c:3330:5:ddp_dsi_switch_mode	144	static
ddp_dsi.c:3416:5:ddp_dsi_clk_on	64	static
ddp_dsi.c:3445:5:ddp_dsi_clk_off	32	static
ddp_dsi.c:3475:5:ddp_dsi_ioctl	80	static
ddp_dsi.c:3825:6:dsi_analysis	144	static
ddp_dsi.c:3854:5:ddp_dsi_dump	48	static
ddp_dsi.c:4227:7:get_dsi_params_handle	0	static
ddp_dsi.c:4236:10:PanelMaster_get_TE_status	0	static
ddp_dsi.c:4244:10:PanelMaster_get_CC	16	static
ddp_dsi.c:4252:6:PanelMaster_set_CC	48	static
ddp_dsi.c:4621:9:DSI_ssc_enable	16	static
ddp_dsi.c:4269:6:PanelMaster_DSI_set_timing	32	static
ddp_dsi.c:4648:10:PanelMaster_get_dsi_timing	32	static
ddp_dsi.c:4774:14:PanelMaster_set_PM_enable	0	static
ddp_dsi.c:4780:5:DSI_set_roi	64	static
ddp_dsi.c:4788:5:DSI_check_roi	128	static
ddp_dsi.c:4825:6:DSI_ForceConfig	0	static
