disp_lcm.c:37:5:_is_lcm_inited.part.0	16	static
disp_lcm.c:32:5:_lcm_count	0	static
disp_lcm.c:37:5:_is_lcm_inited	16	static
disp_lcm.c:50:13:_get_lcm_params_by_handle	32	static
disp_lcm.c:59:13:_get_lcm_driver_by_handle	32	static
disp_lcm.c:68:6:_dump_lcm_info	160	static
disp_lcm.c:896:18:disp_lcm_probe	80	static
disp_lcm.c:1036:5:disp_lcm_init	48	static
disp_lcm.c:1080:13:disp_lcm_get_params	16	static
disp_lcm.c:1090:18:disp_lcm_get_interface_id	48	static
disp_lcm.c:1127:5:disp_lcm_esd_check	48	static
disp_lcm.c:1147:5:disp_lcm_esd_recover	48	static
disp_lcm.c:1171:5:disp_lcm_suspend	48	static
disp_lcm.c:1198:5:disp_lcm_resume	48	static
disp_lcm.c:1228:5:disp_lcm_set_backlight	48	static
disp_lcm.c:1252:5:disp_lcm_ioctl	0	static
disp_lcm.c:1257:5:disp_lcm_is_inited	32	static
disp_lcm.c:1265:14:disp_lcm_ATA	48	static
disp_lcm.c:1287:7:disp_lcm_switch_mode	48	static
disp_lcm.c:1313:5:disp_lcm_is_video_mode	32	static
disp_lcm.c:1100:5:disp_lcm_update	80	static
disp_lcm.c:1353:5:disp_lcm_set_cmd	80	static
