mtk_disp_mgr.c:126:12:mtk_disp_mgr_open	0	static
mtk_disp_mgr.c:131:16:mtk_disp_mgr_read	0	static
mtk_disp_mgr.c:136:12:mtk_disp_mgr_release	0	static
mtk_disp_mgr.c:141:12:mtk_disp_mgr_flush	0	static
mtk_disp_mgr.c:2236:12:mtk_disp_mgr_remove	0	static
mtk_disp_mgr.c:2241:13:mtk_disp_mgr_shutdown	0	static
mtk_disp_mgr.c:2246:12:mtk_disp_mgr_suspend	0	static
mtk_disp_mgr.c:2251:12:mtk_disp_mgr_resume	0	static
mtk_disp_mgr.c:2268:13:mtk_disp_mgr_device_release	0	static
mtk_disp_mgr.c:2335:13:mtk_disp_rgb_work	64	static
mtk_disp_mgr.c:2190:12:mtk_disp_mgr_probe	48	static
mtk_disp_mgr.c:146:12:mtk_disp_mgr_mmap	64	static
mtk_disp_mgr.c:2310:16:mtk_disp_ld_set_rgb	64	static
mtk_disp_mgr.c:2293:16:mtk_disp_ld_get_rgb	16	static
mtk_disp_mgr.c:2379:20:mtk_disp_mgr_exit	48	static
mtk_disp_mgr.c:2359:19:mtk_disp_mgr_init	48	static
mtk_disp_mgr.c:1904:18:select_session_mode.isra.5	48	static
mtk_disp_mgr.c:179:5:disp_get_session_number	0	static
mtk_disp_mgr.c:222:5:_session_inited	0	static
mtk_disp_mgr.c:245:5:disp_create_session	64	static
mtk_disp_mgr.c:358:6:release_session_buffer	64	static
mtk_disp_mgr.c:313:5:disp_destroy_session	64	static
mtk_disp_mgr.c:408:5:_ioctl_create_session	96	static
mtk_disp_mgr.c:465:5:_ioctl_destroy_session	80	static
mtk_disp_mgr.c:501:7:disp_session_mode_spy	0	static
mtk_disp_mgr.c:515:5:_ioctl_trigger_session	112	static
mtk_disp_mgr.c:616:5:_ioctl_prepare_present_fence	112	static
mtk_disp_mgr.c:673:5:_ioctl_prepare_buffer	96	static
mtk_disp_mgr.c:756:13:_disp_format_spy	0	static
mtk_disp_mgr.c:1366:12:set_primary_buffer	768	static
mtk_disp_mgr.c:1142:12:set_memory_buffer	944	static
mtk_disp_mgr.c:1489:5:_ioctl_set_input_buffer	288	static
mtk_disp_mgr.c:1571:5:_ioctl_set_output_buffer	528	static
mtk_disp_mgr.c:1720:5:_ioctl_get_info	112	static
mtk_disp_mgr.c:1756:5:_ioctl_get_is_driver_suspend	48	static
mtk_disp_mgr.c:1772:5:_ioctl_get_display_caps	96	static
mtk_disp_mgr.c:1816:5:_ioctl_wait_vsync	80	static
mtk_disp_mgr.c:1858:5:_ioctl_set_vsync	48	static
mtk_disp_mgr.c:1874:5:_ioctl_insert_session_buffers	48	static
mtk_disp_mgr.c:1889:5:_ioctl_screen_freeze	48	static
mtk_disp_mgr.c:1964:5:set_session_mode	48	static
mtk_disp_mgr.c:1977:5:_ioctl_set_session_mode	80	static
mtk_disp_mgr.c:2073:6:mtk_disp_mgr_ioctl	32	static
mtk_disp_mgr.c:2156:13:mtk_disp_mgr_compat_ioctl	16	static
mtk_disp_mgr.c:1990:13:_session_ioctl_spy	0	static
