primary_display.c:4196:14:cmdqDdpClockOn	0	static
primary_display.c:4202:14:cmdqDdpClockOff	0	static
primary_display.c:4229:14:cmdqDdpResetEng	0	static
primary_display.c:1976:13:_cmdq_flush_config_handle_mira	32	static
primary_display.c:3446:20:_esd_check_ext_te_irq_handler	32	static
primary_display.c:967:12:_config_rdma_input_data	48	static
primary_display.c:2354:12:config_display_m4u_port	80	static
primary_display.c:6714:12:config_wdma_output	48	static
primary_display.c:4527:12:_Interface_fence_release_callback	32	static
primary_display.c:2404:35:allocat_decouple_buffer	144	static
primary_display.c:215:38:_get_context.part.0	32	static
primary_display.c:280:13:_primary_path_lock	48	static
primary_display.c:2094:21:_get_switch_dc_buffer	48	static
primary_display.c:1946:13:_cmdq_reset_config_handle	32	static
primary_display.c:300:25:primary_set_state	48	static
primary_display.c:1621:29:_DISP_CmdModeTimer_handler	48	static
primary_display.c:1954:13:_cmdq_flush_config_handle	48	static
primary_display.c:4515:13:_wdma_fence_release_callback	48	static
primary_display.c:287:13:_primary_path_unlock.isra.1	32	static
primary_display.c:4847:12:_present_fence_release_worker_thread	80	static
primary_display.c:1388:25:_get_dst_module_by_lcm	16	static
primary_display.c:1907:13:_cmdq_stop_trigger_loop	32	static
primary_display.c:4278:13:_MUTEX_INTERNAL_IRQ_Handler	32	static
primary_display.c:4239:13:_RDMA0_INTERNAL_IRQ_Handler	32	static
primary_display.c:3051:12:_convert_disp_input_to_rdma.part.11	288	static
primary_display.c:8733:14:primary_display_get_option.part.31	32	static
primary_display.c:1933:13:_cmdq_set_config_handle_dirty_mira	32	static
primary_display.c:1920:13:_cmdq_set_config_handle_dirty	32	static
primary_display.c:4261:13:_WDMA0_INTERNAL_IRQ_Handler	32	static
primary_display.c:1990:13:_cmdq_insert_wait_frame_done_token	32	static
primary_display.c:270:13:_primary_path_cmd_lock	32	static
primary_display.c:275:13:_primary_path_cmd_unlock	32	static
primary_display.c:334:13:_primary_path_vsync_lock	32	static
primary_display.c:339:13:_primary_path_vsync_unlock	32	static
primary_display.c:4414:12:primary_display_frame_update_kthread	112	static
primary_display.c:4371:13:primary_display_frame_update_irq_callback	64	static
primary_display.c:152:6:enqueue_buffer	0	static
primary_display.c:161:6:reset_buffer	0	static
primary_display.c:169:28:dequeue_buffer	16	static
primary_display.c:191:28:find_buffer_by_mva	0	static
primary_display.c:255:31:primary_display_path_lock	48	static
primary_display.c:263:6:primary_display_path_unlock	32	static
primary_display.c:318:6:primary_display_wait_state	112	static
primary_display.c:326:6:primary_display_wait_not_state	112	static
primary_display.c:1134:6:primary_display_idlemgr_kick	0	static
primary_display.c:1138:6:primary_display_idlemgr_enter_idle	0	static
primary_display.c:1143:6:primary_display_idlemgr_leave_idle	0	static
primary_display.c:1258:9:decouple_rdma_worker_callback	112	static
primary_display.c:1429:5:_should_wait_path_idle	32	static
primary_display.c:1448:5:_should_update_lcm	32	static
primary_display.c:1468:5:_should_start_path	32	static
primary_display.c:1489:5:_should_trigger_path	32	static
primary_display.c:1511:5:_should_set_cmdq_dirty	32	static
primary_display.c:1530:5:_should_flush_cmdq_config_handle	32	static
primary_display.c:1545:5:_should_reset_cmdq_config_handle	32	static
primary_display.c:1564:5:_should_insert_wait_frame_done_token	32	static
primary_display.c:1579:5:_should_trigger_interface	32	static
primary_display.c:1587:5:_should_config_ovl_input	32	static
primary_display.c:1597:5:_should_config_ovl_to_memory	240	static
primary_display.c:1634:5:_init_vsync_fake_monitor	32	static
primary_display.c:1655:6:disp_set_sodi	0	static
primary_display.c:1831:6:disp_spm_enter_cg_mode	16	static
primary_display.c:1836:6:disp_spm_enter_power_down_mode	16	static
primary_display.c:2002:6:_cmdq_insert_wait_frame_done_token_mira	32	static
primary_display.c:780:12:_switch_mmsys_clk	112	static
primary_display.c:880:5:primary_display_switch_mmsys_clk	80	static
primary_display.c:4705:12:decouple_fence_release_kthread	160	static
primary_display.c:2014:13:directlink_path_add_memory	96	static
primary_display.c:2338:13:session_mode_spy	0	static
primary_display.c:2875:5:disp_fmt_to_hw_fmt	32	static
primary_display.c:2971:12:_convert_disp_input_to_ovl	272	static
primary_display.c:3051:12:_convert_disp_input_to_rdma	48	static
primary_display.c:3167:5:_trigger_ovl_to_memory	96	static
primary_display.c:3192:5:_trigger_ovl_to_memory_mirror	80	static
primary_display.c:3262:14:_need_do_esd_check	32	static
primary_display.c:3276:14:_need_register_eint	32	static
primary_display.c:3312:5:_esd_check_config_handle_cmd	48	static
primary_display.c:3344:6:primary_display_esd_cust_bycmdq	0	static
primary_display.c:3349:5:primary_display_esd_cust_get	0	static
primary_display.c:3358:5:_esd_check_config_handle_vdo	48	static
primary_display.c:3454:5:primary_display_switch_esd_mode	64	static
primary_display.c:3982:6:primary_display_esd_check_enable	48	static
primary_display.c:4133:6:disp_update_trigger_time	16	static
primary_display.c:5037:5:primary_display_switch_wdma_dump	32	static
primary_display.c:5052:5:primary_display_set_frame_buffer_address	48	static
primary_display.c:5068:15:primary_display_get_frame_buffer_mva_address	32	static
primary_display.c:5073:15:primary_display_get_frame_buffer_va_address	32	static
primary_display.c:5078:5:primary_display_get_session_mode	32	static
primary_display.c:5083:5:is_dim_layer	0	static
primary_display.c:5090:7:primary_get_dpmgr_handle	32	static
primary_display.c:5528:5:primary_display_deinit	48	static
primary_display.c:5542:5:primary_display_wait_for_idle	48	static
primary_display.c:5554:5:primary_display_wait_for_dump	0	static
primary_display.c:5559:5:primary_display_release_fence_fake	48	static
primary_display.c:5638:14:primary_display_get_ticket	16	static
primary_display.c:5689:5:primary_suspend_release_fence	64	static
primary_display.c:5885:5:primary_display_get_lcm_index	48	static
primary_display.c:6220:5:primary_display_ipoh_restore	48	static
primary_display.c:6247:5:primary_display_start	48	static
primary_display.c:6267:5:primary_display_stop	48	static
primary_display.c:6395:6:primary_display_update_present_fence	0	static
primary_display.c:6760:5:_primary_display_config_output	112	static
primary_display.c:6834:5:primary_display_config_output	16	static
primary_display.c:7143:5:primary_display_config_interface_input	80	static
primary_display.c:7286:5:init_ext_decouple_buffers	0	static
primary_display.c:7303:5:deinit_ext_decouple_buffers	0	static
primary_display.c:7522:5:primary_display_is_alive	48	static
primary_display.c:7535:5:primary_display_is_sleepd_nolock	32	static
primary_display.c:7546:5:primary_display_is_sleepd	48	static
primary_display.c:7562:5:primary_display_get_width	32	static
primary_display.c:7576:5:primary_display_get_height	32	static
primary_display.c:6596:12:primary_display_ovl2mem_callback	96	static
primary_display.c:2471:12:init_decouple_buffers	96	static
primary_display.c:4901:5:primary_display_capture_framebuffer_wdma	160	static
primary_display.c:5095:15:get_dim_layer_mva_addr	48	static
primary_display.c:7591:5:primary_display_get_original_width	32	static
primary_display.c:7605:5:primary_display_get_original_height	32	static
primary_display.c:7619:5:primary_display_get_bpp	0	static
primary_display.c:7624:5:primary_display_get_dc_bpp	0	static
primary_display.c:7629:6:primary_display_set_max_layer	48	static
primary_display.c:7742:5:primary_display_get_pages	0	static
primary_display.c:7748:5:primary_display_is_video_mode	32	static
primary_display.c:429:5:_disp_primary_path_set_vfp	64	static
primary_display.c:3293:14:_need_wait_esd_eof	32	static
primary_display.c:1875:13:_cmdq_start_trigger_loop	32	static
primary_display.c:6131:5:primary_display_resume_ovl2mem	80	static
primary_display.c:6239:5:primary_display_ipoh_recover	48	static
primary_display.c:3869:5:primary_display_esd_recovery	48	static
primary_display.c:4295:6:primary_display_sodi_rule_init	32	static
primary_display.c:4342:5:primary_display_change_lcm_resolution	96	static
primary_display.c:5121:5:primary_display_init	144	static
primary_display.c:2108:12:_DL_switch_to_DC_fast	176	static
primary_display.c:2241:12:_DC_switch_to_DL_fast	624	static
primary_display.c:7316:5:primary_display_switch_mode	112	static
primary_display.c:7445:5:primary_display_switch_mode_nolock	80	static
primary_display.c:465:5:primary_display_save_power_for_idle.part.21	80	static
primary_display.c:465:5:primary_display_save_power_for_idle	16	static
primary_display.c:610:6:_disp_primary_path_exit_idle.part.22	32	static
primary_display.c:610:6:_disp_primary_path_exit_idle	16	static
primary_display.c:629:6:disp_exit_idle_ex	48	static
primary_display.c:894:5:primary_display_set_secondary_display	16	static
primary_display.c:653:12:_disp_primary_path_idle_detect_thread	144	static
primary_display.c:4139:12:_disp_primary_path_check_trigger	80	static
primary_display.c:7206:5:primary_display_user_cmd	80	static
primary_display.c:1160:5:primary_display_get_debug_state	112	static
primary_display.c:6638:5:primary_display_mem_out_trigger	64	static
primary_display.c:3079:5:_trigger_display_interface	96	static
primary_display.c:5899:5:primary_display_resume	64	static
primary_display.c:3546:5:primary_display_esd_check	128	static
primary_display.c:3783:12:primary_display_esd_check_worker_kthread	144	static
primary_display.c:5596:5:primary_display_wait_for_vsync	80	static
primary_display.c:748:5:primary_display_cmdq_set_reg	64	static
primary_display.c:7754:5:primary_display_is_decouple_mode	32	static
primary_display.c:7759:5:primary_display_is_mirror_mode	32	static
primary_display.c:7764:5:primary_display_is_ovl1to2_handle	32	static
primary_display.c:7772:5:primary_display_diagnose	48	static
primary_display.c:4208:14:cmdqDdpDumpInfo	32	static
primary_display.c:7786:13:primary_display_cmdq_enabled	0	static
primary_display.c:7791:5:primary_display_switch_cmdq_cpu	48	static
primary_display.c:7803:5:primary_display_manual_lock	32	static
primary_display.c:7809:5:primary_display_manual_unlock	32	static
primary_display.c:7815:6:primary_display_reset	32	static
primary_display.c:7820:14:primary_display_get_fps	48	static
primary_display.c:7831:5:primary_display_force_set_vsync_fps	64	static
primary_display.c:7853:5:primary_display_insert_session_buf	80	static
primary_display.c:7867:5:primary_display_enable_path_cg	48	static
primary_display.c:7971:5:_set_backlight_by_cmdq	64	static
primary_display.c:8010:5:_set_backlight_by_cpu	48	static
primary_display.c:8059:5:primary_display_setbacklight	64	static
primary_display.c:8138:5:primary_display_set_cmd	80	static
primary_display.c:8193:10:DISP_GetScreenWidth	16	static
primary_display.c:8199:10:DISP_GetScreenHeight	16	static
primary_display.c:8205:10:DISP_GetActiveHeight	32	static
primary_display.c:8220:10:DISP_GetActiveWidth	32	static
primary_display.c:7634:5:primary_display_get_info	64	static
primary_display.c:8234:13:DISP_GetLcmPara	32	static
primary_display.c:8247:13:DISP_GetLcmDrv	32	static
primary_display.c:8261:5:primary_display_capture_framebuffer_decouple	112	static
primary_display.c:8344:5:primary_display_capture_framebuffer_ovl	128	static
primary_display.c:8560:10:DISP_GetPanelBPP	0	static
primary_display.c:8593:10:DISP_GetScreenBpp	0	static
primary_display.c:8598:10:DISP_GetPages	0	static
primary_display.c:8603:10:DISP_GetFBRamSize	32	static
primary_display.c:8610:10:DISP_GetVRamSize	0	static
primary_display.c:8644:10:DISP_GetVRamSizeBoot	16	static
primary_display.c:8683:5:disp_hal_allocate_framebuffer	64	static
primary_display.c:8728:5:primary_display_remap_irq_event_map	0	static
primary_display.c:8733:14:primary_display_get_option	32	static
primary_display.c:4574:12:_ovl_fence_release_callback	368	static
primary_display.c:6407:12:_primary_display_trigger.isra.32	80	static
primary_display.c:6543:5:primary_display_trigger	16	static
primary_display.c:6548:5:primary_display_trigger_nolock	16	static
primary_display.c:4775:12:_olv_wdma_fence_release_callback	48	static
primary_display.c:4540:12:_ovl_ext_fence_release_callback	96	static
primary_display.c:6554:5:primary_display_memory_trigger_nolock	48	static
primary_display.c:7090:12:_primary_display_config_input_multiple.part.33	192	static
primary_display.c:7133:5:primary_display_config_input_multiple	16	static
primary_display.c:6582:6:primary_display_trigger_and_merge	112	static
primary_display.c:8519:5:primary_display_capture_framebuffer	128	static
primary_display.c:8755:5:primary_display_get_debug_info	0	static
primary_display.c:8779:5:primary_display_check_path	0	static
primary_display.c:8909:5:primary_display_lcm_ATA	48	static
primary_display.c:8938:5:fbconfig_get_esd_check_test	64	static
primary_display.c:8979:5:Panel_Master_dsi_config_entry	96	static
primary_display.c:9062:5:primary_display_switch_dst_mode	16	static
primary_display.c:9143:6:primary_display_reset_ovl_by_cmdq	48	static
primary_display.c:9195:5:primary_display_te_test	80	static
primary_display.c:9344:5:primary_display_roi_test	48	static
primary_display.c:9371:5:primary_display_resolution_test	128	static
primary_display.c:9471:5:primary_display_check_test	64	static
primary_display.c:9550:5:display_vsync_switch_to_dsi	48	static
primary_display.c:9574:5:display_enter_tui	64	static
primary_display.c:9617:5:display_exit_tui	48	static
primary_display.c:9639:5:primary_display_get_init_status	0	static
primary_display.c:9678:5:display_freeze_mode	80	static
primary_display.c:5721:5:primary_display_suspend	80	static
primary_display.c:9726:5:primary_display_disable_ovl2mem	64	static
