info.c:446:21:snd_info_entry_poll	16	static
info.c:472:13:snd_info_entry_ioctl	16	static
info.c:493:12:snd_info_entry_mmap	16	static
info.c:836:13:snd_info_disconnect	48	static
info.c:156:15:snd_info_entry_llseek	64	static
info.c:768:31:snd_info_create_entry	32	static
info.c:402:12:snd_info_entry_release	32	static
info.c:301:12:snd_info_entry_open	96	static
info.c:201:16:snd_info_entry_read	48	static
info.c:248:16:snd_info_entry_write	80	static
info.c:854:12:snd_info_dev_free_entry	32	static
info.c:42:5:snd_info_check_reserved_words	32	static
info.c:110:5:snd_iprintf	192	static
info.c:981:13:snd_info_version_read	16	static
info.c:619:5:snd_info_card_register	48	static
info.c:639:6:snd_info_card_id_change	48	static
info.c:657:6:snd_info_card_disconnect	32	static
info.c:673:5:snd_info_card_free	48	static
info.c:693:5:snd_info_get_line	16	static
info.c:730:13:snd_info_get_str	0	static
info.c:797:24:snd_info_create_module_entry	48	static
info.c:821:24:snd_info_create_card_entry	48	static
info.c:918:6:snd_info_free_entry	32	static
info.c:887:5:snd_card_proc_new	64	static
info.c:568:12:snd_info_done	48	static
info.c:943:5:snd_info_register	64	static
info.c:527:12:snd_info_init	48	static
info.c:595:5:snd_info_card_create	64	static
info.c:861:12:snd_info_dev_register_entry	16	static
info.c:1004:19:snd_info_version_done	32	static
