pcm.c:491:13:snd_pcm_xrun_debug_write	96	static
pcm.c:484:13:snd_pcm_xrun_debug_read	16	static
pcm.c:333:13:snd_pcm_proc_info_read	48	static
pcm.c:369:13:snd_pcm_stream_proc_info_read	16	static
pcm.c:376:13:snd_pcm_substream_proc_info_read	16	static
pcm.c:447:13:snd_pcm_substream_proc_status_read	208	static
pcm.c:419:13:snd_pcm_substream_proc_sw_params_read	48	static
pcm.c:1190:13:snd_pcm_proc_read	80	static
pcm.c:382:13:snd_pcm_substream_proc_hw_params_read	48	static
pcm.c:813:13:snd_pcm_free_stream	48	static
pcm.c:837:12:snd_pcm_free	48	static
pcm.c:855:12:snd_pcm_dev_free	16	static
pcm.c:1111:12:snd_pcm_dev_disconnect	64	static
pcm.c:1040:12:snd_pcm_dev_register	128	static
pcm.c:1005:16:show_pcm_class	16	static
pcm.c:1249:20:alsa_pcm_exit	32	static
pcm.c:93:12:snd_pcm_control_ioctl	80	static
pcm.c:1241:19:alsa_pcm_init	32	static
pcm.c:223:13:snd_pcm_format_name	0	static
pcm.c:652:5:snd_pcm_new_stream	144	static
pcm.c:715:12:_snd_pcm_new	80	static
pcm.c:776:5:snd_pcm_new	16	static
pcm.c:804:5:snd_pcm_new_internal	16	static
pcm.c:861:5:snd_pcm_attach_substream	80	static
pcm.c:981:6:snd_pcm_detach_substream	32	static
pcm.c:1160:5:snd_pcm_notify	64	static
