pcm.h:1021:20:snd_pcm_mmap_data_open	0	static
pcm.h:1027:20:snd_pcm_mmap_data_close	0	static
pcm_native.c:969:12:snd_pcm_pre_start	0	static
pcm_native.c:1032:12:snd_pcm_pre_stop	0	static
pcm_native.c:1103:12:snd_pcm_pre_pause	0	static
pcm_native.c:1182:12:snd_pcm_pre_suspend	0	static
pcm_native.c:1280:12:snd_pcm_pre_resume	0	static
pcm_native.c:1385:12:snd_pcm_pre_reset	0	static
pcm_native.c:1399:12:snd_pcm_do_reset	32	static
pcm_native.c:1437:12:snd_pcm_pre_prepare	0	static
pcm_native.c:1503:12:snd_pcm_pre_drain_init	0	static
pcm_native.c:1551:13:snd_pcm_post_drain_init	0	static
pcm_native.c:778:12:snd_pcm_action_group	80	static
pcm_native.c:1927:12:snd_pcm_hw_rule_buffer_bytes_max	32	static
pcm_native.c:1413:13:snd_pcm_post_reset	16	static
pcm_native.c:1840:12:snd_pcm_hw_rule_muldivk	48	static
pcm_native.c:1850:12:snd_pcm_hw_rule_mulkdiv	48	static
pcm_native.c:1822:12:snd_pcm_hw_rule_mul	48	static
pcm_native.c:1831:12:snd_pcm_hw_rule_div	48	static
pcm_native.c:1881:12:snd_pcm_hw_rule_sample_bits	80	static
pcm_native.c:1860:12:snd_pcm_hw_rule_format	144	static
pcm_native.c:1918:12:snd_pcm_hw_rule_rate	16	static
pcm_native.c:3036:16:snd_pcm_aio_write	80	static
pcm_native.c:1792:12:snd_pcm_unlink	64	static
pcm_native.c:2147:13:pcm_release_private	16	static
pcm_native.c:3475:13:snd_pcm_hw_convert_from_old_params	32	static
pcm_native.c:3494:13:snd_pcm_hw_convert_to_old_params	32	static
pcm_compat.c:279:12:snd_pcm_ioctl_xferi_compat	32	static
pcm_native.c:3000:16:snd_pcm_aio_read	80	static
pcm_compat.c:323:12:snd_pcm_ioctl_xfern_compat	80	static
pcm_native.c:3274:12:snd_pcm_mmap_data_fault	32	static
pcm_native.c:835:12:snd_pcm_action_single	48	static
pcm_native.c:899:12:snd_pcm_action_lock_mutex	64	static
pcm_native.c:876:12:snd_pcm_action	64	static
pcm_native.c:988:13:snd_pcm_undo_start	16	static
pcm_native.c:1041:12:snd_pcm_do_stop	16	static
pcm_native.c:1135:13:snd_pcm_undo_pause	16	static
pcm_native.c:1191:12:snd_pcm_do_suspend	16	static
pcm_native.c:1289:12:snd_pcm_do_resume	16	static
pcm_native.c:1302:13:snd_pcm_undo_resume	16	static
pcm_native.c:1117:12:snd_pcm_do_pause	32	static
pcm_native.c:2976:16:snd_pcm_write	32	static
pcm_native.c:924:12:snd_pcm_action_lock_irq.part.32	80	static
pcm_native.c:2952:16:snd_pcm_read	32	static
pcm_native.c:3444:12:snd_pcm_fasync	16	static
pcm_native.c:981:12:snd_pcm_do_start	16	static
pcm_native.c:1450:12:snd_pcm_do_prepare	32	static
pcm_native.c:752:13:snd_pcm_trigger_tstamp	64	static
pcm_native.c:994:13:snd_pcm_post_start	48	static
pcm_native.c:1049:13:snd_pcm_post_stop	48	static
pcm_native.c:1516:12:snd_pcm_do_drain_init	32	static
pcm_native.c:1202:13:snd_pcm_post_suspend	32	static
pcm_native.c:1143:13:snd_pcm_post_pause	48	static
pcm_native.c:1309:13:snd_pcm_post_resume	32	static
pcm_native.c:429:13:snd_pcm_set_state	48	static
pcm_native.c:1459:13:snd_pcm_post_prepare	32	static
pcm_native.c:2545:12:snd_pcm_hwsync	32	static
pcm_native.c:2496:26:snd_pcm_capture_forward	48	static
pcm_native.c:2447:26:snd_pcm_playback_forward	48	static
pcm_native.c:2351:26:snd_pcm_playback_rewind	48	static
pcm_native.c:2399:26:snd_pcm_capture_rewind	48	static
pcm_native.c:3109:21:snd_pcm_capture_poll	32	static
pcm_native.c:1687:12:snd_pcm_drop	48	static
pcm_native.c:2152:6:snd_pcm_release_substream.part.38	32	static
pcm_native.c:2330:12:snd_pcm_release	64	static
pcm_native.c:3070:21:snd_pcm_playback_poll	32	static
pcm_native.c:80:6:snd_pcm_stream_lock	32	static
pcm_native.c:92:6:snd_pcm_stream_unlock	16	static
pcm_native.c:585:12:snd_pcm_sw_params	48	static
pcm_native.c:639:12:snd_pcm_sw_params_user	176	static
pcm_compat.c:122:12:snd_pcm_ioctl_sw_params_compat	176	static
pcm_native.c:715:12:snd_pcm_channel_info	48	static
pcm_native.c:2576:12:snd_pcm_delay	64	static
pcm_native.c:2617:12:snd_pcm_sync_ptr	208	static
pcm_native.c:104:6:snd_pcm_stream_lock_irq	32	static
pcm_native.c:112:6:snd_pcm_stream_unlock_irq	32	static
pcm_native.c:120:15:_snd_pcm_stream_lock_irqsave	32	static
pcm_native.c:130:6:snd_pcm_stream_unlock_irqrestore	48	static
pcm_native.c:153:5:snd_pcm_info	48	static
pcm_native.c:180:5:snd_pcm_info_user	48	static
pcm_native.c:221:5:snd_pcm_hw_refine	208	dynamic
pcm_native.c:437:12:snd_pcm_hw_params	48	static
pcm_compat.c:232:12:snd_pcm_ioctl_hw_params_compat	64	static
pcm_native.c:652:5:snd_pcm_status	48	static
pcm_native.c:700:12:snd_pcm_status_user	192	static
pcm_native.c:2670:12:snd_pcm_common_ioctl1	160	static
pcm_native.c:2738:12:snd_pcm_playback_ioctl1	80	static
pcm_native.c:2898:13:snd_pcm_playback_ioctl	16	static
pcm_native.c:2818:12:snd_pcm_capture_ioctl1	80	static
pcm_native.c:2912:13:snd_pcm_capture_ioctl	16	static
pcm_compat.c:203:12:snd_pcm_status_user_compat	192	static
pcm_compat.c:472:13:snd_pcm_ioctl_compat	176	static
pcm_native.c:1023:5:snd_pcm_start	16	static
pcm_native.c:1078:5:snd_pcm_stop	16	static
pcm_native.c:1094:5:snd_pcm_drain_done	16	static
pcm_native.c:1230:5:snd_pcm_suspend	48	static
pcm_native.c:1254:5:snd_pcm_suspend_all	80	static
pcm_native.c:1940:5:snd_pcm_hw_constraints_init	64	static
pcm_native.c:2064:5:snd_pcm_hw_constraints_complete	48	static
pcm_native.c:2152:6:snd_pcm_release_substream	16	static
pcm_native.c:2176:5:snd_pcm_open_substream	64	static
pcm_native.c:2273:12:snd_pcm_open	128	static
pcm_native.c:2259:12:snd_pcm_capture_open	32	static
pcm_native.c:2245:12:snd_pcm_playback_open	32	static
pcm_native.c:2926:5:snd_pcm_kernel_ioctl	32	static
pcm_native.c:3322:5:snd_pcm_lib_default_mmap	16	static
pcm_native.c:3372:5:snd_pcm_mmap_data	32	static
pcm_native.c:3417:12:snd_pcm_mmap	16	static
