timer.c:132:26:snd_timer_find	0	static
timer.c:587:13:snd_timer_reschedule	0	static
timer.c:1918:21:snd_timer_user_poll	32	static
timer.c:878:12:snd_timer_dev_disconnect	32	static
timer.c:1011:13:snd_timer_free_system	16	static
timer.c:101:35:snd_timer_instance_new	48	static
timer.c:807:12:snd_timer_free	48	static
timer.c:832:12:snd_timer_dev_free	16	static
timer.c:838:12:snd_timer_dev_register	48	static
timer.c:383:13:snd_timer_notify1	96	static
timer.c:618:13:snd_timer_tasklet	80	static
timer.c:1844:12:snd_timer_user_fasync	16	static
timer_compat.c:35:12:snd_timer_user_info_compat	256	static
timer.c:1701:12:snd_timer_user_status	144	static
timer.c:1310:12:snd_timer_user_next_device	80	static
timer.c:1119:13:snd_timer_user_interrupt	48	static
timer.c:1852:16:snd_timer_user_read	176	static
timer.c:986:12:snd_timer_s_stop	32	static
timer.c:967:12:snd_timer_s_start	16	static
timer.c:1045:13:snd_timer_proc_read	128	static
timer.c:1247:12:snd_timer_user_open	48	static
timer.c:1151:13:snd_timer_user_append_to_tqueue.part.7	0	static
timer.c:1163:13:snd_timer_user_ccallback	80	static
timer.c:1188:13:snd_timer_user_tinterrupt	96	static
timer.c:478:12:_snd_timer_stop.constprop	64	static
timer.c:1477:12:snd_timer_user_gstatus.isra.4	160	static
timer.c:232:5:snd_timer_open	112	static
timer.c:369:15:snd_timer_resolution	16	static
timer.c:453:5:snd_timer_start	64	static
timer.c:528:5:snd_timer_stop	32	static
timer.c:308:5:snd_timer_close	48	static
timer.c:1274:12:snd_timer_user_release	32	static
timer.c:1513:12:snd_timer_user_tselect	144	static
timer.c:1598:12:snd_timer_user_params	160	static
timer.c:550:5:snd_timer_continue	64	static
timer.c:1832:13:snd_timer_user_ioctl	160	static
timer_compat.c:99:13:snd_timer_user_ioctl_compat	144	static
timer.c:576:5:snd_timer_pause	16	static
timer.c:655:6:snd_timer_interrupt	96	static
timer.c:957:13:snd_timer_s_function	16	static
timer.c:760:5:snd_timer_new	64	static
timer.c:887:6:snd_timer_notify	96	static
timer.c:920:5:snd_timer_global_new	48	static
timer.c:932:5:snd_timer_global_free	16	static
timer.c:937:5:snd_timer_global_register	64	static
timer.c:1957:19:alsa_timer_init	64	static
timer.c:1106:20:snd_timer_proc_done	16	static
timer.c:1975:20:alsa_timer_exit	32	static
