battery_meter.c:4289:16:store_FG_Current	0	static
battery_meter.c:4305:16:store_FG_g_fg_dbg_bat_volt	0	static
battery_meter.c:4321:16:store_FG_g_fg_dbg_bat_current	0	static
battery_meter.c:4337:16:store_FG_g_fg_dbg_bat_zcv	0	static
battery_meter.c:4352:16:store_FG_g_fg_dbg_bat_temp	0	static
battery_meter.c:4367:16:store_FG_g_fg_dbg_bat_r	0	static
battery_meter.c:4382:16:store_FG_g_fg_dbg_bat_car	0	static
battery_meter.c:4397:16:store_FG_g_fg_dbg_bat_qmax	0	static
battery_meter.c:4412:16:store_FG_g_fg_dbg_d0	0	static
battery_meter.c:4426:16:store_FG_g_fg_dbg_d1	0	static
battery_meter.c:4441:16:store_FG_g_fg_dbg_percentage	0	static
battery_meter.c:4457:16:store_FG_g_fg_dbg_percentage_fg	0	static
battery_meter.c:4474:16:store_FG_g_fg_dbg_percentage_voltmode	0	static
battery_meter.c:515:13:__batt_meter_parse_table	80	static
battery_meter.c:4892:12:battery_meter_dts_probe	32	static
battery_meter.c:4466:16:show_FG_g_fg_dbg_percentage_voltmode	32	static
battery_meter.c:4450:16:show_FG_g_fg_dbg_percentage_fg	32	static
battery_meter.c:4434:16:show_FG_g_fg_dbg_percentage	32	static
battery_meter.c:4420:16:show_FG_g_fg_dbg_d1	32	static
battery_meter.c:4406:16:show_FG_g_fg_dbg_d0	32	static
battery_meter.c:4390:16:show_FG_g_fg_dbg_bat_qmax	32	static
battery_meter.c:4375:16:show_FG_g_fg_dbg_bat_car	32	static
battery_meter.c:4361:16:show_FG_g_fg_dbg_bat_r	32	static
battery_meter.c:4345:16:show_FG_g_fg_dbg_bat_temp	32	static
battery_meter.c:4330:16:show_FG_g_fg_dbg_bat_zcv	32	static
battery_meter.c:4314:16:show_FG_g_fg_dbg_bat_current	32	static
battery_meter.c:4298:16:show_FG_g_fg_dbg_bat_volt	32	static
battery_meter.c:4269:16:show_FG_Current	64	static
battery_meter.c:503:13:__batt_meter_parse_node	48	static
battery_meter.c:3920:16:fgadc_log_write	32	static
battery_meter.c:4551:13:battery_meter_shutdown	16	static
battery_meter.c:4545:12:battery_meter_remove	16	static
battery_meter.c:4924:19:battery_meter_init	48	static
battery_meter.c:254:6:battery_meter_reset_sleep_time	0	static
battery_meter.c:312:5:__batt_meter_init_cust_data_from_cust_header	16	static
battery_meter.c:812:5:get_r_fg_value	0	static
battery_meter.c:942:5:BattThermistorConverTemp	0	static
battery_meter.c:983:12:fgauge_get_Q_max	32	static
battery_meter.c:1028:12:fgauge_get_Q_max_high_current	32	static
battery_meter.c:1075:5:BattVoltToTemp_meta	32	static
battery_meter.c:1093:5:BattVoltToTemp	0	static
battery_meter.c:1118:5:force_get_tbat	80	static
battery_meter.c:1251:5:fgauge_get_saddles	0	static
battery_meter.c:1256:5:fgauge_get_saddles_r_table	0	static
battery_meter.c:1261:26:fgauge_get_profile	0	static
battery_meter.c:1283:20:fgauge_get_profile_r_table	0	static
battery_meter.c:574:5:__batt_meter_init_cust_data_from_dt	96	static
battery_meter.c:789:5:batt_meter_init_cust_data	32	static
battery_meter.c:1304:12:fgauge_read_capacity_by_v	32	static
battery_meter.c:1345:12:fgauge_read_v_by_capacity	32	static
battery_meter.c:1385:12:fgauge_read_d_by_v	32	static
battery_meter.c:1425:12:fgauge_read_v_by_d	32	static
battery_meter.c:1465:12:fgauge_read_r_bat_by_v	32	static
battery_meter.c:1503:6:fgauge_construct_battery_profile_init	160	static
battery_meter.c:1557:6:fgauge_construct_battery_profile	80	static
battery_meter.c:1633:6:fgauge_construct_r_table_profile	80	static
battery_meter.c:1742:6:fgauge_construct_table_by_temp	80	static
battery_meter.c:1893:6:fg_qmax_update_for_aging	48	static
battery_meter.c:2012:6:dod_init	64	static
battery_meter.c:2207:12:mtk_imp_tracking	96	static
battery_meter.c:2246:6:oam_init	96	static
battery_meter.c:2342:6:oam_run	224	static
battery_meter.c:2521:6:table_init	48	static
battery_meter.c:2544:12:auxadc_algo_run	64	static
battery_meter.c:2557:6:update_fg_dbg_tool_value	32	static
battery_meter.c:2587:12:fgauge_compensate_battery_voltage	48	static
battery_meter.c:2610:12:fgauge_compensate_battery_voltage_recursion	80	static
battery_meter.c:2654:12:fgauge_get_dod0	64	static
battery_meter.c:2725:12:fgauge_update_dod	80	static
battery_meter.c:2793:12:fgauge_read_capacity	64	static
battery_meter.c:2824:6:fg_voltage_mode	16	static
battery_meter.c:3133:6:fg_bat_int_handler	16	static
battery_meter.c:3140:6:fgauge_initialization	48	static
battery_meter.c:3200:12:get_dynamic_period	64	static
battery_meter.c:3323:12:battery_meter_get_battery_voltage	48	static
battery_meter.c:3007:6:fgauge_algo_run_init	176	static
battery_meter.c:2847:6:fgauge_algo_run	160	static
battery_meter.c:3386:12:battery_meter_get_charging_current_imm	16	static
battery_meter.c:3406:12:battery_meter_get_charging_current	112	static
battery_meter.c:3516:12:battery_meter_get_battery_current	32	static
battery_meter.c:3529:10:battery_meter_get_battery_current_sign	32	static
battery_meter.c:3542:12:battery_meter_get_car	32	static
battery_meter.c:3555:12:battery_meter_get_battery_temperature	16	static
battery_meter.c:3571:12:battery_meter_get_charger_voltage	32	static
battery_meter.c:3646:12:battery_meter_set_columb_interrupt	32	static
battery_meter.c:4556:12:battery_meter_suspend	64	static
battery_meter.c:3654:12:battery_meter_get_battery_percentage	32	static
battery_meter.c:3703:12:battery_meter_initial	32	static
battery_meter.c:3742:6:reset_parameter_car	32	static
battery_meter.c:3771:6:reset_parameter_dod_change	32	static
battery_meter.c:3789:6:reset_parameter_dod_full	48	static
battery_meter.c:3816:12:battery_meter_reset	32	static
battery_meter.c:3839:12:battery_meter_sync	0	static
battery_meter.c:3849:12:battery_meter_get_battery_zcv	0	static
battery_meter.c:3858:12:battery_meter_get_battery_nPercent_zcv	0	static
battery_meter.c:3867:12:battery_meter_get_battery_nPercent_UI_SOC	0	static
battery_meter.c:3876:12:battery_meter_get_tempR	0	static
battery_meter.c:3891:12:battery_meter_get_tempV	32	static
battery_meter.c:3905:12:battery_meter_get_VSense	32	static
battery_meter.c:3946:5:init_proc_log_fg	16	static
battery_meter.c:4485:12:battery_meter_probe	48	static
battery_meter.c:4603:6:battery_aging_check	112	static
battery_meter.c:4789:12:battery_meter_resume	112	static
