battery_common.c:527:12:wireless_get_property	0	static
battery_common.c:544:12:ac_get_property	0	static
battery_common.c:561:12:usb_get_property	0	static
battery_common.c:588:12:battery_get_property	0	static
battery_common.c:3580:12:adc_cali_open	0	static
battery_common.c:3585:12:adc_cali_release	0	static
battery_common.c:4669:13:battery_shutdown	16	static
battery_common.c:4662:12:battery_remove	16	static
battery_common.c:1605:16:store_Charger_Type	32	static
battery_common.c:1539:16:store_FG_SW_CoulombCounter	32	static
battery_common.c:1515:16:store_FG_Battery_CurrentConsumption	32	static
battery_common.c:1492:16:store_Charger_TopOff_Value	32	static
battery_common.c:1470:16:store_Power_Off_Voltage	32	static
battery_common.c:1449:16:store_Power_On_Voltage	32	static
battery_common.c:1427:16:store_ADC_Channel_Is_Calibration	32	static
battery_common.c:1404:16:store_ADC_Channel_13_Offset	32	static
battery_common.c:1381:16:store_ADC_Channel_12_Offset	32	static
battery_common.c:1358:16:store_ADC_Channel_11_Offset	32	static
battery_common.c:1335:16:store_ADC_Channel_10_Offset	32	static
battery_common.c:1312:16:store_ADC_Channel_9_Offset	32	static
battery_common.c:1289:16:store_ADC_Channel_8_Offset	32	static
battery_common.c:1266:16:store_ADC_Channel_7_Offset	32	static
battery_common.c:1243:16:store_ADC_Channel_6_Offset	32	static
battery_common.c:1220:16:store_ADC_Channel_5_Offset	32	static
battery_common.c:1197:16:store_ADC_Channel_4_Offset	32	static
battery_common.c:1174:16:store_ADC_Channel_3_Offset	32	static
battery_common.c:1151:16:store_ADC_Channel_2_Offset	32	static
battery_common.c:1128:16:store_ADC_Channel_1_Offset	32	static
battery_common.c:1105:16:store_ADC_Channel_0_Offset	32	static
battery_common.c:1081:16:store_ADC_Channel_13_Slope	32	static
battery_common.c:1058:16:store_ADC_Channel_12_Slope	32	static
battery_common.c:1035:16:store_ADC_Channel_11_Slope	32	static
battery_common.c:1012:16:store_ADC_Channel_10_Slope	32	static
battery_common.c:990:16:store_ADC_Channel_9_Slope	32	static
battery_common.c:968:16:store_ADC_Channel_8_Slope	32	static
battery_common.c:946:16:store_ADC_Channel_7_Slope	32	static
battery_common.c:924:16:store_ADC_Channel_6_Slope	32	static
battery_common.c:902:16:store_ADC_Channel_5_Slope	32	static
battery_common.c:880:16:store_ADC_Channel_4_Slope	32	static
battery_common.c:858:16:store_ADC_Channel_3_Slope	32	static
battery_common.c:836:16:store_ADC_Channel_2_Slope	32	static
battery_common.c:814:16:store_ADC_Channel_1_Slope	32	static
battery_common.c:792:16:store_ADC_Channel_0_Slope	32	static
battery_common.c:770:16:store_ADC_Charger_Voltage	32	static
battery_common.c:5086:12:mt_batteryNotify_dts_probe	32	static
battery_common.c:5034:12:battery_dts_probe	32	static
battery_common.c:4902:12:mt_batteryNotify_probe	48	static
battery_common.c:4801:12:proc_utilization_open	16	static
battery_common.c:4862:12:proc_utilization_open_cur_stop	16	static
battery_common.c:4789:12:proc_utilization_show	32	static
battery_common.c:4759:16:battery_cmd_write	96	static
battery_common.c:4812:16:current_cmd_write	112	static
battery_common.c:4711:16:store_BN_TestMode	64	static
battery_common.c:4684:16:store_BatteryNotify	64	static
battery_common.c:4705:16:show_BN_TestMode	48	static
battery_common.c:4677:16:show_BatteryNotify	48	static
battery_common.c:1595:16:show_Charger_Type	48	static
battery_common.c:1572:16:show_V_0Percent_Tracking	48	static
battery_common.c:1550:16:show_Charging_CallState	48	static
battery_common.c:1505:16:show_FG_Battery_CurrentConsumption	48	static
battery_common.c:1482:16:show_Charger_TopOff_Value	32	static
battery_common.c:1461:16:show_Power_Off_Voltage	32	static
battery_common.c:1440:16:show_Power_On_Voltage	32	static
battery_common.c:1417:16:show_ADC_Channel_Is_Calibration	48	static
battery_common.c:1394:16:show_ADC_Channel_13_Offset	48	static
battery_common.c:1371:16:show_ADC_Channel_12_Offset	48	static
battery_common.c:1348:16:show_ADC_Channel_11_Offset	48	static
battery_common.c:1325:16:show_ADC_Channel_10_Offset	48	static
battery_common.c:1302:16:show_ADC_Channel_9_Offset	48	static
battery_common.c:1279:16:show_ADC_Channel_8_Offset	48	static
battery_common.c:1256:16:show_ADC_Channel_7_Offset	48	static
battery_common.c:1233:16:show_ADC_Channel_6_Offset	48	static
battery_common.c:1210:16:show_ADC_Channel_5_Offset	48	static
battery_common.c:1187:16:show_ADC_Channel_4_Offset	48	static
battery_common.c:1164:16:show_ADC_Channel_3_Offset	48	static
battery_common.c:1141:16:show_ADC_Channel_2_Offset	48	static
battery_common.c:1118:16:show_ADC_Channel_1_Offset	48	static
battery_common.c:1095:16:show_ADC_Channel_0_Offset	48	static
battery_common.c:1071:16:show_ADC_Channel_13_Slope	48	static
battery_common.c:1048:16:show_ADC_Channel_12_Slope	48	static
battery_common.c:1025:16:show_ADC_Channel_11_Slope	48	static
battery_common.c:1002:16:show_ADC_Channel_10_Slope	48	static
battery_common.c:980:16:show_ADC_Channel_9_Slope	48	static
battery_common.c:958:16:show_ADC_Channel_8_Slope	48	static
battery_common.c:936:16:show_ADC_Channel_7_Slope	48	static
battery_common.c:914:16:show_ADC_Channel_6_Slope	48	static
battery_common.c:892:16:show_ADC_Channel_5_Slope	48	static
battery_common.c:870:16:show_ADC_Channel_4_Slope	48	static
battery_common.c:848:16:show_ADC_Channel_3_Slope	48	static
battery_common.c:826:16:show_ADC_Channel_2_Slope	48	static
battery_common.c:804:16:show_ADC_Channel_1_Slope	48	static
battery_common.c:782:16:show_ADC_Channel_0_Slope	48	static
battery_common.c:763:16:show_ADC_Charger_Voltage	48	static
battery_common.c:1579:16:store_V_0Percent_Tracking	48	static
battery_common.c:1556:16:store_Charging_CallState	48	static
battery_common.c:1529:16:show_FG_SW_CoulombCounter	48	static
battery_common.c:2352:21:mt_battery_average_method	80	static
battery_common.c:478:16:bat_log_write	32	static
battery_common.c:1830:17:mt_battery_0Percent_tracking_check	16	static
battery_common.c:4157:13:__batt_parse_node	48	static
battery_common.c:4847:12:current_cmd_read	48	static
battery_common.c:3859:22:charger_hv_detect_sw_workaround	32	static
battery_common.c:4996:12:battery_pm_restore_noirq	16	static
battery_common.c:4985:12:battery_pm_restore	16	static
battery_common.c:4974:12:battery_pm_freeze	16	static
battery_common.c:4963:12:battery_pm_resume	16	static
battery_common.c:4952:12:battery_pm_suspend	16	static
battery_common.c:5141:19:battery_init	48	static
battery_common.c:4867:16:discharging_cmd_write	112	static
battery_common.c:1928:13:battery_update.constprop	64	static
battery_common.c:2897:13:mt_battery_update_status	32	static
battery_common.c:3890:22:battery_kthread_hrtimer_func	48	static
battery_common.c:337:6:charging_suspend_enable	32	static
battery_common.c:345:6:charging_suspend_disable	32	static
battery_common.c:353:5:read_tbat_value	0	static
battery_common.c:358:5:get_charger_detect_status	32	static
battery_common.c:379:28:mt_usb_is_device	0	static
battery_common.c:384:10:upmu_is_chr_det	48	static
battery_common.c:431:6:wake_up_bat	48	static
battery_common.c:3397:13:adc_cali_ioctl	96	static
battery_common.c:448:6:wake_up_bat2	48	static
battery_common.c:463:6:wake_up_bat3	48	static
battery_common.c:504:5:init_proc_log	16	static
battery_common.c:2040:6:update_charger_info	48	static
battery_common.c:2137:10:pmic_chrdet_status	32	static
battery_common.c:2150:10:bat_is_charger_exist	32	static
battery_common.c:2156:10:bat_is_charging_full	0	static
battery_common.c:2165:14:bat_get_ui_percentage	0	static
battery_common.c:2181:14:bat_is_recharging_phase	0	static
battery_common.c:2193:5:get_bat_charging_current_level	32	static
battery_common.c:2203:12:do_batt_temp_state_machine	32	static
battery_common.c:2256:15:BAT_Get_Battery_Voltage	16	static
battery_common.c:2369:6:mt_battery_GetBatteryData	256	static
battery_common.c:2820:6:mt_battery_notify_check	48	static
battery_common.c:2921:14:mt_charger_type_detection	64	static
battery_common.c:2992:13:mt_battery_charger_detect_check	48	static
battery_common.c:2983:14:mt_get_charger_type	0	static
battery_common.c:3105:6:update_battery_2nd_info	48	static
battery_common.c:3128:6:do_chrdet_int_task	32	static
battery_common.c:3381:6:bat_thread_wakeup	48	static
battery_common.c:3599:6:check_battery_exist	64	static
battery_common.c:3251:6:BAT_thread	48	static
battery_common.c:3316:5:bat_thread_kthread	144	static
battery_common.c:5117:12:battery_pm_event	80	static
battery_common.c:3651:6:charger_plug_out_sw_mode	112	static
battery_common.c:3702:6:hv_sw_mode	48	static
battery_common.c:3743:5:charger_hv_detect_sw_thread_handler	128	static
battery_common.c:3869:6:charger_hv_detect_sw_workaround_init	48	static
battery_common.c:3897:6:battery_kthread_hrtimer_init	32	static
battery_common.c:3977:5:__batt_init_cust_data_from_cust_header	0	static
battery_common.c:4370:5:batt_init_cust_data	32	static
battery_common.c:4381:12:battery_probe	96	static
