lenovo_charging.c:204:5:lenovo_battery_discharging_kthread	16	static
lenovo_charging.c:907:16:chg_show_charging_ic_id	32	static
lenovo_charging.c:875:17:chg_show_charging_led_flag	16	static
lenovo_charging.c:840:16:chg_show_charging_led_factory_mode	16	static
lenovo_charging.c:748:17:chg_show_notify_value	16	static
lenovo_charging.c:732:17:chg_show_debug_temp	16	static
lenovo_charging.c:716:17:chg_show_debug_value	16	static
lenovo_charging.c:680:16:batt_show_calistatus	16	static
lenovo_charging.c:881:16:chg_store_charging_led_flag	48	static
lenovo_charging.c:855:16:chg_store_charging_led_state	32	static
lenovo_charging.c:846:16:chg_store_charging_led_factory_mode	48	static
lenovo_charging.c:738:16:chg_store_debug_temp	32	static
lenovo_charging.c:722:16:chg_store_debug_value	32	static
lenovo_charging.c:690:17:chg_show_i_current	48	static
lenovo_charging.c:65:6:lenovo_battery_backup_charging_state	0	static
lenovo_charging.c:70:6:lenovo_battery_resume_charging_state	0	static
lenovo_charging.c:76:10:lenovo_battery_is_deep_charging	0	static
lenovo_charging.c:83:6:lenovo_battery_get_data	16	static
lenovo_charging.c:94:6:lenovo_battery_disable_charging	32	static
lenovo_charging.c:100:6:lenovo_battery_enable_charging	32	static
lenovo_charging.c:107:6:lenvovo_battery_wake_bat_thread	16	static
lenovo_charging.c:118:6:lenovo_get_charging_curret	0	static
lenovo_charging.c:149:10:lenovo_battery_is_battery_exist	16	static
lenovo_charging.c:213:7:lenovo_battery_start_discharging	32	static
lenovo_charging.c:217:6:lenovo_battery_stop_discharging	32	static
lenovo_charging.c:225:10:lenovo_battery_is_debug_discharging	32	static
lenovo_charging.c:251:6:lenovo_battery_reset_debounce	0	static
lenovo_charging.c:255:6:lenovo_battery_reset_vars	0	static
lenovo_charging.c:265:14:lenvovo_battery_notify_check	0	static
lenovo_charging.c:289:10:lenovo_battery_is_valid_cc	0	static
lenovo_charging.c:296:10:lenovo_battery_limit_to_cc	0	static
lenovo_charging.c:303:10:lenovo_battery_is_valid_limit	0	static
lenovo_charging.c:312:10:lenovo_battery_cc_to_limit	0	static
lenovo_charging.c:321:10:lenovo_battery_error_to_limit	0	static
lenovo_charging.c:328:10:lenovo_battery_is_neg10_low_temp	0	static
lenovo_charging.c:334:10:lenovo_battery_is_0_low_temp	0	static
lenovo_charging.c:341:10:lenovo_battery_is_50_high_temp	0	static
lenovo_charging.c:348:10:lenovo_battery_is_0_50_normal_temp	0	static
lenovo_charging.c:355:10:lenovo_battery_is_2_48_normal_temp	0	static
lenovo_charging.c:363:6:lenovo_battery_limit_c_temp_state	0	static
lenovo_charging.c:371:6:lenovo_battery_charing_protect	0	static
lenovo_charging.c:410:6:lenovo_battery_charging	32	static
lenovo_charging.c:450:6:lenovo_battery_charging_error	32	static
lenovo_charging.c:527:10:lenovo_battery_is_temp_45_to_pos_50	0	static
lenovo_charging.c:539:7:lenovo_battery_charging_set_led_state	16	static
lenovo_charging.c:572:6:lenovo_battery_charger_out	16	static
lenovo_charging.c:578:6:lenovo_battery_debug_print	32	static
lenovo_charging.c:589:6:lenovo_battery_notify_to_health	0	static
lenovo_charging.c:663:6:lenovo_battery_set_Qmax_cali_status	16	static
lenovo_charging.c:477:6:lenovo_battery_charger_in	48	static
lenovo_charging.c:608:10:lenovo_battery_charging_thread	80	static
lenovo_charging.c:939:5:lenovo_battery_create_sys_file	32	static
