mtk_thermal_monitor.c:2265:12:mtk_cooling_wrapper_get_cur_state	64	static
mtk_thermal_monitor.c:2241:12:mtk_cooling_wrapper_get_max_state	64	static
mtk_thermal_monitor.c:1406:12:_mtkthermal_tz_open	32	static
mtk_thermal_monitor.c:1254:12:_mtkthermal_cooler_open	32	static
mtk_thermal_monitor.c:1585:12:_mtm_scen_call_open	16	static
mtk_thermal_monitor.c:1535:12:_mtkthermal_indicator_open	16	static
mtk_thermal_monitor.c:1067:12:mtkthermal_open	16	static
mtk_thermal_monitor.c:1550:12:_mtm_scen_call_read	16	static
mtk_thermal_monitor.c:1504:12:_mtkthermal_indicator_read	16	static
mtk_thermal_monitor.c:1268:12:_mtkthermal_tz_read	80	static
mtk_thermal_monitor.c:1512:16:_mtkthermal_indicator_write	96	static
mtk_thermal_monitor.c:1319:16:_mtkthermal_tz_write	384	static
mtk_thermal_monitor.c:818:12:mtk_sysinfo_get_info	144	static
mtk_thermal_monitor.c:931:13:_mtm_update_sysinfo	48	static
mtk_thermal_monitor.c:953:13:_mtm_decide_new_delay	16	static
mtk_thermal_monitor.c:1172:16:_mtkthermal_cooler_write	240	static
mtk_thermal_monitor.c:998:16:mtkthermal_write	96	static
mtk_thermal_monitor.c:1558:16:_mtm_scen_call_write	96	static
mtk_thermal_monitor.c:1665:20:mtkthermal_exit	16	static
mtk_thermal_monitor.c:1133:12:_mtkthermal_cooler_read	48	static
mtk_thermal_monitor.c:756:40:getClientZoneOps.part.5	16	static
mtk_thermal_monitor.c:984:12:mtkthermal_read	48	static
mtk_thermal_monitor.c:687:12:mtk_thermal_get_tz_idx	32	static
mtk_thermal_monitor.c:1999:12:mtk_thermal_wrapper_notify	64	static
mtk_thermal_monitor.c:1979:12:mtk_thermal_wrapper_get_crit_temp	48	static
mtk_thermal_monitor.c:1883:12:mtk_thermal_wrapper_get_mode	48	static
mtk_thermal_monitor.c:1953:12:mtk_thermal_wrapper_get_trip_temp	64	static
mtk_thermal_monitor.c:1906:12:mtk_thermal_wrapper_set_mode	48	static
mtk_thermal_monitor.c:1929:12:mtk_thermal_wrapper_get_trip_type	64	static
mtk_thermal_monitor.c:1692:12:mtk_thermal_wrapper_bind	80	static
mtk_thermal_monitor.c:1750:12:mtk_thermal_wrapper_unbind	64	static
mtk_thermal_monitor.c:1805:12:mtk_thermal_wrapper_get_temp	96	static
mtk_thermal_monitor.c:2290:12:mtk_cooling_wrapper_set_cur_state	112	static
mtk_thermal_monitor.c:2037:29:mtk_thermal_zone_device_register_wrapper	96	static
mtk_thermal_monitor.c:2152:6:mtk_thermal_zone_device_unregister_wrapper	96	static
mtk_thermal_monitor.c:2205:5:mtk_thermal_zone_bind_cooling_device_wrapper	64	static
mtk_thermal_monitor.c:2398:32:mtk_thermal_cooling_device_register_wrapper	64	static
mtk_thermal_monitor.c:2447:6:mtk_thermal_cooling_device_unregister_wrapper	80	static
mtk_thermal_monitor.c:2479:5:mtk_thermal_zone_bind_trigger_trip	32	static
mtk_thermal_monitor.c:2487:5:mtk_thermal_get_temp	32	static
mtk_thermal_monitor.c:2506:24:mtk_thermal_get_proc_drv_therm_dir_entry	48	static
mtk_thermal_monitor.c:1601:19:mtkthermal_init	48	static
