zram_drv.c:593:16:comp_algorithm_store	64	static
zram_drv.c:580:16:comp_algorithm_show	48	static
zram_drv.c:551:16:max_comp_streams_store	64	static
zram_drv.c:470:16:max_comp_streams_show	48	static
zram_drv.c:514:16:mem_used_max_show	64	static
zram_drv.c:483:16:mem_limit_show	48	static
zram_drv.c:453:16:mem_used_total_show	64	static
zram_drv.c:1541:1:zram_attr_compr_data_size_show	16	static
zram_drv.c:444:16:orig_data_size_show	16	static
zram_drv.c:1540:1:zram_attr_zero_pages_show	16	static
zram_drv.c:1539:1:zram_attr_notify_free_show	16	static
zram_drv.c:1538:1:zram_attr_invalid_io_show	16	static
zram_drv.c:1537:1:zram_attr_failed_writes_show	16	static
zram_drv.c:1536:1:zram_attr_failed_reads_show	16	static
zram_drv.c:1535:1:zram_attr_num_writes_show	16	static
zram_drv.c:1534:1:zram_attr_num_reads_show	16	static
zram_drv.c:431:16:initstate_show	48	static
zram_drv.c:423:16:disksize_show	16	static
zram_drv.c:528:16:mem_used_max_store	64	static
zram_drv.c:496:16:mem_limit_store	80	static
zram_drv.c:404:16:compact_store	48	static
zram_drv.c:1317:16:disksize_store	80	static
zram_drv.c:762:13:zram_free_page	48	static
zram_drv.c:1735:12:zraminfo_proc_open	16	static
zram_drv.c:1498:13:zram_slot_free_notify	80	static
zram_drv.c:1748:19:zram_init	112	static
zram_drv.c:1677:12:zraminfo_proc_show	144	static
zram_drv.c:857:12:zram_decompress_page.isra.16	96	static
zram_drv.c:1206:12:zram_bvec_rw.isra.18	128	static
zram_drv.c:1475:13:zram_make_request	160	static
zram_drv.c:1269:13:zram_reset_device	64	static
zram_drv.c:1797:20:zram_exit	64	static
zram_drv.c:1378:16:reset_store	80	static
zram_drv.c:1666:15:zram_mlog	16	static
