ais_fsm.c:4472:1:aisFsmRunEventMgmtFrameTxDone	32	static
ais_fsm.c:2424:6:aisFsmCreateIBSS.part.5	32	static
ais_fsm.c:3964:1:aisDeauthXmitComplete.part.11	32	static
ais_fsm.c:117:6:aisInitializeConnectionSettings	64	static
ais_fsm.c:218:6:aisFsmInit	80	static
ais_fsm.c:402:6:aisFsmStateInit_JOIN	64	static
ais_fsm.c:553:9:aisFsmStateInit_RetryJOIN	48	static
ais_fsm.c:727:6:aisFsmStateAbort_SCAN	32	static
ais_fsm.c:825:8:aisIndex2ChannelNum	0	static
ais_fsm.c:864:6:aisGetAndSetScanChannel	112	static
ais_fsm.c:2690:1:aisIndicationOfMediaStateToHost	112	static
ais_fsm.c:2976:6:aisUpdateBssInfoForCreateIBSS	48	static
ais_fsm.c:2424:6:aisFsmCreateIBSS	16	static
ais_fsm.c:608:6:aisFsmStateInit_IBSS_ALONE	32	static
ais_fsm.c:3070:6:aisUpdateBssInfoForMergeIBSS	48	static
ais_fsm.c:3196:9:aisValidateProbeReq	32	static
ais_fsm.c:3868:6:aisFsmReleaseCh	32	static
ais_fsm.c:684:6:aisFsmStateAbort_JOIN	64	static
ais_fsm.c:763:6:aisFsmStateAbort_NORMAL_TR	32	static
ais_fsm.c:794:6:aisFsmStateAbort_IBSS	32	static
ais_fsm.c:4064:18:aisFsmRoamingScanResultsUpdate	32	static
ais_fsm.c:4101:6:aisFsmRoamingDisconnectPrevAP	48	static
ais_fsm.c:4191:9:aisFsmIsRequestPending	32	static
ais_fsm.c:2801:6:aisCheckPostponedDisconnTimeout	112	static
ais_fsm.c:4234:17:aisFsmGetNextRequest	32	static
ais_fsm.c:4268:9:aisFsmInsertRequest	64	static
ais_fsm.c:1677:24:aisFsmStateSearchAction	32	static
ais_fsm.c:934:6:aisFsmSteps	112	static
ais_fsm.c:3345:13:aisFsmRunEventScanDoneTimeOut	48	static
ais_fsm.c:1866:6:aisFsmRunEventScanDone	64	static
ais_fsm.c:2452:6:aisFsmMergeIBSS	48	static
ais_fsm.c:640:6:aisFsmStateInit_IBSS_MERGE	48	static
ais_fsm.c:2533:6:aisFsmRunEventFoundIBSSPeer	80	static
ais_fsm.c:3409:6:aisFsmRunEventBGSleepTimeOut	48	static
ais_fsm.c:3449:6:aisFsmRunEventIbssAloneTimeOut	32	static
ais_fsm.c:3795:6:aisFsmRunEventChGrant	64	static
ais_fsm.c:3253:6:aisFsmDisconnect	80	static
ais_fsm.c:2050:6:aisFsmStateAbort	48	static
ais_fsm.c:3908:6:aisBssBeaconTimeout	32	static
ais_fsm.c:3944:6:aisBssSecurityChanged	16	static
ais_fsm.c:3577:6:aisFsmRunEventSecModeChangeTimeout	32	static
ais_fsm.c:3964:1:aisDeauthXmitComplete	32	static
ais_fsm.c:3571:6:aisFsmRunEventDeauthTimeout	16	static
ais_fsm.c:3635:6:aisFsmScanRequest	80	static
ais_fsm.c:3714:1:aisFsmScanRequestAdv	96	static
ais_fsm.c:3995:6:aisFsmRunEventRoamingDiscovery	48	static
ais_fsm.c:4311:6:aisFsmFlushRequest	48	static
ais_fsm.c:351:6:aisFsmUninit	64	static
ais_fsm.c:4327:6:aisFsmRunEventRemainOnChannel	32	static
ais_fsm.c:4362:6:aisFsmRunEventCancelRemainOnChannel	48	static
ais_fsm.c:4430:6:aisFsmRunEventChannelTimeout	48	static
ais_fsm.c:4503:1:aisFuncTxMgmtFrame	48	static
ais_fsm.c:4405:6:aisFsmRunEventMgmtFrameTx	32	static
ais_fsm.c:4572:6:aisFuncValidateRxActionFrame	32	static
ais_fsm.c:4662:1:aisQueryBlackList	64	static
ais_fsm.c:4596:1:aisAddBlacklist	64	static
ais_fsm.c:1962:6:aisFsmRunEventAbort	64	static
ais_fsm.c:3497:6:aisFsmRunEventJoinTimeout	64	static
ais_fsm.c:4645:6:aisRemoveBlackList	32	static
ais_fsm.c:2854:6:aisUpdateBssInfoForJOIN	80	static
ais_fsm.c:4145:6:aisUpdateBssInfoForRoamingAP	48	static
ais_fsm.c:2231:24:aisFsmJoinCompleteAction	144	static
ais_fsm.c:2193:6:aisFsmRunEventJoinComplete	160	static
ais_fsm.c:4685:6:aisRemoveTimeoutBlacklist	48	static
ais_fsm.c:4735:9:aisApOverload	0	static
ais_fsm.c:4750:9:aisCalculateBlackListScore	32	static
ais_fsm.c:4762:6:aisRecordBeaconTimeout	64	static
ais_fsm.c:4781:6:aisRemoveBeaconTimeoutEntry	0	static
ais_fsm.c:4864:6:aisRunEventChnlUtilRsp	96	static
