scan_fsm.c:1295:1:scnSubCombineNLOtoPSCN.part.0	32	static
scan_fsm.c:1320:1:scnSubCombineBatchSCNtoPSCN.part.1	32	static
scan_fsm.c:181:6:scnSendScanReq	96	static
scan_fsm.c:283:6:scnSendScanReqV2	112	static
scan_fsm.c:489:6:scnFsmHandleScanMsg	32	static
scan_fsm.c:562:6:scnFsmHandleScanMsgV2	64	static
scan_fsm.c:93:6:scnFsmSteps	80	static
scan_fsm.c:384:6:scnFsmMsgStart	48	static
scan_fsm.c:757:1:scnFsmGenerateScanDoneMsg	64	static
scan_fsm.c:628:6:scnFsmRemovePendingMsg	64	static
scan_fsm.c:429:6:scnFsmMsgAbort	96	static
scan_fsm.c:693:6:scnEventScanDone	64	static
scan_fsm.c:817:9:scnQuerySparseChannel	32	static
scan_fsm.c:847:6:scnEventNloDone	32	static
scan_fsm.c:1105:9:scnFsmPSCNAction	80	static
scan_fsm.c:1144:9:scnFsmPSCNSetParam	64	static
scan_fsm.c:1180:9:scnFsmPSCNSetHotlist	80	static
scan_fsm.c:1217:9:scnFsmPSCNAddSWCBssId	96	static
scan_fsm.c:1256:9:scnFsmPSCNSetMacAddr	80	static
scan_fsm.c:1295:1:scnSubCombineNLOtoPSCN	16	static
scan_fsm.c:1320:1:scnSubCombineBatchSCNtoPSCN	16	static
scan_fsm.c:1345:1:scnSubCombineGSCNtoPSCN	64	static
scan_fsm.c:1392:1:scnRemoveFromPSCN	64	static
scan_fsm.c:1440:1:scnCombineParamsIntoPSCN	64	static
scan_fsm.c:1471:6:scnPSCNFsm	96	static
scan_fsm.c:885:1:scnFsmSchedScanRequest	112	static
scan_fsm.c:1040:9:scnFsmSchedScanStopRequest	32	static
scan_fsm.c:1552:9:scnSetGSCNParam	112	static
scan_fsm.c:1617:9:scnSetGSCNConfig	32	static
scan_fsm.c:1637:9:scnFsmGetGSCNResult	160	static
scan_fsm.c:1757:9:scnFsmGSCNResults	80	static
scan_fsm.c:1797:6:scnScanDoneTimeout	48	static
