AudDrv_Clk.c:227:6:AudDrv_Clk_AllOn	32	static
AudDrv_Clk.c:237:6:Auddrv_Bus_Init	32	static
AudDrv_Clk.c:260:6:AudDrv_Clk_Power_On	48	static
AudDrv_Clk.c:270:6:AudDrv_Clk_Power_Off	0	static
AudDrv_Clk.c:348:6:AudDrv_Clk_On	48	static
AudDrv_Clk.c:458:6:AudDrv_Clk_Off	48	static
AudDrv_Clk.c:531:6:AudDrv_ANA_Clk_On	32	static
AudDrv_Clk.c:543:6:AudDrv_ANA_Clk_Off	32	static
AudDrv_Clk.c:576:6:AudDrv_ADC_Clk_On	48	static
AudDrv_Clk.c:618:6:AudDrv_ADC_Clk_Off	48	static
AudDrv_Clk.c:658:6:AudDrv_ADC2_Clk_On	32	static
AudDrv_Clk.c:671:6:AudDrv_ADC2_Clk_Off	32	static
AudDrv_Clk.c:698:6:AudDrv_ADC3_Clk_On	32	static
AudDrv_Clk.c:710:6:AudDrv_ADC3_Clk_Off	32	static
AudDrv_Clk.c:739:6:AudDrv_APLL22M_Clk_On	48	static
AudDrv_Clk.c:853:6:AudDrv_APLL22M_Clk_Off	48	static
AudDrv_Clk.c:933:6:AudDrv_APLL24M_Clk_On	48	static
AudDrv_Clk.c:1099:6:AudDrv_APLL24M_Clk_Off	48	static
AudDrv_Clk.c:1183:6:AudDrv_I2S_Clk_On	48	static
AudDrv_Clk.c:1225:6:AudDrv_I2S_Clk_Off	48	static
AudDrv_Clk.c:1265:6:AudDrv_Core_Clk_On	48	static
AudDrv_Clk.c:1308:6:AudDrv_Core_Clk_Off	48	static
AudDrv_Clk.c:1333:6:AudDrv_APLL1Tuner_Clk_On	48	static
AudDrv_Clk.c:1371:6:AudDrv_APLL1Tuner_Clk_Off	48	static
AudDrv_Clk.c:1397:6:AudDrv_APLL2Tuner_Clk_On	48	static
AudDrv_Clk.c:1436:6:AudDrv_APLL2Tuner_Clk_Off	48	static
AudDrv_Clk.c:1471:6:AudDrv_HDMI_Clk_On	48	static
AudDrv_Clk.c:1481:6:AudDrv_HDMI_Clk_Off	48	static
AudDrv_Clk.c:1507:6:AudDrv_Suspend_Clk_Off	48	static
AudDrv_Clk.c:1639:6:AudDrv_Suspend_Clk_On	48	static
AudDrv_Clk.c:1887:6:AudDrv_Emi_Clk_On	48	static
AudDrv_Clk.c:1902:6:AudDrv_Emi_Clk_Off	48	static
