mt_soc_machine.c:160:12:mtmachine_startup	0	static
mt_soc_machine.c:166:12:mtmachine_prepare	0	static
mt_soc_machine.c:177:12:mtmachine_compr_startup	0	static
mt_soc_machine.c:186:12:mtmachine_startupmedia2	0	static
mt_soc_machine.c:192:12:mtmachine_preparemedia2	0	static
mt_soc_machine.c:912:12:india_region_headphone_get	0	static
mt_soc_machine.c:1933:6:k5_arizona_micd_cb	32	static
mt_soc_machine.c:1020:5:florida_hp1_volume_get	112	static
mt_soc_machine.c:1472:12:florida_aif2_free	32	static
mt_soc_machine.c:1442:12:florida_aif2_hw_params	48	static
mt_soc_machine.c:1397:12:florida_aif_free	32	static
mt_soc_machine.c:1365:12:florida_aif1_hw_params	64	static
mt_soc_machine.c:2076:12:mt_soc_snd_exit	16	static
mt_soc_machine.c:1896:12:mt6735_set_lowjitter	32	static
mt_soc_machine.c:1889:12:mt6735_get_lowjitter	32	static
mt_soc_machine.c:2023:12:mt_soc_snd_init	48	static
mt_soc_machine.c:221:16:mt_soc_ana_debug_read	4192	dynamic,bounded
mt_soc_machine.c:461:16:mt_soc_debug_read	4176	dynamic,bounded
mt_soc_machine.c:791:16:mt_soc_debug_write	352	static
mt_soc_machine.c:1432:12:florida_aif2_record_startup	32	static
mt_soc_machine.c:1423:12:florida_aif2_startup	32	static
mt_soc_machine.c:1356:12:florida_aif1_startup	32	static
mt_soc_machine.c:1053:12:florida_hp1_volume_put	96	static
mt_soc_machine.c:933:12:florida_get_spk	32	static
mt_soc_machine.c:920:12:florida_set_spk	48	static
mt_soc_machine.c:1176:12:florida_set_bias_level_post	64	static
mt_soc_machine.c:1128:12:florida_set_bias_level	64	static
mt_soc_machine.c:1961:13:florida_ez2ctrl_cb	32	static
mt_soc_machine.c:2107:20:florida_sound_card_exit	32	static
mt_soc_machine.c:2102:19:florida_sound_card_init	16	static
mt_soc_machine.c:215:12:mt_soc_ana_debug_open	16	static
mt_soc_machine.c:455:12:mt_soc_debug_open	16	static
mt_soc_machine.c:209:12:mt_soc_audio_init2	16	static
mt_soc_machine.c:203:12:mt_soc_audio_init	16	static
mt_soc_machine.c:1973:12:mtk_florida_late_probe	64	static
mt_soc_machine.c:1230:12:florida_init	80	static
mt_soc_machine.c:1263:5:florida_powerdown_prepare	64	static
mt_soc_machine.c:1299:5:florida_powerdown_complete	80	static
mt_soc_machine.c:963:6:florida_set_hp_imp_compensate	48	static
mt_soc_machine.c:973:6:k5_arizona_hpdet_cb	32	static
mt_soc_machine.c:896:12:india_region_headphone_set	32	static
mt_soc_machine.c:1002:6:reconfig_gain_of_headphone_india	32	static
