mt_soc_pcm_hp_impedance.c:128:26:mtk_pcm_hp_impedance_pointer	0	static
mt_soc_pcm_hp_impedance.c:180:12:mtk_pcm_hp_impedance_hw_free	0	static
mt_soc_pcm_hp_impedance.c:293:12:mtk_pcm_hp_impedance_trigger	0	static
mt_soc_pcm_hp_impedance.c:307:12:mtk_pcm_hp_impedance_copy	0	static
mt_soc_pcm_hp_impedance.c:314:12:mtk_pcm_hp_impedance_silence	0	static
mt_soc_pcm_hp_impedance.c:324:21:mtk_pcm_hp_impedance_page	0	static
mt_soc_pcm_hp_impedance.c:639:12:mtk_asoc_pcm_hp_impedance_new	0	static
mt_soc_pcm_hp_impedance.c:691:19:mtk_soc_hp_impedance_platform_init	16	static
mt_soc_pcm_hp_impedance.c:661:12:mtk_hp_impedance_remove	16	static
mt_soc_pcm_hp_impedance.c:624:12:mtk_soc_hp_impedance_probe	32	static
mt_soc_pcm_hp_impedance.c:227:12:mtk_pcm_hp_impedance_prepare	48	static
mt_soc_pcm_hp_impedance.c:278:12:mtk_soc_pcm_hp_impedance_close	16	static
mt_soc_pcm_hp_impedance.c:194:12:mtk_pcm_hp_impedance_open	32	static
mt_soc_pcm_hp_impedance.c:648:12:mtk_asoc_dhp_impedance_probe	32	static
mt_soc_pcm_hp_impedance.c:569:12:Audio_HP_ImpeDance_Get	96	static
mt_soc_pcm_hp_impedance.c:335:12:Audio_HP_ImpeDance_Set	96	static
mt_soc_pcm_hp_impedance.c:713:20:mtk_soc_hp_impedance_platform_exit	16	static
mt_soc_pcm_hp_impedance.c:160:12:mtk_pcm_hp_impedance_params	64	static
