mt_soc_offload_common.c:213:16:OffloadService_write	0	static
mt_soc_offload_common.c:218:16:OffloadService_read	0	static
mt_soc_offload_common.c:276:13:OffloadService_ioctl_compat	16	static
mt_soc_offload_common.c:229:12:OffloadService_fasync	16	static
mt_soc_offload_common.c:181:12:OffloadService_release	32	static
mt_soc_offload_common.c:223:12:OffloadService_flush	16	static
mt_soc_offload_common.c:175:12:OffloadService_open	16	static
mt_soc_offload_common.c:235:12:OffloadService_remap_mmap	16	static
mt_soc_offload_common.c:265:12:OffloadService_resume	16	static
mt_soc_offload_common.c:258:12:OffloadService_suspend	16	static
mt_soc_offload_common.c:253:13:OffloadService_shutdown	16	static
mt_soc_offload_common.c:247:12:OffloadService_remove	16	static
mt_soc_offload_common.c:241:12:OffloadService_probe	16	static
mt_soc_offload_common.c:354:14:OffloadService_mod_exit	16	static
mt_soc_offload_common.c:330:12:OffloadService_mod_init	32	static
mt_soc_offload_common.c:84:6:OffloadService_ProcessWriteblocked.part.0	96	static
mt_soc_offload_common.c:84:6:OffloadService_ProcessWriteblocked	96	static
mt_soc_offload_common.c:99:6:OffloadService_SetWriteblocked	0	static
mt_soc_offload_common.c:104:6:OffloadService_ReleaseWriteblocked	16	static
mt_soc_offload_common.c:120:6:OffloadService_SetVolumeCbk	16	static
mt_soc_offload_common.c:126:6:OffloadService_SetVolume	32	static
mt_soc_offload_common.c:133:5:OffloadService_GetVolume	0	static
mt_soc_offload_common.c:139:6:OffloadService_SetOffloadMode	32	static
mt_soc_offload_common.c:190:13:OffloadService_ioctl	32	static
mt_soc_offload_common.c:151:5:OffloadService_GetOffloadMode	0	static
mt_soc_offload_common.c:156:6:OffloadService_SetEnable	16	static
mt_soc_offload_common.c:162:6:OffloadService_GetEnable	32	static
