mt_soc_pcm_dl1_i2s0.c:433:12:mtk_pcm_i2s0_hw_free	0	static
mt_soc_pcm_dl1_i2s0.c:506:12:mtk_pcm_i2s0_prepare	0	static
mt_soc_pcm_dl1_i2s0.c:726:21:mtk_i2s0_pcm_page	16	static
mt_soc_pcm_dl1_i2s0.c:716:12:mtk_pcm_i2s0_silence	16	static
mt_soc_pcm_dl1_i2s0.c:772:12:mtk_asoc_pcm_i2s0_new	16	static
mt_soc_pcm_dl1_i2s0.c:819:19:mtk_i2s0_soc_platform_init	16	static
mt_soc_pcm_dl1_i2s0.c:789:12:mtk_i2s0_remove	32	static
mt_soc_pcm_dl1_i2s0.c:753:12:mtk_i2s0_probe	48	static
mt_soc_pcm_dl1_i2s0.c:579:12:mtk_pcm_i2s0_copy	96	static
mt_soc_pcm_dl1_i2s0.c:359:26:mtk_pcm_i2s0_pointer	48	static
mt_soc_pcm_dl1_i2s0.c:293:12:Audio_i2s0_ExtCodec_EchoRef_Set	32	static
mt_soc_pcm_dl1_i2s0.c:285:12:Audio_i2s0_ExtCodec_EchoRef_Get	32	static
mt_soc_pcm_dl1_i2s0.c:248:12:Audio_i2s0_hdoutput_Get	32	static
mt_soc_pcm_dl1_i2s0.c:88:12:Audio_i2s0_SideGen_Get	32	static
mt_soc_pcm_dl1_i2s0.c:564:12:mtk_pcm_i2s0_trigger	48	static
mt_soc_pcm_dl1_i2s0.c:256:12:Audio_i2s0_hdoutput_Set	32	static
mt_soc_pcm_dl1_i2s0.c:408:12:mtk_pcm_i2s0_hw_params	32	static
mt_soc_pcm_dl1_i2s0.c:496:12:mtk_pcm_i2s0_close	32	static
mt_soc_pcm_dl1_i2s0.c:445:12:mtk_pcm_i2s0_open	64	static
mt_soc_pcm_dl1_i2s0.c:781:12:mtk_afe_i2s0_probe	32	static
mt_soc_pcm_dl1_i2s0.c:96:12:Audio_i2s0_SideGen_Set	48	static
mt_soc_pcm_dl1_i2s0.c:842:20:mtk_i2s0_soc_platform_exit	16	static
