mt_soc_afe_control.c:2135:13:SetIrqEnable	48	static
mt_soc_afe_control.c:3904:13:dump_irq_manager	64	static
mt_soc_afe_control.c:3982:31:get_min_period_user	32	static
mt_soc_afe_control.c:2190:13:SetIrqMcuCounter	32	static
mt_soc_afe_control.c:4009:12:check_and_update_irq	48	static
mt_soc_afe_control.c:247:6:AfeControlMutexLock	16	static
mt_soc_afe_control.c:252:6:AfeControlMutexUnLock	16	static
mt_soc_afe_control.c:257:6:AfeControlSramLock	16	static
mt_soc_afe_control.c:262:6:AfeControlSramUnLock	16	static
mt_soc_afe_control.c:267:14:GetSramState	0	static
mt_soc_afe_control.c:272:6:SetSramState	0	static
mt_soc_afe_control.c:278:6:ClearSramState	0	static
mt_soc_afe_control.c:284:14:GetPLaybackSramFullSize	0	static
mt_soc_afe_control.c:295:14:GetPLaybackSramPartial	0	static
mt_soc_afe_control.c:306:14:GetPLaybackDramSize	0	static
mt_soc_afe_control.c:312:8:GetCaptureSramSize	0	static
mt_soc_afe_control.c:323:8:GetCaptureDramSize	0	static
mt_soc_afe_control.c:329:6:SetFMEnableFlag	0	static
mt_soc_afe_control.c:334:6:SetOffloadEnableFlag	0	static
mt_soc_afe_control.c:339:6:SetOffloadSWMode	0	static
mt_soc_afe_control.c:344:6:ConditionEnterSuspend	0	static
mt_soc_afe_control.c:354:6:get_internalmd_status	16	static
mt_soc_afe_control.c:436:6:SetExternalModemStatus	32	static
mt_soc_afe_control.c:513:6:ResetAfeControl	32	static
mt_soc_afe_control.c:544:6:Register_Aud_Irq	32	static
mt_soc_afe_control.c:645:8:GetApllbySampleRate	0	static
mt_soc_afe_control.c:656:6:SetckSel	32	static
mt_soc_afe_control.c:750:8:SetCLkMclk	48	static
mt_soc_afe_control.c:787:6:SetCLkBclk	0	static
mt_soc_afe_control.c:814:6:EnableI2SDivPower	16	static
mt_soc_afe_control.c:825:6:EnableApll1	32	static
mt_soc_afe_control.c:863:6:EnableApll2	32	static
mt_soc_afe_control.c:680:6:EnableALLbySampleRate	48	static
mt_soc_afe_control.c:716:6:DisableALLbySampleRate	32	static
mt_soc_afe_control.c:919:6:SetVOWStatus	48	static
mt_soc_afe_control.c:948:6:EnableAfe	48	static
mt_soc_afe_control.c:1040:8:SampleRateTransform	0	static
mt_soc_afe_control.c:1078:6:SetSampleRate	32	static
mt_soc_afe_control.c:1134:6:SetChannels	16	static
mt_soc_afe_control.c:1184:6:Set2ndI2SOut	32	static
mt_soc_afe_control.c:1169:6:Set2ndI2SOutAttribute	32	static
mt_soc_afe_control.c:1201:6:Set2ndI2SOutEnable	16	static
mt_soc_afe_control.c:1212:6:SetDaiBt	0	static
mt_soc_afe_control.c:1225:6:SetDaiBtEnable	32	static
mt_soc_afe_control.c:1266:6:GetMrgI2SEnable	0	static
mt_soc_afe_control.c:1272:6:SetMrgI2SEnable	48	static
mt_soc_afe_control.c:1344:6:Set2ndI2SAdcIn	0	static
mt_soc_afe_control.c:1351:6:SetI2SAdcIn	32	static
mt_soc_afe_control.c:1398:6:EnableSideGenHw	48	static
mt_soc_afe_control.c:1537:6:SetSideGenSampleRate	32	static
mt_soc_afe_control.c:1552:6:Set2ndI2SAdcEnable	0	static
mt_soc_afe_control.c:1559:6:SetI2SAdcEnable	32	static
mt_soc_afe_control.c:1611:6:Set2ndI2SEnable	16	static
mt_soc_afe_control.c:1619:6:CleanPreDistortion	16	static
mt_soc_afe_control.c:1629:6:SetDLSrc2	16	static
mt_soc_afe_control.c:1674:6:SetI2SDacOut	48	static
mt_soc_afe_control.c:1694:6:SetHwDigitalGainMode	48	static
mt_soc_afe_control.c:1716:6:SetHwDigitalGainEnable	32	static
mt_soc_afe_control.c:1742:6:SetHwDigitalGain	48	static
mt_soc_afe_control.c:1762:6:SetModemPcmConfig	96	static
mt_soc_afe_control.c:1882:6:SetModemPcmEnable	32	static
mt_soc_afe_control.c:1927:6:EnableSideToneFilter	96	static
mt_soc_afe_control.c:2007:6:SetMemoryPathEnable	32	static
mt_soc_afe_control.c:2041:6:GetMemoryPathEnable	0	static
mt_soc_afe_control.c:2049:6:SetI2SDacEnable	32	static
mt_soc_afe_control.c:2074:6:GetI2SDacEnable	0	static
mt_soc_afe_control.c:2080:6:checkDllinkMEMIfStatus	0	static
mt_soc_afe_control.c:2091:6:checkUplinkMEMIfStatus	0	static
mt_soc_afe_control.c:2104:6:SetHDMIChannels	16	static
mt_soc_afe_control.c:2113:6:SetHDMIEnable	16	static
mt_soc_afe_control.c:2122:6:SetHDMIConnection	0	static
mt_soc_afe_control.c:2129:6:SetConnection	16	static
mt_soc_afe_control.c:2216:6:SetMemDuplicateWrite	16	static
mt_soc_afe_control.c:2250:6:Set2ndI2SIn	32	static
mt_soc_afe_control.c:2234:6:Set2ndI2SInConfig	64	static
mt_soc_afe_control.c:2277:6:Set2ndI2SInEnable	32	static
mt_soc_afe_control.c:2287:6:SetI2SASRCConfig	32	static
mt_soc_afe_control.c:2317:6:SetI2SASRCEnable	16	static
mt_soc_afe_control.c:2330:6:SetMemIfFetchFormatPerSample	16	static
mt_soc_afe_control.c:2407:6:SetoutputConnectionFormat	32	static
mt_soc_afe_control.c:2416:6:SetHDMIMCLK	64	static
mt_soc_afe_control.c:2440:6:SetHDMIBCLK	32	static
mt_soc_afe_control.c:2456:8:GetHDMIApLLSource	32	static
mt_soc_afe_control.c:2462:6:SetHDMIApLL	32	static
mt_soc_afe_control.c:2479:6:SetHDMIdatalength	32	static
mt_soc_afe_control.c:2488:6:SetHDMIsamplerate	32	static
mt_soc_afe_control.c:2535:6:SetTDMLrckWidth	16	static
mt_soc_afe_control.c:2542:6:SetTDMbckcycle	16	static
mt_soc_afe_control.c:2549:6:SetTDMChannelsSdata	16	static
mt_soc_afe_control.c:2556:6:SetTDMDatalength	16	static
mt_soc_afe_control.c:2563:6:SetTDMI2Smode	16	static
mt_soc_afe_control.c:2570:6:SetTDMLrckInverse	16	static
mt_soc_afe_control.c:2577:6:SetTDMBckInverse	16	static
mt_soc_afe_control.c:2584:6:SetTDMEnable	16	static
mt_soc_afe_control.c:2599:5:AudDrv_Allocate_DL1_Buffer	48	static
mt_soc_afe_control.c:2660:5:AudDrv_Allocate_mem_Buffer	96	static
mt_soc_afe_control.c:2721:20:Get_Mem_ControlT	16	static
mt_soc_afe_control.c:2731:6:SetMemifSubStream	64	static
mt_soc_afe_control.c:2766:6:ClearMemBlock	32	static
mt_soc_afe_control.c:2785:6:RemoveMemifSubStream	64	static
mt_soc_afe_control.c:2843:6:Auddrv_Dl1_Spinlock_lock	32	static
mt_soc_afe_control.c:2848:6:Auddrv_Dl1_Spinlock_unlock	16	static
mt_soc_afe_control.c:2854:6:Auddrv_Dl2_Spinlock_lock	32	static
mt_soc_afe_control.c:2859:6:Auddrv_Dl2_Spinlock_unlock	16	static
mt_soc_afe_control.c:2866:6:Auddrv_UL1_Spinlock_lock	32	static
mt_soc_afe_control.c:2871:6:Auddrv_UL1_Spinlock_unlock	16	static
mt_soc_afe_control.c:2876:6:Auddrv_HDMI_Interrupt_Handler	0	static
mt_soc_afe_control.c:2882:6:Auddrv_AWB_Interrupt_Handler	80	static
mt_soc_afe_control.c:2986:6:Auddrv_DAI_Interrupt_Handler	48	static
mt_soc_afe_control.c:3061:6:Auddrv_DL1_Interrupt_Handler	64	static
mt_soc_afe_control.c:3158:6:Auddrv_DL2_Interrupt_Handler	64	static
mt_soc_afe_control.c:3271:24:Get_Mem_Buffer	32	static
mt_soc_afe_control.c:393:6:OpenAfeDigitaldl1	32	static
mt_soc_afe_control.c:3304:6:Auddrv_UL1_Interrupt_Handler	64	static
mt_soc_afe_control.c:3393:12:Get_Mem_CopySizeByStream	48	static
mt_soc_afe_control.c:3441:6:Set_Mem_CopySizeByStream	64	static
mt_soc_afe_control.c:3462:6:Auddrv_UL2_Interrupt_Handler	64	static
mt_soc_afe_control.c:573:13:AudDrv_IRQ_handler	48	static
mt_soc_afe_control.c:3536:6:BackUp_Audio_Register	32	static
mt_soc_afe_control.c:3732:6:Restore_Audio_Register	0	static
mt_soc_afe_control.c:3738:14:Align64ByteSize	0	static
mt_soc_afe_control.c:3748:6:SetOffloadCbk	16	static
mt_soc_afe_control.c:3760:6:ClrOffloadCbk	32	static
mt_soc_afe_control.c:3776:6:Enable4pin_I2S0_I2S3	64	static
mt_soc_afe_control.c:3823:6:AudDrv_checkDLISRStatus	448	static
mt_soc_afe_control.c:4038:5:init_irq_manager	32	static
mt_soc_afe_control.c:452:6:InitAfeControl	96	static
mt_soc_afe_control.c:4049:5:irq_add_user	112	static
mt_soc_afe_control.c:4100:5:irq_remove_user	80	static
mt_soc_afe_control.c:4141:5:irq_update_user	64	static
