mt_soc_pcm_voice_md2_bt.c:211:12:mtk_voice_md2_bt_pcm_copy	0	static
mt_soc_pcm_voice_md2_bt.c:227:21:mtk_pcm_page	0	static
mt_soc_pcm_voice_md2_bt.c:218:12:mtk_voice_md2_bt_pcm_silence	16	static
mt_soc_pcm_voice_md2_bt.c:198:12:mtk_voice_md2_bt_trigger	16	static
mt_soc_pcm_voice_md2_bt.c:294:12:mtk_pcm_hw_params	16	static
mt_soc_pcm_voice_md2_bt.c:344:12:mtk_soc_voice_md2_bt_new	16	static
mt_soc_pcm_voice_md2_bt.c:352:12:mtk_voice_md2_bt_platform_probe	16	static
mt_soc_pcm_voice_md2_bt.c:445:19:mtk_soc_voice_md2_bt_platform_init	16	static
mt_soc_pcm_voice_md2_bt.c:358:12:mtk_voice_md2_bt_remove	32	static
mt_soc_pcm_voice_md2_bt.c:328:12:mtk_voice_md2_bt_probe	32	static
mt_soc_pcm_voice_md2_bt.c:255:12:mtk_voice_md2_bt_prepare	128	static
mt_soc_pcm_voice_md2_bt.c:303:12:mtk_voice_md2_bt_hw_free	16	static
mt_soc_pcm_voice_md2_bt.c:118:12:mtk_voice_md2_bt_pcm_open	32	static
mt_soc_pcm_voice_md2_bt.c:468:20:mtk_soc_voice_md2_bt_platform_exit	16	static
mt_soc_pcm_voice_md2_bt.c:388:12:mtk_voice_md2_bt_pm_ops_resume	48	static
mt_soc_pcm_voice_md2_bt.c:367:12:mtk_voice_md2_bt_pm_ops_suspend	48	static
mt_soc_pcm_voice_md2_bt.c:172:12:mtk_voice_md2_bt_close	32	static
mt_soc_pcm_voice_md2_bt.c:72:6:get_voice_md2_bt_status	0	static
