mt_soc_pcm_dl1_i2s0Dl1.c:386:12:mtk_pcm_I2S0dl1_hw_free	0	static
mt_soc_pcm_dl1_i2s0Dl1.c:814:21:mtk_I2S0dl1_pcm_page	16	static
mt_soc_pcm_dl1_i2s0Dl1.c:804:12:mtk_pcm_I2S0dl1_silence	16	static
mt_soc_pcm_dl1_i2s0Dl1.c:860:12:mtk_asoc_pcm_I2S0dl1_new	16	static
mt_soc_pcm_dl1_i2s0Dl1.c:107:12:Audio_I2S0dl1_hdoutput_Get	32	static
mt_soc_pcm_dl1_i2s0Dl1.c:914:19:mtk_I2S0dl1_soc_platform_init	16	static
mt_soc_pcm_dl1_i2s0Dl1.c:884:12:mtk_I2S0dl1_remove	32	static
mt_soc_pcm_dl1_i2s0Dl1.c:841:12:mtk_I2S0dl1_probe	48	static
mt_soc_pcm_dl1_i2s0Dl1.c:657:12:mtk_pcm_I2S0dl1_copy	96	static
mt_soc_pcm_dl1_i2s0Dl1.c:264:26:mtk_pcm_I2S0dl1_pointer	64	static
mt_soc_pcm_dl1_i2s0Dl1.c:642:12:mtk_pcm_I2S0dl1_trigger	48	static
mt_soc_pcm_dl1_i2s0Dl1.c:491:12:mtk_pcm_I2S0dl1_prepare	48	static
mt_soc_pcm_dl1_i2s0Dl1.c:446:12:mtk_pcm_I2S0dl1_close	32	static
mt_soc_pcm_dl1_i2s0Dl1.c:189:12:Audio_Irqcnt1_Get	32	static
mt_soc_pcm_dl1_i2s0Dl1.c:397:12:mtk_pcm_I2S0dl1_open	64	static
mt_soc_pcm_dl1_i2s0Dl1.c:197:12:Audio_Irqcnt1_Set	32	static
mt_soc_pcm_dl1_i2s0Dl1.c:116:12:Audio_I2S0dl1_hdoutput_Set	48	static
mt_soc_pcm_dl1_i2s0Dl1.c:869:12:mtk_afe_I2S0dl1_probe	32	static
mt_soc_pcm_dl1_i2s0Dl1.c:937:20:mtk_I2S0dl1_soc_platform_exit	16	static
mt_soc_pcm_dl1_i2s0Dl1.c:343:12:mtk_pcm_I2S0dl1_hw_params	48	static
