regulator.h:14:1:ftrace_define_fields_regulator_basic	16	static
regulator.h:110:1:ftrace_define_fields_regulator_value	32	static
regulator.h:14:1:perf_trace_regulator_basic	384	static
regulator.h:76:1:perf_trace_regulator_range	400	static
regulator.h:110:1:perf_trace_regulator_value	400	static
regulator.h:14:1:ftrace_raw_event_regulator_basic	96	static
regulator.h:76:1:ftrace_raw_event_regulator_range	112	static
regulator.h:110:1:ftrace_raw_event_regulator_value	112	static
regulator.h:14:1:ftrace_raw_output_regulator_basic	32	static
regulator.h:76:1:ftrace_raw_output_regulator_range	32	static
regulator.h:110:1:ftrace_raw_output_regulator_value	32	static
core.c:256:12:regulator_mode_constrain	16	static
core.c:198:12:regulator_check_consumers	16	static
core.c:702:12:suspend_set_state	48	static
core.c:1243:39:regulator_find_supply_alias	48	static
core.c:1269:30:regulator_dev_lookup	96	static
core.c:647:13:regulator_dev_release	16	static
core.c:1146:13:unset_regulator_supplies	48	static
core.c:167:12:regulator_check_voltage	16	static
core.c:1492:13:_regulator_put	48	static
core.c:1775:13:_regulator_enable_delay	32	static
core.c:494:16:num_users_show	16	static
core.c:327:16:name_show	16	static
core.c:527:16:regulator_suspend_disk_uV_show	16	static
core.c:517:16:regulator_suspend_mem_uV_show	16	static
core.c:537:16:regulator_suspend_standby_uV_show	16	static
core.c:479:16:regulator_total_uA_show	64	static
core.c:613:16:regulator_bypass_show	48	static
core.c:384:16:regulator_status_show	32	static
core.c:3976:19:regulator_init	48	static
core.c:3938:16:supply_map_read_file	96	static
core.c:2152:12:_regulator_is_enabled.part.12	16	static
core.c:1161:26:create_regulator	128	static
core.c:1324:26:_regulator_get	128	static
regulator.h:76:1:ftrace_define_fields_regulator_range	32	static
core.c:1803:12:_regulator_do_enable	80	static
core.c:502:16:type_show	0	static
core.c:336:16:regulator_print_opmode	0	static
core.c:558:16:regulator_suspend_disk_mode_show	16	static
core.c:547:16:regulator_suspend_mem_mode_show	16	static
core.c:569:16:regulator_suspend_standby_mode_show	16	static
core.c:351:16:regulator_opmode_show	64	static
core.c:370:16:regulator_state_show	48	static
core.c:443:16:regulator_max_uA_show	16	static
core.c:431:16:regulator_min_uA_show	16	static
core.c:467:16:regulator_max_uV_show	16	static
core.c:455:16:regulator_min_uV_show	16	static
core.c:1703:13:regulator_ena_gpio_free.isra.24	48	static
core.c:1939:12:_regulator_do_disable	64	static
core.c:3997:19:regulator_init_complete	96	static
core.c:580:16:regulator_suspend_mem_state_show	0	static
core.c:591:16:regulator_suspend_disk_state_show	0	static
core.c:602:16:regulator_suspend_standby_state_show	0	static
core.c:318:16:regulator_uA_show	64	static
core.c:1432:19:regulator_get	16	static
core.c:1459:19:regulator_get_exclusive	16	static
core.c:1485:19:regulator_get_optional	16	static
core.c:1526:6:regulator_put	32	static
core.c:1546:5:regulator_register_supply_alias	48	static
core.c:1582:6:regulator_unregister_supply_alias	16	static
core.c:1611:5:regulator_bulk_register_supply_alias	80	static
core.c:1651:6:regulator_bulk_unregister_supply_alias	48	static
core.c:2177:5:regulator_is_enabled	32	static
core.c:2201:5:regulator_can_change_voltage	0	static
core.c:2228:5:regulator_count_voltages	16	static
core.c:2252:5:regulator_list_voltage	64	static
core.c:2291:16:regulator_get_regmap	0	static
core.c:2312:5:regulator_get_hardware_vsel_register	0	static
core.c:2340:5:regulator_list_hardware_vsel	0	static
core.c:2362:14:regulator_get_linear_step	0	static
core.c:2664:5:regulator_set_voltage_time	80	static
core.c:2711:5:regulator_set_voltage_time_sel	64	static
core.c:2821:5:regulator_get_voltage	32	static
core.c:2786:12:_regulator_get_voltage	32	static
core.c:2464:12:_regulator_do_set_voltage	128	static
core.c:2747:5:regulator_sync_voltage	64	static
core.c:2588:5:regulator_set_voltage	80	static
core.c:774:13:print_constraints	224	static
core.c:304:16:regulator_uV_show	48	static
core.c:661:13:drms_uA_update	64	static
core.c:1871:12:_regulator_enable	32	static
core.c:1971:12:_regulator_disable	32	static
core.c:2020:5:regulator_disable	48	static
core.c:2127:5:regulator_disable_deferred	64	static
core.c:1914:5:regulator_enable	64	static
core.c:3226:13:regulator_bulk_enable_async	48	static
core.c:2065:5:regulator_force_disable	64	static
core.c:2083:13:regulator_disable_work	96	static
core.c:2379:5:regulator_is_supported_voltage	64	static
core.c:2851:5:regulator_set_current_limit	48	static
core.c:2904:5:regulator_get_current_limit	32	static
core.c:2921:5:regulator_set_mode	64	static
core.c:2980:14:regulator_get_mode	32	static
core.c:3012:5:regulator_set_optimum_mode	80	static
core.c:3099:5:regulator_allow_bypass	64	static
core.c:3148:5:regulator_register_notifier	16	static
core.c:3163:5:regulator_unregister_notifier	16	static
core.c:3195:5:regulator_bulk_get	64	static
core.c:3245:5:regulator_bulk_enable	112	static
core.c:3297:5:regulator_bulk_disable	80	static
core.c:3338:5:regulator_bulk_force_disable	48	static
core.c:3370:6:regulator_bulk_free	48	static
core.c:3392:5:regulator_notifier_call_chain	16	static
core.c:3408:5:regulator_mode_to_status	0	static
core.c:3571:1:regulator_register	160	static
core.c:3765:6:regulator_unregister	48	static
core.c:3796:5:regulator_suspend_prepare	64	static
core.c:3829:5:regulator_suspend_finish	80	static
core.c:3872:6:regulator_has_full_constraints	0	static
core.c:3885:7:rdev_get_drvdata	0	static
core.c:3898:7:regulator_get_drvdata	0	static
core.c:3909:6:regulator_set_drvdata	0	static
core.c:3919:5:rdev_get_id	0	static
core.c:3925:16:rdev_get_dev	0	static
core.c:3931:7:regulator_get_init_drvdata	0	static
