leds_strobe.c:127:12:LM3643_write_reg	48	static
leds_strobe.c:485:20:LM3643_exit	16	static
leds_strobe.c:433:12:LM3643_remove	32	static
leds_strobe.c:386:12:LM3643_probe	64	static
leds_strobe.c:474:19:LM3643_init	32	static
leds_strobe.c:621:22:ledTimeOutCallback	16	static
leds_strobe.c:745:12:constant_flashlight_release	48	static
leds_strobe.c:177:5:readReg	48	static
leds_strobe.c:188:5:writeReg	48	static
leds_strobe.c:215:5:flashEnable_LM3643_1	0	static
leds_strobe.c:228:5:flashDisable_LM3643_1	0	static
leds_strobe.c:235:5:setDuty_LM3643_1	16	static
leds_strobe.c:249:5:flashEnable_LM3643_2	32	static
leds_strobe.c:612:13:work_timeOutFunc	32	static
leds_strobe.c:311:5:flashDisable_LM3643_2	16	static
leds_strobe.c:318:5:setDuty_LM3643_2	48	static
leds_strobe.c:495:6:flash_set_i2c_gpio	48	static
leds_strobe.c:504:5:init_LM3643	64	static
leds_strobe.c:519:5:FL_Enable	16	static
leds_strobe.c:551:5:FL_Disable	16	static
leds_strobe.c:638:12:constant_flashlight_ioctl	48	static
leds_strobe.c:575:5:FL_dim_duty	32	static
leds_strobe.c:585:5:FL_Init	16	static
leds_strobe.c:599:5:FL_Uninit	16	static
leds_strobe.c:628:6:timerInit	32	static
leds_strobe.c:715:12:constant_flashlight_open	48	static
leds_strobe.c:777:9:constantFlashlightInit	0	static
leds_strobe.c:787:9:strobe_VDIrq	0	static
