udp.h:188:20:udp_lib_hash	16	static
udp.h:196:20:udp_lib_close	16	static
udplite.h:19:23:udplite_getfrag	16	static
udp.c:595:24:udpv6_err	16	static
udp.c:945:23:udpv6_rcv	16	static
udp.c:79:5:ipv6_rcv_saddr_equal	64	static
udp.c:380:5:udpv6_recvmsg	144	static
udp.c:571:12:__udpv6_queue_rcv_skb	48	static
udp.c:1011:12:udp_v6_push_pending_frames	80	static
udp.c:1400:5:udpv6_getsockopt	16	static
udp.c:1409:5:compat_udpv6_getsockopt	16	static
udp.c:1426:5:udp6_seq_show	16	static
udp.c:1468:6:udp_v6_clear_sk	32	static
udp.c:107:21:udp6_portaddr_hash.isra.21	0	static
udp.c:124:5:udp_v6_get_port	48	static
udp.c:136:13:udp_v6_rehash	32	static
udp.c:56:21:udp6_ehashfn.isra.24	64	static
udp.c:218:21:udp6_lib_lookup2.isra.25	128	static
udp.c:758:13:udp6_csum_zero_error	32	static
udp.c:1075:5:udpv6_sendmsg	320	static
udp.c:1380:5:udpv6_setsockopt	16	static
udp.c:1390:5:compat_udpv6_setsockopt	16	static
udp.c:1360:6:udpv6_destroy_sock	32	static
udp.c:272:14:__udp6_lib_lookup	112	static
udp.c:367:14:udp6_lib_lookup	16	static
udp.c:523:6:__udp6_lib_err	96	static
udp.c:603:6:udpv6_encap_enable	32	static
udp.c:610:5:udpv6_queue_rcv_skb	64	static
udp.c:731:13:flush_stack	112	static
udp.c:772:12:__udp6_lib_mcast_deliver.isra.31	384	static
udp.c:829:5:__udp6_lib_rcv	80	static
udp.c:1458:16:udp6_proc_init	16	static
udp.c:1463:6:udp6_proc_exit	16	static
udp.c:1521:12:udpv6_init	32	static
udp.c:1540:6:udpv6_exit	16	static
