gyroscope.c:428:16:gyro_store_flush	0	static
gyroscope.c:124:22:gyro_poll	16	static
gyroscope.c:166:12:gyro_real_enable	32	static
gyroscope.c:455:12:gyroscope_remove	16	static
gyroscope.c:461:12:gyroscope_probe	32	static
gyroscope.c:268:16:gyro_show_enable_nodata	16	static
gyroscope.c:374:16:gyro_show_delay	16	static
gyroscope.c:326:16:gyro_show_active	48	static
gyroscope.c:422:16:gyro_show_batch	16	static
gyroscope.c:438:16:gyro_show_flush	16	static
gyroscope.c:340:16:gyro_store_delay	80	static
gyroscope.c:444:16:gyro_show_devnum	48	static
gyroscope.c:779:19:gyro_init	96	static
gyroscope.c:383:16:gyro_store_batch	64	static
gyroscope.c:301:16:gyro_store_active	80	static
gyroscope.c:247:5:gyro_enable_nodata	16	static
gyroscope.c:277:16:gyro_store_enable_nodata	48	static
gyroscope.c:511:5:gyro_driver_add	48	static
gyroscope.c:621:5:gyro_register_data_path	32	static
gyroscope.c:637:5:gyro_register_control_path	32	static
gyroscope.c:696:5:gyro_data_report	80	static
gyroscope.c:58:13:gyro_work_func	96	static
gyroscope.c:791:20:gyro_exit	48	static
