quirks.c:67:12:ignore_interface_quirk	0	static
quirks.c:80:12:create_align_transfer_quirk	0	static
quirks.c:486:12:create_standard_mixer_quirk	16	static
quirks.c:89:12:create_any_midi_quirk	16	static
quirks.c:393:12:create_uaxx_quirk	48	static
quirks.c:125:12:create_fixed_stream_quirk	64	static
quirks.c:100:12:create_standard_audio_quirk	48	static
quirks.c:306:12:create_auto_midi_quirk.isra.9	48	static
quirks.c:43:12:create_composite_quirk	64	static
quirks.c:183:12:create_auto_pcm_quirk	48	static
quirks.c:354:12:create_autodetect_quirks	80	static
quirks.c:505:5:snd_usb_create_quirk	16	static
quirks.c:945:5:snd_usb_apply_interface_quirk	48	static
quirks.c:962:5:snd_usb_apply_boot_quirk	144	static
quirks.c:1016:5:snd_usb_is_big_endian_format	0	static
quirks.c:1092:6:snd_usb_set_format_quirk	32	static
quirks.c:1105:6:snd_usb_get_sample_rate_quirk	0	static
quirks.c:1133:5:snd_usb_select_mode_quirk	48	static
quirks.c:1164:6:snd_usb_endpoint_start_quirk	0	static
quirks.c:1187:6:snd_usb_set_interface_quirk	32	static
quirks.c:1197:6:snd_usb_ctl_msg_quirk	48	static
quirks.c:1233:5:snd_usb_interface_dsd_format_quirks	0	static
